// Jest Snapshot v1, https://goo.gl/fbAQLP

exports[`Component render prop applies custom renderer 1`] = `
<div
  className="sc-bxivhb hZVtJV"
>
  <div
    className="sc-ifAKCX birCBA"
  >
    <div
      className="sc-EHOje jKkuXM"
    >
      <h1
        className="sc-htoDjs ejORLp sc-bdVaJa ivqupp"
      />
      <div
        className="sc-dnqmqq bdfzhs"
      >
        <p
          className="sc-iwsKbI eywOxG"
        >
          9am
        </p>
      </div>
      <div
        className="sc-dnqmqq bdfzhs"
      >
        <p
          className="sc-iwsKbI eywOxG"
        >
          10am
        </p>
      </div>
      <div
        className="sc-dnqmqq bdfzhs"
      >
        <p
          className="sc-iwsKbI eywOxG"
        >
          11am
        </p>
      </div>
      <div
        className="sc-dnqmqq bdfzhs"
      >
        <p
          className="sc-iwsKbI eywOxG"
        >
          12pm
        </p>
      </div>
      <div
        className="sc-dnqmqq bdfzhs"
      >
        <p
          className="sc-iwsKbI eywOxG"
        >
          1pm
        </p>
      </div>
      <div
        className="sc-dnqmqq bdfzhs"
      >
        <p
          className="sc-iwsKbI eywOxG"
        >
          2pm
        </p>
      </div>
      <div
        className="sc-dnqmqq bdfzhs"
      >
        <p
          className="sc-iwsKbI eywOxG"
        >
          3pm
        </p>
      </div>
      <div
        className="sc-dnqmqq bdfzhs"
      >
        <p
          className="sc-iwsKbI eywOxG"
        >
          4pm
        </p>
      </div>
      <div
        className="sc-dnqmqq bdfzhs"
      >
        <p
          className="sc-iwsKbI eywOxG"
        >
          5pm
        </p>
      </div>
      <div
        className="sc-dnqmqq bdfzhs"
      >
        <p
          className="sc-iwsKbI eywOxG"
        >
          6pm
        </p>
      </div>
      <div
        className="sc-dnqmqq bdfzhs"
      >
        <p
          className="sc-iwsKbI eywOxG"
        >
          7pm
        </p>
      </div>
      <div
        className="sc-dnqmqq bdfzhs"
      >
        <p
          className="sc-iwsKbI eywOxG"
        >
          8pm
        </p>
      </div>
      <div
        className="sc-dnqmqq bdfzhs"
      >
        <p
          className="sc-iwsKbI eywOxG"
        >
          9pm
        </p>
      </div>
      <div
        className="sc-dnqmqq bdfzhs"
      >
        <p
          className="sc-iwsKbI eywOxG"
        >
          10pm
        </p>
      </div>
      <div
        className="sc-dnqmqq bdfzhs"
      >
        <p
          className="sc-iwsKbI eywOxG"
        >
          11pm
        </p>
      </div>
    </div>
    <div
      className="sc-EHOje jKkuXM"
    >
      <div
        className="sc-bZQynM gdFTey"
      >
        <h1
          className="sc-htoDjs ejORLp sc-bdVaJa ivqupp"
        >
          6/27
        </h1>
      </div>
      <div
        className="sc-bZQynM gdFTey"
        onMouseDown={[Function]}
        onMouseEnter={[Function]}
        onMouseUp={[Function]}
        onTouchEnd={[Function]}
        onTouchMove={[Function]}
        onTouchStart={[Function]}
        role="presentation"
      >
        <div
          className="false test-date-cell-renderer"
        >
          Wed Jun 27 2018
        </div>
      </div>
      <div
        className="sc-bZQynM gdFTey"
        onMouseDown={[Function]}
        onMouseEnter={[Function]}
        onMouseUp={[Function]}
        onTouchEnd={[Function]}
        onTouchMove={[Function]}
        onTouchStart={[Function]}
        role="presentation"
      >
        <div
          className="false test-date-cell-renderer"
        >
          Wed Jun 27 2018
        </div>
      </div>
      <div
        className="sc-bZQynM gdFTey"
        onMouseDown={[Function]}
        onMouseEnter={[Function]}
        onMouseUp={[Function]}
        onTouchEnd={[Function]}
        onTouchMove={[Function]}
        onTouchStart={[Function]}
        role="presentation"
      >
        <div
          className="false test-date-cell-renderer"
        >
          Wed Jun 27 2018
        </div>
      </div>
      <div
        className="sc-bZQynM gdFTey"
        onMouseDown={[Function]}
        onMouseEnter={[Function]}
        onMouseUp={[Function]}
        onTouchEnd={[Function]}
        onTouchMove={[Function]}
        onTouchStart={[Function]}
        role="presentation"
      >
        <div
          className="selected test-date-cell-renderer"
        >
          Wed Jun 27 2018
        </div>
      </div>
      <div
        className="sc-bZQynM gdFTey"
        onMouseDown={[Function]}
        onMouseEnter={[Function]}
        onMouseUp={[Function]}
        onTouchEnd={[Function]}
        onTouchMove={[Function]}
        onTouchStart={[Function]}
        role="presentation"
      >
        <div
          className="false test-date-cell-renderer"
        >
          Wed Jun 27 2018
        </div>
      </div>
      <div
        className="sc-bZQynM gdFTey"
        onMouseDown={[Function]}
        onMouseEnter={[Function]}
        onMouseUp={[Function]}
        onTouchEnd={[Function]}
        onTouchMove={[Function]}
        onTouchStart={[Function]}
        role="presentation"
      >
        <div
          className="false test-date-cell-renderer"
        >
          Wed Jun 27 2018
        </div>
      </div>
      <div
        className="sc-bZQynM gdFTey"
        onMouseDown={[Function]}
        onMouseEnter={[Function]}
        onMouseUp={[Function]}
        onTouchEnd={[Function]}
        onTouchMove={[Function]}
        onTouchStart={[Function]}
        role="presentation"
      >
        <div
          className="false test-date-cell-renderer"
        >
          Wed Jun 27 2018
        </div>
      </div>
      <div
        className="sc-bZQynM gdFTey"
        onMouseDown={[Function]}
        onMouseEnter={[Function]}
        onMouseUp={[Function]}
        onTouchEnd={[Function]}
        onTouchMove={[Function]}
        onTouchStart={[Function]}
        role="presentation"
      >
        <div
          className="false test-date-cell-renderer"
        >
          Wed Jun 27 2018
        </div>
      </div>
      <div
        className="sc-bZQynM gdFTey"
        onMouseDown={[Function]}
        onMouseEnter={[Function]}
        onMouseUp={[Function]}
        onTouchEnd={[Function]}
        onTouchMove={[Function]}
        onTouchStart={[Function]}
        role="presentation"
      >
        <div
          className="false test-date-cell-renderer"
        >
          Wed Jun 27 2018
        </div>
      </div>
      <div
        className="sc-bZQynM gdFTey"
        onMouseDown={[Function]}
        onMouseEnter={[Function]}
        onMouseUp={[Function]}
        onTouchEnd={[Function]}
        onTouchMove={[Function]}
        onTouchStart={[Function]}
        role="presentation"
      >
        <div
          className="false test-date-cell-renderer"
        >
          Wed Jun 27 2018
        </div>
      </div>
      <div
        className="sc-bZQynM gdFTey"
        onMouseDown={[Function]}
        onMouseEnter={[Function]}
        onMouseUp={[Function]}
        onTouchEnd={[Function]}
        onTouchMove={[Function]}
        onTouchStart={[Function]}
        role="presentation"
      >
        <div
          className="false test-date-cell-renderer"
        >
          Wed Jun 27 2018
        </div>
      </div>
      <div
        className="sc-bZQynM gdFTey"
        onMouseDown={[Function]}
        onMouseEnter={[Function]}
        onMouseUp={[Function]}
        onTouchEnd={[Function]}
        onTouchMove={[Function]}
        onTouchStart={[Function]}
        role="presentation"
      >
        <div
          className="false test-date-cell-renderer"
        >
          Wed Jun 27 2018
        </div>
      </div>
      <div
        className="sc-bZQynM gdFTey"
        onMouseDown={[Function]}
        onMouseEnter={[Function]}
        onMouseUp={[Function]}
        onTouchEnd={[Function]}
        onTouchMove={[Function]}
        onTouchStart={[Function]}
        role="presentation"
      >
        <div
          className="false test-date-cell-renderer"
        >
          Wed Jun 27 2018
        </div>
      </div>
      <div
        className="sc-bZQynM gdFTey"
        onMouseDown={[Function]}
        onMouseEnter={[Function]}
        onMouseUp={[Function]}
        onTouchEnd={[Function]}
        onTouchMove={[Function]}
        onTouchStart={[Function]}
        role="presentation"
      >
        <div
          className="false test-date-cell-renderer"
        >
          Wed Jun 27 2018
        </div>
      </div>
      <div
        className="sc-bZQynM gdFTey"
        onMouseDown={[Function]}
        onMouseEnter={[Function]}
        onMouseUp={[Function]}
        onTouchEnd={[Function]}
        onTouchMove={[Function]}
        onTouchStart={[Function]}
        role="presentation"
      >
        <div
          className="false test-date-cell-renderer"
        >
          Wed Jun 27 2018
        </div>
      </div>
    </div>
    <div
      className="sc-EHOje jKkuXM"
    >
      <div
        className="sc-bZQynM gdFTey"
      >
        <h1
          className="sc-htoDjs ejORLp sc-bdVaJa ivqupp"
        >
          6/28
        </h1>
      </div>
      <div
        className="sc-bZQynM gdFTey"
        onMouseDown={[Function]}
        onMouseEnter={[Function]}
        onMouseUp={[Function]}
        onTouchEnd={[Function]}
        onTouchMove={[Function]}
        onTouchStart={[Function]}
        role="presentation"
      >
        <div
          className="false test-date-cell-renderer"
        >
          Thu Jun 28 2018
        </div>
      </div>
      <div
        className="sc-bZQynM gdFTey"
        onMouseDown={[Function]}
        onMouseEnter={[Function]}
        onMouseUp={[Function]}
        onTouchEnd={[Function]}
        onTouchMove={[Function]}
        onTouchStart={[Function]}
        role="presentation"
      >
        <div
          className="false test-date-cell-renderer"
        >
          Thu Jun 28 2018
        </div>
      </div>
      <div
        className="sc-bZQynM gdFTey"
        onMouseDown={[Function]}
        onMouseEnter={[Function]}
        onMouseUp={[Function]}
        onTouchEnd={[Function]}
        onTouchMove={[Function]}
        onTouchStart={[Function]}
        role="presentation"
      >
        <div
          className="false test-date-cell-renderer"
        >
          Thu Jun 28 2018
        </div>
      </div>
      <div
        className="sc-bZQynM gdFTey"
        onMouseDown={[Function]}
        onMouseEnter={[Function]}
        onMouseUp={[Function]}
        onTouchEnd={[Function]}
        onTouchMove={[Function]}
        onTouchStart={[Function]}
        role="presentation"
      >
        <div
          className="false test-date-cell-renderer"
        >
          Thu Jun 28 2018
        </div>
      </div>
      <div
        className="sc-bZQynM gdFTey"
        onMouseDown={[Function]}
        onMouseEnter={[Function]}
        onMouseUp={[Function]}
        onTouchEnd={[Function]}
        onTouchMove={[Function]}
        onTouchStart={[Function]}
        role="presentation"
      >
        <div
          className="selected test-date-cell-renderer"
        >
          Thu Jun 28 2018
        </div>
      </div>
      <div
        className="sc-bZQynM gdFTey"
        onMouseDown={[Function]}
        onMouseEnter={[Function]}
        onMouseUp={[Function]}
        onTouchEnd={[Function]}
        onTouchMove={[Function]}
        onTouchStart={[Function]}
        role="presentation"
      >
        <div
          className="false test-date-cell-renderer"
        >
          Thu Jun 28 2018
        </div>
      </div>
      <div
        className="sc-bZQynM gdFTey"
        onMouseDown={[Function]}
        onMouseEnter={[Function]}
        onMouseUp={[Function]}
        onTouchEnd={[Function]}
        onTouchMove={[Function]}
        onTouchStart={[Function]}
        role="presentation"
      >
        <div
          className="false test-date-cell-renderer"
        >
          Thu Jun 28 2018
        </div>
      </div>
      <div
        className="sc-bZQynM gdFTey"
        onMouseDown={[Function]}
        onMouseEnter={[Function]}
        onMouseUp={[Function]}
        onTouchEnd={[Function]}
        onTouchMove={[Function]}
        onTouchStart={[Function]}
        role="presentation"
      >
        <div
          className="false test-date-cell-renderer"
        >
          Thu Jun 28 2018
        </div>
      </div>
      <div
        className="sc-bZQynM gdFTey"
        onMouseDown={[Function]}
        onMouseEnter={[Function]}
        onMouseUp={[Function]}
        onTouchEnd={[Function]}
        onTouchMove={[Function]}
        onTouchStart={[Function]}
        role="presentation"
      >
        <div
          className="false test-date-cell-renderer"
        >
          Thu Jun 28 2018
        </div>
      </div>
      <div
        className="sc-bZQynM gdFTey"
        onMouseDown={[Function]}
        onMouseEnter={[Function]}
        onMouseUp={[Function]}
        onTouchEnd={[Function]}
        onTouchMove={[Function]}
        onTouchStart={[Function]}
        role="presentation"
      >
        <div
          className="false test-date-cell-renderer"
        >
          Thu Jun 28 2018
        </div>
      </div>
      <div
        className="sc-bZQynM gdFTey"
        onMouseDown={[Function]}
        onMouseEnter={[Function]}
        onMouseUp={[Function]}
        onTouchEnd={[Function]}
        onTouchMove={[Function]}
        onTouchStart={[Function]}
        role="presentation"
      >
        <div
          className="false test-date-cell-renderer"
        >
          Thu Jun 28 2018
        </div>
      </div>
      <div
        className="sc-bZQynM gdFTey"
        onMouseDown={[Function]}
        onMouseEnter={[Function]}
        onMouseUp={[Function]}
        onTouchEnd={[Function]}
        onTouchMove={[Function]}
        onTouchStart={[Function]}
        role="presentation"
      >
        <div
          className="false test-date-cell-renderer"
        >
          Thu Jun 28 2018
        </div>
      </div>
      <div
        className="sc-bZQynM gdFTey"
        onMouseDown={[Function]}
        onMouseEnter={[Function]}
        onMouseUp={[Function]}
        onTouchEnd={[Function]}
        onTouchMove={[Function]}
        onTouchStart={[Function]}
        role="presentation"
      >
        <div
          className="false test-date-cell-renderer"
        >
          Thu Jun 28 2018
        </div>
      </div>
      <div
        className="sc-bZQynM gdFTey"
        onMouseDown={[Function]}
        onMouseEnter={[Function]}
        onMouseUp={[Function]}
        onTouchEnd={[Function]}
        onTouchMove={[Function]}
        onTouchStart={[Function]}
        role="presentation"
      >
        <div
          className="false test-date-cell-renderer"
        >
          Thu Jun 28 2018
        </div>
      </div>
      <div
        className="sc-bZQynM gdFTey"
        onMouseDown={[Function]}
        onMouseEnter={[Function]}
        onMouseUp={[Function]}
        onTouchEnd={[Function]}
        onTouchMove={[Function]}
        onTouchStart={[Function]}
        role="presentation"
      >
        <div
          className="false test-date-cell-renderer"
        >
          Thu Jun 28 2018
        </div>
      </div>
    </div>
    <div
      className="sc-EHOje jKkuXM"
    >
      <div
        className="sc-bZQynM gdFTey"
      >
        <h1
          className="sc-htoDjs ejORLp sc-bdVaJa ivqupp"
        >
          6/29
        </h1>
      </div>
      <div
        className="sc-bZQynM gdFTey"
        onMouseDown={[Function]}
        onMouseEnter={[Function]}
        onMouseUp={[Function]}
        onTouchEnd={[Function]}
        onTouchMove={[Function]}
        onTouchStart={[Function]}
        role="presentation"
      >
        <div
          className="false test-date-cell-renderer"
        >
          Fri Jun 29 2018
        </div>
      </div>
      <div
        className="sc-bZQynM gdFTey"
        onMouseDown={[Function]}
        onMouseEnter={[Function]}
        onMouseUp={[Function]}
        onTouchEnd={[Function]}
        onTouchMove={[Function]}
        onTouchStart={[Function]}
        role="presentation"
      >
        <div
          className="false test-date-cell-renderer"
        >
          Fri Jun 29 2018
        </div>
      </div>
      <div
        className="sc-bZQynM gdFTey"
        onMouseDown={[Function]}
        onMouseEnter={[Function]}
        onMouseUp={[Function]}
        onTouchEnd={[Function]}
        onTouchMove={[Function]}
        onTouchStart={[Function]}
        role="presentation"
      >
        <div
          className="false test-date-cell-renderer"
        >
          Fri Jun 29 2018
        </div>
      </div>
      <div
        className="sc-bZQynM gdFTey"
        onMouseDown={[Function]}
        onMouseEnter={[Function]}
        onMouseUp={[Function]}
        onTouchEnd={[Function]}
        onTouchMove={[Function]}
        onTouchStart={[Function]}
        role="presentation"
      >
        <div
          className="false test-date-cell-renderer"
        >
          Fri Jun 29 2018
        </div>
      </div>
      <div
        className="sc-bZQynM gdFTey"
        onMouseDown={[Function]}
        onMouseEnter={[Function]}
        onMouseUp={[Function]}
        onTouchEnd={[Function]}
        onTouchMove={[Function]}
        onTouchStart={[Function]}
        role="presentation"
      >
        <div
          className="false test-date-cell-renderer"
        >
          Fri Jun 29 2018
        </div>
      </div>
      <div
        className="sc-bZQynM gdFTey"
        onMouseDown={[Function]}
        onMouseEnter={[Function]}
        onMouseUp={[Function]}
        onTouchEnd={[Function]}
        onTouchMove={[Function]}
        onTouchStart={[Function]}
        role="presentation"
      >
        <div
          className="false test-date-cell-renderer"
        >
          Fri Jun 29 2018
        </div>
      </div>
      <div
        className="sc-bZQynM gdFTey"
        onMouseDown={[Function]}
        onMouseEnter={[Function]}
        onMouseUp={[Function]}
        onTouchEnd={[Function]}
        onTouchMove={[Function]}
        onTouchStart={[Function]}
        role="presentation"
      >
        <div
          className="false test-date-cell-renderer"
        >
          Fri Jun 29 2018
        </div>
      </div>
      <div
        className="sc-bZQynM gdFTey"
        onMouseDown={[Function]}
        onMouseEnter={[Function]}
        onMouseUp={[Function]}
        onTouchEnd={[Function]}
        onTouchMove={[Function]}
        onTouchStart={[Function]}
        role="presentation"
      >
        <div
          className="false test-date-cell-renderer"
        >
          Fri Jun 29 2018
        </div>
      </div>
      <div
        className="sc-bZQynM gdFTey"
        onMouseDown={[Function]}
        onMouseEnter={[Function]}
        onMouseUp={[Function]}
        onTouchEnd={[Function]}
        onTouchMove={[Function]}
        onTouchStart={[Function]}
        role="presentation"
      >
        <div
          className="false test-date-cell-renderer"
        >
          Fri Jun 29 2018
        </div>
      </div>
      <div
        className="sc-bZQynM gdFTey"
        onMouseDown={[Function]}
        onMouseEnter={[Function]}
        onMouseUp={[Function]}
        onTouchEnd={[Function]}
        onTouchMove={[Function]}
        onTouchStart={[Function]}
        role="presentation"
      >
        <div
          className="false test-date-cell-renderer"
        >
          Fri Jun 29 2018
        </div>
      </div>
      <div
        className="sc-bZQynM gdFTey"
        onMouseDown={[Function]}
        onMouseEnter={[Function]}
        onMouseUp={[Function]}
        onTouchEnd={[Function]}
        onTouchMove={[Function]}
        onTouchStart={[Function]}
        role="presentation"
      >
        <div
          className="false test-date-cell-renderer"
        >
          Fri Jun 29 2018
        </div>
      </div>
      <div
        className="sc-bZQynM gdFTey"
        onMouseDown={[Function]}
        onMouseEnter={[Function]}
        onMouseUp={[Function]}
        onTouchEnd={[Function]}
        onTouchMove={[Function]}
        onTouchStart={[Function]}
        role="presentation"
      >
        <div
          className="false test-date-cell-renderer"
        >
          Fri Jun 29 2018
        </div>
      </div>
      <div
        className="sc-bZQynM gdFTey"
        onMouseDown={[Function]}
        onMouseEnter={[Function]}
        onMouseUp={[Function]}
        onTouchEnd={[Function]}
        onTouchMove={[Function]}
        onTouchStart={[Function]}
        role="presentation"
      >
        <div
          className="false test-date-cell-renderer"
        >
          Fri Jun 29 2018
        </div>
      </div>
      <div
        className="sc-bZQynM gdFTey"
        onMouseDown={[Function]}
        onMouseEnter={[Function]}
        onMouseUp={[Function]}
        onTouchEnd={[Function]}
        onTouchMove={[Function]}
        onTouchStart={[Function]}
        role="presentation"
      >
        <div
          className="false test-date-cell-renderer"
        >
          Fri Jun 29 2018
        </div>
      </div>
      <div
        className="sc-bZQynM gdFTey"
        onMouseDown={[Function]}
        onMouseEnter={[Function]}
        onMouseUp={[Function]}
        onTouchEnd={[Function]}
        onTouchMove={[Function]}
        onTouchStart={[Function]}
        role="presentation"
      >
        <div
          className="false test-date-cell-renderer"
        >
          Fri Jun 29 2018
        </div>
      </div>
    </div>
    <div
      className="sc-EHOje jKkuXM"
    >
      <div
        className="sc-bZQynM gdFTey"
      >
        <h1
          className="sc-htoDjs ejORLp sc-bdVaJa ivqupp"
        >
          6/30
        </h1>
      </div>
      <div
        className="sc-bZQynM gdFTey"
        onMouseDown={[Function]}
        onMouseEnter={[Function]}
        onMouseUp={[Function]}
        onTouchEnd={[Function]}
        onTouchMove={[Function]}
        onTouchStart={[Function]}
        role="presentation"
      >
        <div
          className="false test-date-cell-renderer"
        >
          Sat Jun 30 2018
        </div>
      </div>
      <div
        className="sc-bZQynM gdFTey"
        onMouseDown={[Function]}
        onMouseEnter={[Function]}
        onMouseUp={[Function]}
        onTouchEnd={[Function]}
        onTouchMove={[Function]}
        onTouchStart={[Function]}
        role="presentation"
      >
        <div
          className="false test-date-cell-renderer"
        >
          Sat Jun 30 2018
        </div>
      </div>
      <div
        className="sc-bZQynM gdFTey"
        onMouseDown={[Function]}
        onMouseEnter={[Function]}
        onMouseUp={[Function]}
        onTouchEnd={[Function]}
        onTouchMove={[Function]}
        onTouchStart={[Function]}
        role="presentation"
      >
        <div
          className="false test-date-cell-renderer"
        >
          Sat Jun 30 2018
        </div>
      </div>
      <div
        className="sc-bZQynM gdFTey"
        onMouseDown={[Function]}
        onMouseEnter={[Function]}
        onMouseUp={[Function]}
        onTouchEnd={[Function]}
        onTouchMove={[Function]}
        onTouchStart={[Function]}
        role="presentation"
      >
        <div
          className="false test-date-cell-renderer"
        >
          Sat Jun 30 2018
        </div>
      </div>
      <div
        className="sc-bZQynM gdFTey"
        onMouseDown={[Function]}
        onMouseEnter={[Function]}
        onMouseUp={[Function]}
        onTouchEnd={[Function]}
        onTouchMove={[Function]}
        onTouchStart={[Function]}
        role="presentation"
      >
        <div
          className="false test-date-cell-renderer"
        >
          Sat Jun 30 2018
        </div>
      </div>
      <div
        className="sc-bZQynM gdFTey"
        onMouseDown={[Function]}
        onMouseEnter={[Function]}
        onMouseUp={[Function]}
        onTouchEnd={[Function]}
        onTouchMove={[Function]}
        onTouchStart={[Function]}
        role="presentation"
      >
        <div
          className="false test-date-cell-renderer"
        >
          Sat Jun 30 2018
        </div>
      </div>
      <div
        className="sc-bZQynM gdFTey"
        onMouseDown={[Function]}
        onMouseEnter={[Function]}
        onMouseUp={[Function]}
        onTouchEnd={[Function]}
        onTouchMove={[Function]}
        onTouchStart={[Function]}
        role="presentation"
      >
        <div
          className="false test-date-cell-renderer"
        >
          Sat Jun 30 2018
        </div>
      </div>
      <div
        className="sc-bZQynM gdFTey"
        onMouseDown={[Function]}
        onMouseEnter={[Function]}
        onMouseUp={[Function]}
        onTouchEnd={[Function]}
        onTouchMove={[Function]}
        onTouchStart={[Function]}
        role="presentation"
      >
        <div
          className="false test-date-cell-renderer"
        >
          Sat Jun 30 2018
        </div>
      </div>
      <div
        className="sc-bZQynM gdFTey"
        onMouseDown={[Function]}
        onMouseEnter={[Function]}
        onMouseUp={[Function]}
        onTouchEnd={[Function]}
        onTouchMove={[Function]}
        onTouchStart={[Function]}
        role="presentation"
      >
        <div
          className="false test-date-cell-renderer"
        >
          Sat Jun 30 2018
        </div>
      </div>
      <div
        className="sc-bZQynM gdFTey"
        onMouseDown={[Function]}
        onMouseEnter={[Function]}
        onMouseUp={[Function]}
        onTouchEnd={[Function]}
        onTouchMove={[Function]}
        onTouchStart={[Function]}
        role="presentation"
      >
        <div
          className="false test-date-cell-renderer"
        >
          Sat Jun 30 2018
        </div>
      </div>
      <div
        className="sc-bZQynM gdFTey"
        onMouseDown={[Function]}
        onMouseEnter={[Function]}
        onMouseUp={[Function]}
        onTouchEnd={[Function]}
        onTouchMove={[Function]}
        onTouchStart={[Function]}
        role="presentation"
      >
        <div
          className="false test-date-cell-renderer"
        >
          Sat Jun 30 2018
        </div>
      </div>
      <div
        className="sc-bZQynM gdFTey"
        onMouseDown={[Function]}
        onMouseEnter={[Function]}
        onMouseUp={[Function]}
        onTouchEnd={[Function]}
        onTouchMove={[Function]}
        onTouchStart={[Function]}
        role="presentation"
      >
        <div
          className="false test-date-cell-renderer"
        >
          Sat Jun 30 2018
        </div>
      </div>
      <div
        className="sc-bZQynM gdFTey"
        onMouseDown={[Function]}
        onMouseEnter={[Function]}
        onMouseUp={[Function]}
        onTouchEnd={[Function]}
        onTouchMove={[Function]}
        onTouchStart={[Function]}
        role="presentation"
      >
        <div
          className="false test-date-cell-renderer"
        >
          Sat Jun 30 2018
        </div>
      </div>
      <div
        className="sc-bZQynM gdFTey"
        onMouseDown={[Function]}
        onMouseEnter={[Function]}
        onMouseUp={[Function]}
        onTouchEnd={[Function]}
        onTouchMove={[Function]}
        onTouchStart={[Function]}
        role="presentation"
      >
        <div
          className="false test-date-cell-renderer"
        >
          Sat Jun 30 2018
        </div>
      </div>
      <div
        className="sc-bZQynM gdFTey"
        onMouseDown={[Function]}
        onMouseEnter={[Function]}
        onMouseUp={[Function]}
        onTouchEnd={[Function]}
        onTouchMove={[Function]}
        onTouchStart={[Function]}
        role="presentation"
      >
        <div
          className="false test-date-cell-renderer"
        >
          Sat Jun 30 2018
        </div>
      </div>
    </div>
    <div
      className="sc-EHOje jKkuXM"
    >
      <div
        className="sc-bZQynM gdFTey"
      >
        <h1
          className="sc-htoDjs ejORLp sc-bdVaJa ivqupp"
        >
          7/1
        </h1>
      </div>
      <div
        className="sc-bZQynM gdFTey"
        onMouseDown={[Function]}
        onMouseEnter={[Function]}
        onMouseUp={[Function]}
        onTouchEnd={[Function]}
        onTouchMove={[Function]}
        onTouchStart={[Function]}
        role="presentation"
      >
        <div
          className="false test-date-cell-renderer"
        >
          Sun Jul 01 2018
        </div>
      </div>
      <div
        className="sc-bZQynM gdFTey"
        onMouseDown={[Function]}
        onMouseEnter={[Function]}
        onMouseUp={[Function]}
        onTouchEnd={[Function]}
        onTouchMove={[Function]}
        onTouchStart={[Function]}
        role="presentation"
      >
        <div
          className="false test-date-cell-renderer"
        >
          Sun Jul 01 2018
        </div>
      </div>
      <div
        className="sc-bZQynM gdFTey"
        onMouseDown={[Function]}
        onMouseEnter={[Function]}
        onMouseUp={[Function]}
        onTouchEnd={[Function]}
        onTouchMove={[Function]}
        onTouchStart={[Function]}
        role="presentation"
      >
        <div
          className="false test-date-cell-renderer"
        >
          Sun Jul 01 2018
        </div>
      </div>
      <div
        className="sc-bZQynM gdFTey"
        onMouseDown={[Function]}
        onMouseEnter={[Function]}
        onMouseUp={[Function]}
        onTouchEnd={[Function]}
        onTouchMove={[Function]}
        onTouchStart={[Function]}
        role="presentation"
      >
        <div
          className="false test-date-cell-renderer"
        >
          Sun Jul 01 2018
        </div>
      </div>
      <div
        className="sc-bZQynM gdFTey"
        onMouseDown={[Function]}
        onMouseEnter={[Function]}
        onMouseUp={[Function]}
        onTouchEnd={[Function]}
        onTouchMove={[Function]}
        onTouchStart={[Function]}
        role="presentation"
      >
        <div
          className="false test-date-cell-renderer"
        >
          Sun Jul 01 2018
        </div>
      </div>
      <div
        className="sc-bZQynM gdFTey"
        onMouseDown={[Function]}
        onMouseEnter={[Function]}
        onMouseUp={[Function]}
        onTouchEnd={[Function]}
        onTouchMove={[Function]}
        onTouchStart={[Function]}
        role="presentation"
      >
        <div
          className="false test-date-cell-renderer"
        >
          Sun Jul 01 2018
        </div>
      </div>
      <div
        className="sc-bZQynM gdFTey"
        onMouseDown={[Function]}
        onMouseEnter={[Function]}
        onMouseUp={[Function]}
        onTouchEnd={[Function]}
        onTouchMove={[Function]}
        onTouchStart={[Function]}
        role="presentation"
      >
        <div
          className="false test-date-cell-renderer"
        >
          Sun Jul 01 2018
        </div>
      </div>
      <div
        className="sc-bZQynM gdFTey"
        onMouseDown={[Function]}
        onMouseEnter={[Function]}
        onMouseUp={[Function]}
        onTouchEnd={[Function]}
        onTouchMove={[Function]}
        onTouchStart={[Function]}
        role="presentation"
      >
        <div
          className="false test-date-cell-renderer"
        >
          Sun Jul 01 2018
        </div>
      </div>
      <div
        className="sc-bZQynM gdFTey"
        onMouseDown={[Function]}
        onMouseEnter={[Function]}
        onMouseUp={[Function]}
        onTouchEnd={[Function]}
        onTouchMove={[Function]}
        onTouchStart={[Function]}
        role="presentation"
      >
        <div
          className="false test-date-cell-renderer"
        >
          Sun Jul 01 2018
        </div>
      </div>
      <div
        className="sc-bZQynM gdFTey"
        onMouseDown={[Function]}
        onMouseEnter={[Function]}
        onMouseUp={[Function]}
        onTouchEnd={[Function]}
        onTouchMove={[Function]}
        onTouchStart={[Function]}
        role="presentation"
      >
        <div
          className="false test-date-cell-renderer"
        >
          Sun Jul 01 2018
        </div>
      </div>
      <div
        className="sc-bZQynM gdFTey"
        onMouseDown={[Function]}
        onMouseEnter={[Function]}
        onMouseUp={[Function]}
        onTouchEnd={[Function]}
        onTouchMove={[Function]}
        onTouchStart={[Function]}
        role="presentation"
      >
        <div
          className="false test-date-cell-renderer"
        >
          Sun Jul 01 2018
        </div>
      </div>
      <div
        className="sc-bZQynM gdFTey"
        onMouseDown={[Function]}
        onMouseEnter={[Function]}
        onMouseUp={[Function]}
        onTouchEnd={[Function]}
        onTouchMove={[Function]}
        onTouchStart={[Function]}
        role="presentation"
      >
        <div
          className="false test-date-cell-renderer"
        >
          Sun Jul 01 2018
        </div>
      </div>
      <div
        className="sc-bZQynM gdFTey"
        onMouseDown={[Function]}
        onMouseEnter={[Function]}
        onMouseUp={[Function]}
        onTouchEnd={[Function]}
        onTouchMove={[Function]}
        onTouchStart={[Function]}
        role="presentation"
      >
        <div
          className="false test-date-cell-renderer"
        >
          Sun Jul 01 2018
        </div>
      </div>
      <div
        className="sc-bZQynM gdFTey"
        onMouseDown={[Function]}
        onMouseEnter={[Function]}
        onMouseUp={[Function]}
        onTouchEnd={[Function]}
        onTouchMove={[Function]}
        onTouchStart={[Function]}
        role="presentation"
      >
        <div
          className="false test-date-cell-renderer"
        >
          Sun Jul 01 2018
        </div>
      </div>
      <div
        className="sc-bZQynM gdFTey"
        onMouseDown={[Function]}
        onMouseEnter={[Function]}
        onMouseUp={[Function]}
        onTouchEnd={[Function]}
        onTouchMove={[Function]}
        onTouchStart={[Function]}
        role="presentation"
      >
        <div
          className="false test-date-cell-renderer"
        >
          Sun Jul 01 2018
        </div>
      </div>
    </div>
    <div
      className="sc-EHOje jKkuXM"
    >
      <div
        className="sc-bZQynM gdFTey"
      >
        <h1
          className="sc-htoDjs ejORLp sc-bdVaJa ivqupp"
        >
          7/2
        </h1>
      </div>
      <div
        className="sc-bZQynM gdFTey"
        onMouseDown={[Function]}
        onMouseEnter={[Function]}
        onMouseUp={[Function]}
        onTouchEnd={[Function]}
        onTouchMove={[Function]}
        onTouchStart={[Function]}
        role="presentation"
      >
        <div
          className="false test-date-cell-renderer"
        >
          Mon Jul 02 2018
        </div>
      </div>
      <div
        className="sc-bZQynM gdFTey"
        onMouseDown={[Function]}
        onMouseEnter={[Function]}
        onMouseUp={[Function]}
        onTouchEnd={[Function]}
        onTouchMove={[Function]}
        onTouchStart={[Function]}
        role="presentation"
      >
        <div
          className="false test-date-cell-renderer"
        >
          Mon Jul 02 2018
        </div>
      </div>
      <div
        className="sc-bZQynM gdFTey"
        onMouseDown={[Function]}
        onMouseEnter={[Function]}
        onMouseUp={[Function]}
        onTouchEnd={[Function]}
        onTouchMove={[Function]}
        onTouchStart={[Function]}
        role="presentation"
      >
        <div
          className="false test-date-cell-renderer"
        >
          Mon Jul 02 2018
        </div>
      </div>
      <div
        className="sc-bZQynM gdFTey"
        onMouseDown={[Function]}
        onMouseEnter={[Function]}
        onMouseUp={[Function]}
        onTouchEnd={[Function]}
        onTouchMove={[Function]}
        onTouchStart={[Function]}
        role="presentation"
      >
        <div
          className="false test-date-cell-renderer"
        >
          Mon Jul 02 2018
        </div>
      </div>
      <div
        className="sc-bZQynM gdFTey"
        onMouseDown={[Function]}
        onMouseEnter={[Function]}
        onMouseUp={[Function]}
        onTouchEnd={[Function]}
        onTouchMove={[Function]}
        onTouchStart={[Function]}
        role="presentation"
      >
        <div
          className="false test-date-cell-renderer"
        >
          Mon Jul 02 2018
        </div>
      </div>
      <div
        className="sc-bZQynM gdFTey"
        onMouseDown={[Function]}
        onMouseEnter={[Function]}
        onMouseUp={[Function]}
        onTouchEnd={[Function]}
        onTouchMove={[Function]}
        onTouchStart={[Function]}
        role="presentation"
      >
        <div
          className="false test-date-cell-renderer"
        >
          Mon Jul 02 2018
        </div>
      </div>
      <div
        className="sc-bZQynM gdFTey"
        onMouseDown={[Function]}
        onMouseEnter={[Function]}
        onMouseUp={[Function]}
        onTouchEnd={[Function]}
        onTouchMove={[Function]}
        onTouchStart={[Function]}
        role="presentation"
      >
        <div
          className="false test-date-cell-renderer"
        >
          Mon Jul 02 2018
        </div>
      </div>
      <div
        className="sc-bZQynM gdFTey"
        onMouseDown={[Function]}
        onMouseEnter={[Function]}
        onMouseUp={[Function]}
        onTouchEnd={[Function]}
        onTouchMove={[Function]}
        onTouchStart={[Function]}
        role="presentation"
      >
        <div
          className="false test-date-cell-renderer"
        >
          Mon Jul 02 2018
        </div>
      </div>
      <div
        className="sc-bZQynM gdFTey"
        onMouseDown={[Function]}
        onMouseEnter={[Function]}
        onMouseUp={[Function]}
        onTouchEnd={[Function]}
        onTouchMove={[Function]}
        onTouchStart={[Function]}
        role="presentation"
      >
        <div
          className="false test-date-cell-renderer"
        >
          Mon Jul 02 2018
        </div>
      </div>
      <div
        className="sc-bZQynM gdFTey"
        onMouseDown={[Function]}
        onMouseEnter={[Function]}
        onMouseUp={[Function]}
        onTouchEnd={[Function]}
        onTouchMove={[Function]}
        onTouchStart={[Function]}
        role="presentation"
      >
        <div
          className="false test-date-cell-renderer"
        >
          Mon Jul 02 2018
        </div>
      </div>
      <div
        className="sc-bZQynM gdFTey"
        onMouseDown={[Function]}
        onMouseEnter={[Function]}
        onMouseUp={[Function]}
        onTouchEnd={[Function]}
        onTouchMove={[Function]}
        onTouchStart={[Function]}
        role="presentation"
      >
        <div
          className="false test-date-cell-renderer"
        >
          Mon Jul 02 2018
        </div>
      </div>
      <div
        className="sc-bZQynM gdFTey"
        onMouseDown={[Function]}
        onMouseEnter={[Function]}
        onMouseUp={[Function]}
        onTouchEnd={[Function]}
        onTouchMove={[Function]}
        onTouchStart={[Function]}
        role="presentation"
      >
        <div
          className="false test-date-cell-renderer"
        >
          Mon Jul 02 2018
        </div>
      </div>
      <div
        className="sc-bZQynM gdFTey"
        onMouseDown={[Function]}
        onMouseEnter={[Function]}
        onMouseUp={[Function]}
        onTouchEnd={[Function]}
        onTouchMove={[Function]}
        onTouchStart={[Function]}
        role="presentation"
      >
        <div
          className="false test-date-cell-renderer"
        >
          Mon Jul 02 2018
        </div>
      </div>
      <div
        className="sc-bZQynM gdFTey"
        onMouseDown={[Function]}
        onMouseEnter={[Function]}
        onMouseUp={[Function]}
        onTouchEnd={[Function]}
        onTouchMove={[Function]}
        onTouchStart={[Function]}
        role="presentation"
      >
        <div
          className="false test-date-cell-renderer"
        >
          Mon Jul 02 2018
        </div>
      </div>
      <div
        className="sc-bZQynM gdFTey"
        onMouseDown={[Function]}
        onMouseEnter={[Function]}
        onMouseUp={[Function]}
        onTouchEnd={[Function]}
        onTouchMove={[Function]}
        onTouchStart={[Function]}
        role="presentation"
      >
        <div
          className="false test-date-cell-renderer"
        >
          Mon Jul 02 2018
        </div>
      </div>
    </div>
    <div
      className="sc-EHOje jKkuXM"
    >
      <div
        className="sc-bZQynM gdFTey"
      >
        <h1
          className="sc-htoDjs ejORLp sc-bdVaJa ivqupp"
        >
          7/3
        </h1>
      </div>
      <div
        className="sc-bZQynM gdFTey"
        onMouseDown={[Function]}
        onMouseEnter={[Function]}
        onMouseUp={[Function]}
        onTouchEnd={[Function]}
        onTouchMove={[Function]}
        onTouchStart={[Function]}
        role="presentation"
      >
        <div
          className="false test-date-cell-renderer"
        >
          Tue Jul 03 2018
        </div>
      </div>
      <div
        className="sc-bZQynM gdFTey"
        onMouseDown={[Function]}
        onMouseEnter={[Function]}
        onMouseUp={[Function]}
        onTouchEnd={[Function]}
        onTouchMove={[Function]}
        onTouchStart={[Function]}
        role="presentation"
      >
        <div
          className="false test-date-cell-renderer"
        >
          Tue Jul 03 2018
        </div>
      </div>
      <div
        className="sc-bZQynM gdFTey"
        onMouseDown={[Function]}
        onMouseEnter={[Function]}
        onMouseUp={[Function]}
        onTouchEnd={[Function]}
        onTouchMove={[Function]}
        onTouchStart={[Function]}
        role="presentation"
      >
        <div
          className="false test-date-cell-renderer"
        >
          Tue Jul 03 2018
        </div>
      </div>
      <div
        className="sc-bZQynM gdFTey"
        onMouseDown={[Function]}
        onMouseEnter={[Function]}
        onMouseUp={[Function]}
        onTouchEnd={[Function]}
        onTouchMove={[Function]}
        onTouchStart={[Function]}
        role="presentation"
      >
        <div
          className="false test-date-cell-renderer"
        >
          Tue Jul 03 2018
        </div>
      </div>
      <div
        className="sc-bZQynM gdFTey"
        onMouseDown={[Function]}
        onMouseEnter={[Function]}
        onMouseUp={[Function]}
        onTouchEnd={[Function]}
        onTouchMove={[Function]}
        onTouchStart={[Function]}
        role="presentation"
      >
        <div
          className="false test-date-cell-renderer"
        >
          Tue Jul 03 2018
        </div>
      </div>
      <div
        className="sc-bZQynM gdFTey"
        onMouseDown={[Function]}
        onMouseEnter={[Function]}
        onMouseUp={[Function]}
        onTouchEnd={[Function]}
        onTouchMove={[Function]}
        onTouchStart={[Function]}
        role="presentation"
      >
        <div
          className="false test-date-cell-renderer"
        >
          Tue Jul 03 2018
        </div>
      </div>
      <div
        className="sc-bZQynM gdFTey"
        onMouseDown={[Function]}
        onMouseEnter={[Function]}
        onMouseUp={[Function]}
        onTouchEnd={[Function]}
        onTouchMove={[Function]}
        onTouchStart={[Function]}
        role="presentation"
      >
        <div
          className="false test-date-cell-renderer"
        >
          Tue Jul 03 2018
        </div>
      </div>
      <div
        className="sc-bZQynM gdFTey"
        onMouseDown={[Function]}
        onMouseEnter={[Function]}
        onMouseUp={[Function]}
        onTouchEnd={[Function]}
        onTouchMove={[Function]}
        onTouchStart={[Function]}
        role="presentation"
      >
        <div
          className="false test-date-cell-renderer"
        >
          Tue Jul 03 2018
        </div>
      </div>
      <div
        className="sc-bZQynM gdFTey"
        onMouseDown={[Function]}
        onMouseEnter={[Function]}
        onMouseUp={[Function]}
        onTouchEnd={[Function]}
        onTouchMove={[Function]}
        onTouchStart={[Function]}
        role="presentation"
      >
        <div
          className="false test-date-cell-renderer"
        >
          Tue Jul 03 2018
        </div>
      </div>
      <div
        className="sc-bZQynM gdFTey"
        onMouseDown={[Function]}
        onMouseEnter={[Function]}
        onMouseUp={[Function]}
        onTouchEnd={[Function]}
        onTouchMove={[Function]}
        onTouchStart={[Function]}
        role="presentation"
      >
        <div
          className="false test-date-cell-renderer"
        >
          Tue Jul 03 2018
        </div>
      </div>
      <div
        className="sc-bZQynM gdFTey"
        onMouseDown={[Function]}
        onMouseEnter={[Function]}
        onMouseUp={[Function]}
        onTouchEnd={[Function]}
        onTouchMove={[Function]}
        onTouchStart={[Function]}
        role="presentation"
      >
        <div
          className="false test-date-cell-renderer"
        >
          Tue Jul 03 2018
        </div>
      </div>
      <div
        className="sc-bZQynM gdFTey"
        onMouseDown={[Function]}
        onMouseEnter={[Function]}
        onMouseUp={[Function]}
        onTouchEnd={[Function]}
        onTouchMove={[Function]}
        onTouchStart={[Function]}
        role="presentation"
      >
        <div
          className="false test-date-cell-renderer"
        >
          Tue Jul 03 2018
        </div>
      </div>
      <div
        className="sc-bZQynM gdFTey"
        onMouseDown={[Function]}
        onMouseEnter={[Function]}
        onMouseUp={[Function]}
        onTouchEnd={[Function]}
        onTouchMove={[Function]}
        onTouchStart={[Function]}
        role="presentation"
      >
        <div
          className="false test-date-cell-renderer"
        >
          Tue Jul 03 2018
        </div>
      </div>
      <div
        className="sc-bZQynM gdFTey"
        onMouseDown={[Function]}
        onMouseEnter={[Function]}
        onMouseUp={[Function]}
        onTouchEnd={[Function]}
        onTouchMove={[Function]}
        onTouchStart={[Function]}
        role="presentation"
      >
        <div
          className="false test-date-cell-renderer"
        >
          Tue Jul 03 2018
        </div>
      </div>
      <div
        className="sc-bZQynM gdFTey"
        onMouseDown={[Function]}
        onMouseEnter={[Function]}
        onMouseUp={[Function]}
        onTouchEnd={[Function]}
        onTouchMove={[Function]}
        onTouchStart={[Function]}
        role="presentation"
      >
        <div
          className="false test-date-cell-renderer"
        >
          Tue Jul 03 2018
        </div>
      </div>
    </div>
  </div>
</div>
`;

exports[`Component renders correctly 1`] = `
<div
  className="sc-bxivhb hZVtJV"
>
  <div
    className="sc-ifAKCX birCBA"
  >
    <div
      className="sc-EHOje jKkuXM"
    >
      <h1
        className="sc-htoDjs ejORLp sc-bdVaJa ivqupp"
      />
      <div
        className="sc-dnqmqq bdfzhs"
      >
        <p
          className="sc-iwsKbI eywOxG"
        >
          9am
        </p>
      </div>
      <div
        className="sc-dnqmqq bdfzhs"
      >
        <p
          className="sc-iwsKbI eywOxG"
        >
          10am
        </p>
      </div>
      <div
        className="sc-dnqmqq bdfzhs"
      >
        <p
          className="sc-iwsKbI eywOxG"
        >
          11am
        </p>
      </div>
      <div
        className="sc-dnqmqq bdfzhs"
      >
        <p
          className="sc-iwsKbI eywOxG"
        >
          12pm
        </p>
      </div>
      <div
        className="sc-dnqmqq bdfzhs"
      >
        <p
          className="sc-iwsKbI eywOxG"
        >
          1pm
        </p>
      </div>
      <div
        className="sc-dnqmqq bdfzhs"
      >
        <p
          className="sc-iwsKbI eywOxG"
        >
          2pm
        </p>
      </div>
      <div
        className="sc-dnqmqq bdfzhs"
      >
        <p
          className="sc-iwsKbI eywOxG"
        >
          3pm
        </p>
      </div>
      <div
        className="sc-dnqmqq bdfzhs"
      >
        <p
          className="sc-iwsKbI eywOxG"
        >
          4pm
        </p>
      </div>
      <div
        className="sc-dnqmqq bdfzhs"
      >
        <p
          className="sc-iwsKbI eywOxG"
        >
          5pm
        </p>
      </div>
      <div
        className="sc-dnqmqq bdfzhs"
      >
        <p
          className="sc-iwsKbI eywOxG"
        >
          6pm
        </p>
      </div>
      <div
        className="sc-dnqmqq bdfzhs"
      >
        <p
          className="sc-iwsKbI eywOxG"
        >
          7pm
        </p>
      </div>
      <div
        className="sc-dnqmqq bdfzhs"
      >
        <p
          className="sc-iwsKbI eywOxG"
        >
          8pm
        </p>
      </div>
      <div
        className="sc-dnqmqq bdfzhs"
      >
        <p
          className="sc-iwsKbI eywOxG"
        >
          9pm
        </p>
      </div>
      <div
        className="sc-dnqmqq bdfzhs"
      >
        <p
          className="sc-iwsKbI eywOxG"
        >
          10pm
        </p>
      </div>
      <div
        className="sc-dnqmqq bdfzhs"
      >
        <p
          className="sc-iwsKbI eywOxG"
        >
          11pm
        </p>
      </div>
    </div>
    <div
      className="sc-EHOje jKkuXM"
    >
      <div
        className="sc-bZQynM gdFTey"
      >
        <h1
          className="sc-htoDjs ejORLp sc-bdVaJa ivqupp"
        >
          6/27
        </h1>
      </div>
      <div
        className="sc-bZQynM gdFTey"
        onMouseDown={[Function]}
        onMouseEnter={[Function]}
        onMouseUp={[Function]}
        onTouchEnd={[Function]}
        onTouchMove={[Function]}
        onTouchStart={[Function]}
        role="presentation"
      >
        <div
          className="sc-gzVnrw wOteY"
          selected={false}
        />
      </div>
      <div
        className="sc-bZQynM gdFTey"
        onMouseDown={[Function]}
        onMouseEnter={[Function]}
        onMouseUp={[Function]}
        onTouchEnd={[Function]}
        onTouchMove={[Function]}
        onTouchStart={[Function]}
        role="presentation"
      >
        <div
          className="sc-gzVnrw wOteY"
          selected={false}
        />
      </div>
      <div
        className="sc-bZQynM gdFTey"
        onMouseDown={[Function]}
        onMouseEnter={[Function]}
        onMouseUp={[Function]}
        onTouchEnd={[Function]}
        onTouchMove={[Function]}
        onTouchStart={[Function]}
        role="presentation"
      >
        <div
          className="sc-gzVnrw wOteY"
          selected={false}
        />
      </div>
      <div
        className="sc-bZQynM gdFTey"
        onMouseDown={[Function]}
        onMouseEnter={[Function]}
        onMouseUp={[Function]}
        onTouchEnd={[Function]}
        onTouchMove={[Function]}
        onTouchStart={[Function]}
        role="presentation"
      >
        <div
          className="sc-gzVnrw jZWPLq"
          selected={true}
        />
      </div>
      <div
        className="sc-bZQynM gdFTey"
        onMouseDown={[Function]}
        onMouseEnter={[Function]}
        onMouseUp={[Function]}
        onTouchEnd={[Function]}
        onTouchMove={[Function]}
        onTouchStart={[Function]}
        role="presentation"
      >
        <div
          className="sc-gzVnrw wOteY"
          selected={false}
        />
      </div>
      <div
        className="sc-bZQynM gdFTey"
        onMouseDown={[Function]}
        onMouseEnter={[Function]}
        onMouseUp={[Function]}
        onTouchEnd={[Function]}
        onTouchMove={[Function]}
        onTouchStart={[Function]}
        role="presentation"
      >
        <div
          className="sc-gzVnrw wOteY"
          selected={false}
        />
      </div>
      <div
        className="sc-bZQynM gdFTey"
        onMouseDown={[Function]}
        onMouseEnter={[Function]}
        onMouseUp={[Function]}
        onTouchEnd={[Function]}
        onTouchMove={[Function]}
        onTouchStart={[Function]}
        role="presentation"
      >
        <div
          className="sc-gzVnrw wOteY"
          selected={false}
        />
      </div>
      <div
        className="sc-bZQynM gdFTey"
        onMouseDown={[Function]}
        onMouseEnter={[Function]}
        onMouseUp={[Function]}
        onTouchEnd={[Function]}
        onTouchMove={[Function]}
        onTouchStart={[Function]}
        role="presentation"
      >
        <div
          className="sc-gzVnrw wOteY"
          selected={false}
        />
      </div>
      <div
        className="sc-bZQynM gdFTey"
        onMouseDown={[Function]}
        onMouseEnter={[Function]}
        onMouseUp={[Function]}
        onTouchEnd={[Function]}
        onTouchMove={[Function]}
        onTouchStart={[Function]}
        role="presentation"
      >
        <div
          className="sc-gzVnrw wOteY"
          selected={false}
        />
      </div>
      <div
        className="sc-bZQynM gdFTey"
        onMouseDown={[Function]}
        onMouseEnter={[Function]}
        onMouseUp={[Function]}
        onTouchEnd={[Function]}
        onTouchMove={[Function]}
        onTouchStart={[Function]}
        role="presentation"
      >
        <div
          className="sc-gzVnrw wOteY"
          selected={false}
        />
      </div>
      <div
        className="sc-bZQynM gdFTey"
        onMouseDown={[Function]}
        onMouseEnter={[Function]}
        onMouseUp={[Function]}
        onTouchEnd={[Function]}
        onTouchMove={[Function]}
        onTouchStart={[Function]}
        role="presentation"
      >
        <div
          className="sc-gzVnrw wOteY"
          selected={false}
        />
      </div>
      <div
        className="sc-bZQynM gdFTey"
        onMouseDown={[Function]}
        onMouseEnter={[Function]}
        onMouseUp={[Function]}
        onTouchEnd={[Function]}
        onTouchMove={[Function]}
        onTouchStart={[Function]}
        role="presentation"
      >
        <div
          className="sc-gzVnrw wOteY"
          selected={false}
        />
      </div>
      <div
        className="sc-bZQynM gdFTey"
        onMouseDown={[Function]}
        onMouseEnter={[Function]}
        onMouseUp={[Function]}
        onTouchEnd={[Function]}
        onTouchMove={[Function]}
        onTouchStart={[Function]}
        role="presentation"
      >
        <div
          className="sc-gzVnrw wOteY"
          selected={false}
        />
      </div>
      <div
        className="sc-bZQynM gdFTey"
        onMouseDown={[Function]}
        onMouseEnter={[Function]}
        onMouseUp={[Function]}
        onTouchEnd={[Function]}
        onTouchMove={[Function]}
        onTouchStart={[Function]}
        role="presentation"
      >
        <div
          className="sc-gzVnrw wOteY"
          selected={false}
        />
      </div>
      <div
        className="sc-bZQynM gdFTey"
        onMouseDown={[Function]}
        onMouseEnter={[Function]}
        onMouseUp={[Function]}
        onTouchEnd={[Function]}
        onTouchMove={[Function]}
        onTouchStart={[Function]}
        role="presentation"
      >
        <div
          className="sc-gzVnrw wOteY"
          selected={false}
        />
      </div>
    </div>
    <div
      className="sc-EHOje jKkuXM"
    >
      <div
        className="sc-bZQynM gdFTey"
      >
        <h1
          className="sc-htoDjs ejORLp sc-bdVaJa ivqupp"
        >
          6/28
        </h1>
      </div>
      <div
        className="sc-bZQynM gdFTey"
        onMouseDown={[Function]}
        onMouseEnter={[Function]}
        onMouseUp={[Function]}
        onTouchEnd={[Function]}
        onTouchMove={[Function]}
        onTouchStart={[Function]}
        role="presentation"
      >
        <div
          className="sc-gzVnrw wOteY"
          selected={false}
        />
      </div>
      <div
        className="sc-bZQynM gdFTey"
        onMouseDown={[Function]}
        onMouseEnter={[Function]}
        onMouseUp={[Function]}
        onTouchEnd={[Function]}
        onTouchMove={[Function]}
        onTouchStart={[Function]}
        role="presentation"
      >
        <div
          className="sc-gzVnrw wOteY"
          selected={false}
        />
      </div>
      <div
        className="sc-bZQynM gdFTey"
        onMouseDown={[Function]}
        onMouseEnter={[Function]}
        onMouseUp={[Function]}
        onTouchEnd={[Function]}
        onTouchMove={[Function]}
        onTouchStart={[Function]}
        role="presentation"
      >
        <div
          className="sc-gzVnrw wOteY"
          selected={false}
        />
      </div>
      <div
        className="sc-bZQynM gdFTey"
        onMouseDown={[Function]}
        onMouseEnter={[Function]}
        onMouseUp={[Function]}
        onTouchEnd={[Function]}
        onTouchMove={[Function]}
        onTouchStart={[Function]}
        role="presentation"
      >
        <div
          className="sc-gzVnrw wOteY"
          selected={false}
        />
      </div>
      <div
        className="sc-bZQynM gdFTey"
        onMouseDown={[Function]}
        onMouseEnter={[Function]}
        onMouseUp={[Function]}
        onTouchEnd={[Function]}
        onTouchMove={[Function]}
        onTouchStart={[Function]}
        role="presentation"
      >
        <div
          className="sc-gzVnrw jZWPLq"
          selected={true}
        />
      </div>
      <div
        className="sc-bZQynM gdFTey"
        onMouseDown={[Function]}
        onMouseEnter={[Function]}
        onMouseUp={[Function]}
        onTouchEnd={[Function]}
        onTouchMove={[Function]}
        onTouchStart={[Function]}
        role="presentation"
      >
        <div
          className="sc-gzVnrw wOteY"
          selected={false}
        />
      </div>
      <div
        className="sc-bZQynM gdFTey"
        onMouseDown={[Function]}
        onMouseEnter={[Function]}
        onMouseUp={[Function]}
        onTouchEnd={[Function]}
        onTouchMove={[Function]}
        onTouchStart={[Function]}
        role="presentation"
      >
        <div
          className="sc-gzVnrw wOteY"
          selected={false}
        />
      </div>
      <div
        className="sc-bZQynM gdFTey"
        onMouseDown={[Function]}
        onMouseEnter={[Function]}
        onMouseUp={[Function]}
        onTouchEnd={[Function]}
        onTouchMove={[Function]}
        onTouchStart={[Function]}
        role="presentation"
      >
        <div
          className="sc-gzVnrw wOteY"
          selected={false}
        />
      </div>
      <div
        className="sc-bZQynM gdFTey"
        onMouseDown={[Function]}
        onMouseEnter={[Function]}
        onMouseUp={[Function]}
        onTouchEnd={[Function]}
        onTouchMove={[Function]}
        onTouchStart={[Function]}
        role="presentation"
      >
        <div
          className="sc-gzVnrw wOteY"
          selected={false}
        />
      </div>
      <div
        className="sc-bZQynM gdFTey"
        onMouseDown={[Function]}
        onMouseEnter={[Function]}
        onMouseUp={[Function]}
        onTouchEnd={[Function]}
        onTouchMove={[Function]}
        onTouchStart={[Function]}
        role="presentation"
      >
        <div
          className="sc-gzVnrw wOteY"
          selected={false}
        />
      </div>
      <div
        className="sc-bZQynM gdFTey"
        onMouseDown={[Function]}
        onMouseEnter={[Function]}
        onMouseUp={[Function]}
        onTouchEnd={[Function]}
        onTouchMove={[Function]}
        onTouchStart={[Function]}
        role="presentation"
      >
        <div
          className="sc-gzVnrw wOteY"
          selected={false}
        />
      </div>
      <div
        className="sc-bZQynM gdFTey"
        onMouseDown={[Function]}
        onMouseEnter={[Function]}
        onMouseUp={[Function]}
        onTouchEnd={[Function]}
        onTouchMove={[Function]}
        onTouchStart={[Function]}
        role="presentation"
      >
        <div
          className="sc-gzVnrw wOteY"
          selected={false}
        />
      </div>
      <div
        className="sc-bZQynM gdFTey"
        onMouseDown={[Function]}
        onMouseEnter={[Function]}
        onMouseUp={[Function]}
        onTouchEnd={[Function]}
        onTouchMove={[Function]}
        onTouchStart={[Function]}
        role="presentation"
      >
        <div
          className="sc-gzVnrw wOteY"
          selected={false}
        />
      </div>
      <div
        className="sc-bZQynM gdFTey"
        onMouseDown={[Function]}
        onMouseEnter={[Function]}
        onMouseUp={[Function]}
        onTouchEnd={[Function]}
        onTouchMove={[Function]}
        onTouchStart={[Function]}
        role="presentation"
      >
        <div
          className="sc-gzVnrw wOteY"
          selected={false}
        />
      </div>
      <div
        className="sc-bZQynM gdFTey"
        onMouseDown={[Function]}
        onMouseEnter={[Function]}
        onMouseUp={[Function]}
        onTouchEnd={[Function]}
        onTouchMove={[Function]}
        onTouchStart={[Function]}
        role="presentation"
      >
        <div
          className="sc-gzVnrw wOteY"
          selected={false}
        />
      </div>
    </div>
    <div
      className="sc-EHOje jKkuXM"
    >
      <div
        className="sc-bZQynM gdFTey"
      >
        <h1
          className="sc-htoDjs ejORLp sc-bdVaJa ivqupp"
        >
          6/29
        </h1>
      </div>
      <div
        className="sc-bZQynM gdFTey"
        onMouseDown={[Function]}
        onMouseEnter={[Function]}
        onMouseUp={[Function]}
        onTouchEnd={[Function]}
        onTouchMove={[Function]}
        onTouchStart={[Function]}
        role="presentation"
      >
        <div
          className="sc-gzVnrw wOteY"
          selected={false}
        />
      </div>
      <div
        className="sc-bZQynM gdFTey"
        onMouseDown={[Function]}
        onMouseEnter={[Function]}
        onMouseUp={[Function]}
        onTouchEnd={[Function]}
        onTouchMove={[Function]}
        onTouchStart={[Function]}
        role="presentation"
      >
        <div
          className="sc-gzVnrw wOteY"
          selected={false}
        />
      </div>
      <div
        className="sc-bZQynM gdFTey"
        onMouseDown={[Function]}
        onMouseEnter={[Function]}
        onMouseUp={[Function]}
        onTouchEnd={[Function]}
        onTouchMove={[Function]}
        onTouchStart={[Function]}
        role="presentation"
      >
        <div
          className="sc-gzVnrw wOteY"
          selected={false}
        />
      </div>
      <div
        className="sc-bZQynM gdFTey"
        onMouseDown={[Function]}
        onMouseEnter={[Function]}
        onMouseUp={[Function]}
        onTouchEnd={[Function]}
        onTouchMove={[Function]}
        onTouchStart={[Function]}
        role="presentation"
      >
        <div
          className="sc-gzVnrw wOteY"
          selected={false}
        />
      </div>
      <div
        className="sc-bZQynM gdFTey"
        onMouseDown={[Function]}
        onMouseEnter={[Function]}
        onMouseUp={[Function]}
        onTouchEnd={[Function]}
        onTouchMove={[Function]}
        onTouchStart={[Function]}
        role="presentation"
      >
        <div
          className="sc-gzVnrw wOteY"
          selected={false}
        />
      </div>
      <div
        className="sc-bZQynM gdFTey"
        onMouseDown={[Function]}
        onMouseEnter={[Function]}
        onMouseUp={[Function]}
        onTouchEnd={[Function]}
        onTouchMove={[Function]}
        onTouchStart={[Function]}
        role="presentation"
      >
        <div
          className="sc-gzVnrw wOteY"
          selected={false}
        />
      </div>
      <div
        className="sc-bZQynM gdFTey"
        onMouseDown={[Function]}
        onMouseEnter={[Function]}
        onMouseUp={[Function]}
        onTouchEnd={[Function]}
        onTouchMove={[Function]}
        onTouchStart={[Function]}
        role="presentation"
      >
        <div
          className="sc-gzVnrw wOteY"
          selected={false}
        />
      </div>
      <div
        className="sc-bZQynM gdFTey"
        onMouseDown={[Function]}
        onMouseEnter={[Function]}
        onMouseUp={[Function]}
        onTouchEnd={[Function]}
        onTouchMove={[Function]}
        onTouchStart={[Function]}
        role="presentation"
      >
        <div
          className="sc-gzVnrw wOteY"
          selected={false}
        />
      </div>
      <div
        className="sc-bZQynM gdFTey"
        onMouseDown={[Function]}
        onMouseEnter={[Function]}
        onMouseUp={[Function]}
        onTouchEnd={[Function]}
        onTouchMove={[Function]}
        onTouchStart={[Function]}
        role="presentation"
      >
        <div
          className="sc-gzVnrw wOteY"
          selected={false}
        />
      </div>
      <div
        className="sc-bZQynM gdFTey"
        onMouseDown={[Function]}
        onMouseEnter={[Function]}
        onMouseUp={[Function]}
        onTouchEnd={[Function]}
        onTouchMove={[Function]}
        onTouchStart={[Function]}
        role="presentation"
      >
        <div
          className="sc-gzVnrw wOteY"
          selected={false}
        />
      </div>
      <div
        className="sc-bZQynM gdFTey"
        onMouseDown={[Function]}
        onMouseEnter={[Function]}
        onMouseUp={[Function]}
        onTouchEnd={[Function]}
        onTouchMove={[Function]}
        onTouchStart={[Function]}
        role="presentation"
      >
        <div
          className="sc-gzVnrw wOteY"
          selected={false}
        />
      </div>
      <div
        className="sc-bZQynM gdFTey"
        onMouseDown={[Function]}
        onMouseEnter={[Function]}
        onMouseUp={[Function]}
        onTouchEnd={[Function]}
        onTouchMove={[Function]}
        onTouchStart={[Function]}
        role="presentation"
      >
        <div
          className="sc-gzVnrw wOteY"
          selected={false}
        />
      </div>
      <div
        className="sc-bZQynM gdFTey"
        onMouseDown={[Function]}
        onMouseEnter={[Function]}
        onMouseUp={[Function]}
        onTouchEnd={[Function]}
        onTouchMove={[Function]}
        onTouchStart={[Function]}
        role="presentation"
      >
        <div
          className="sc-gzVnrw wOteY"
          selected={false}
        />
      </div>
      <div
        className="sc-bZQynM gdFTey"
        onMouseDown={[Function]}
        onMouseEnter={[Function]}
        onMouseUp={[Function]}
        onTouchEnd={[Function]}
        onTouchMove={[Function]}
        onTouchStart={[Function]}
        role="presentation"
      >
        <div
          className="sc-gzVnrw wOteY"
          selected={false}
        />
      </div>
      <div
        className="sc-bZQynM gdFTey"
        onMouseDown={[Function]}
        onMouseEnter={[Function]}
        onMouseUp={[Function]}
        onTouchEnd={[Function]}
        onTouchMove={[Function]}
        onTouchStart={[Function]}
        role="presentation"
      >
        <div
          className="sc-gzVnrw wOteY"
          selected={false}
        />
      </div>
    </div>
    <div
      className="sc-EHOje jKkuXM"
    >
      <div
        className="sc-bZQynM gdFTey"
      >
        <h1
          className="sc-htoDjs ejORLp sc-bdVaJa ivqupp"
        >
          6/30
        </h1>
      </div>
      <div
        className="sc-bZQynM gdFTey"
        onMouseDown={[Function]}
        onMouseEnter={[Function]}
        onMouseUp={[Function]}
        onTouchEnd={[Function]}
        onTouchMove={[Function]}
        onTouchStart={[Function]}
        role="presentation"
      >
        <div
          className="sc-gzVnrw wOteY"
          selected={false}
        />
      </div>
      <div
        className="sc-bZQynM gdFTey"
        onMouseDown={[Function]}
        onMouseEnter={[Function]}
        onMouseUp={[Function]}
        onTouchEnd={[Function]}
        onTouchMove={[Function]}
        onTouchStart={[Function]}
        role="presentation"
      >
        <div
          className="sc-gzVnrw wOteY"
          selected={false}
        />
      </div>
      <div
        className="sc-bZQynM gdFTey"
        onMouseDown={[Function]}
        onMouseEnter={[Function]}
        onMouseUp={[Function]}
        onTouchEnd={[Function]}
        onTouchMove={[Function]}
        onTouchStart={[Function]}
        role="presentation"
      >
        <div
          className="sc-gzVnrw wOteY"
          selected={false}
        />
      </div>
      <div
        className="sc-bZQynM gdFTey"
        onMouseDown={[Function]}
        onMouseEnter={[Function]}
        onMouseUp={[Function]}
        onTouchEnd={[Function]}
        onTouchMove={[Function]}
        onTouchStart={[Function]}
        role="presentation"
      >
        <div
          className="sc-gzVnrw wOteY"
          selected={false}
        />
      </div>
      <div
        className="sc-bZQynM gdFTey"
        onMouseDown={[Function]}
        onMouseEnter={[Function]}
        onMouseUp={[Function]}
        onTouchEnd={[Function]}
        onTouchMove={[Function]}
        onTouchStart={[Function]}
        role="presentation"
      >
        <div
          className="sc-gzVnrw wOteY"
          selected={false}
        />
      </div>
      <div
        className="sc-bZQynM gdFTey"
        onMouseDown={[Function]}
        onMouseEnter={[Function]}
        onMouseUp={[Function]}
        onTouchEnd={[Function]}
        onTouchMove={[Function]}
        onTouchStart={[Function]}
        role="presentation"
      >
        <div
          className="sc-gzVnrw wOteY"
          selected={false}
        />
      </div>
      <div
        className="sc-bZQynM gdFTey"
        onMouseDown={[Function]}
        onMouseEnter={[Function]}
        onMouseUp={[Function]}
        onTouchEnd={[Function]}
        onTouchMove={[Function]}
        onTouchStart={[Function]}
        role="presentation"
      >
        <div
          className="sc-gzVnrw wOteY"
          selected={false}
        />
      </div>
      <div
        className="sc-bZQynM gdFTey"
        onMouseDown={[Function]}
        onMouseEnter={[Function]}
        onMouseUp={[Function]}
        onTouchEnd={[Function]}
        onTouchMove={[Function]}
        onTouchStart={[Function]}
        role="presentation"
      >
        <div
          className="sc-gzVnrw wOteY"
          selected={false}
        />
      </div>
      <div
        className="sc-bZQynM gdFTey"
        onMouseDown={[Function]}
        onMouseEnter={[Function]}
        onMouseUp={[Function]}
        onTouchEnd={[Function]}
        onTouchMove={[Function]}
        onTouchStart={[Function]}
        role="presentation"
      >
        <div
          className="sc-gzVnrw wOteY"
          selected={false}
        />
      </div>
      <div
        className="sc-bZQynM gdFTey"
        onMouseDown={[Function]}
        onMouseEnter={[Function]}
        onMouseUp={[Function]}
        onTouchEnd={[Function]}
        onTouchMove={[Function]}
        onTouchStart={[Function]}
        role="presentation"
      >
        <div
          className="sc-gzVnrw wOteY"
          selected={false}
        />
      </div>
      <div
        className="sc-bZQynM gdFTey"
        onMouseDown={[Function]}
        onMouseEnter={[Function]}
        onMouseUp={[Function]}
        onTouchEnd={[Function]}
        onTouchMove={[Function]}
        onTouchStart={[Function]}
        role="presentation"
      >
        <div
          className="sc-gzVnrw wOteY"
          selected={false}
        />
      </div>
      <div
        className="sc-bZQynM gdFTey"
        onMouseDown={[Function]}
        onMouseEnter={[Function]}
        onMouseUp={[Function]}
        onTouchEnd={[Function]}
        onTouchMove={[Function]}
        onTouchStart={[Function]}
        role="presentation"
      >
        <div
          className="sc-gzVnrw wOteY"
          selected={false}
        />
      </div>
      <div
        className="sc-bZQynM gdFTey"
        onMouseDown={[Function]}
        onMouseEnter={[Function]}
        onMouseUp={[Function]}
        onTouchEnd={[Function]}
        onTouchMove={[Function]}
        onTouchStart={[Function]}
        role="presentation"
      >
        <div
          className="sc-gzVnrw wOteY"
          selected={false}
        />
      </div>
      <div
        className="sc-bZQynM gdFTey"
        onMouseDown={[Function]}
        onMouseEnter={[Function]}
        onMouseUp={[Function]}
        onTouchEnd={[Function]}
        onTouchMove={[Function]}
        onTouchStart={[Function]}
        role="presentation"
      >
        <div
          className="sc-gzVnrw wOteY"
          selected={false}
        />
      </div>
      <div
        className="sc-bZQynM gdFTey"
        onMouseDown={[Function]}
        onMouseEnter={[Function]}
        onMouseUp={[Function]}
        onTouchEnd={[Function]}
        onTouchMove={[Function]}
        onTouchStart={[Function]}
        role="presentation"
      >
        <div
          className="sc-gzVnrw wOteY"
          selected={false}
        />
      </div>
    </div>
    <div
      className="sc-EHOje jKkuXM"
    >
      <div
        className="sc-bZQynM gdFTey"
      >
        <h1
          className="sc-htoDjs ejORLp sc-bdVaJa ivqupp"
        >
          7/1
        </h1>
      </div>
      <div
        className="sc-bZQynM gdFTey"
        onMouseDown={[Function]}
        onMouseEnter={[Function]}
        onMouseUp={[Function]}
        onTouchEnd={[Function]}
        onTouchMove={[Function]}
        onTouchStart={[Function]}
        role="presentation"
      >
        <div
          className="sc-gzVnrw wOteY"
          selected={false}
        />
      </div>
      <div
        className="sc-bZQynM gdFTey"
        onMouseDown={[Function]}
        onMouseEnter={[Function]}
        onMouseUp={[Function]}
        onTouchEnd={[Function]}
        onTouchMove={[Function]}
        onTouchStart={[Function]}
        role="presentation"
      >
        <div
          className="sc-gzVnrw wOteY"
          selected={false}
        />
      </div>
      <div
        className="sc-bZQynM gdFTey"
        onMouseDown={[Function]}
        onMouseEnter={[Function]}
        onMouseUp={[Function]}
        onTouchEnd={[Function]}
        onTouchMove={[Function]}
        onTouchStart={[Function]}
        role="presentation"
      >
        <div
          className="sc-gzVnrw wOteY"
          selected={false}
        />
      </div>
      <div
        className="sc-bZQynM gdFTey"
        onMouseDown={[Function]}
        onMouseEnter={[Function]}
        onMouseUp={[Function]}
        onTouchEnd={[Function]}
        onTouchMove={[Function]}
        onTouchStart={[Function]}
        role="presentation"
      >
        <div
          className="sc-gzVnrw wOteY"
          selected={false}
        />
      </div>
      <div
        className="sc-bZQynM gdFTey"
        onMouseDown={[Function]}
        onMouseEnter={[Function]}
        onMouseUp={[Function]}
        onTouchEnd={[Function]}
        onTouchMove={[Function]}
        onTouchStart={[Function]}
        role="presentation"
      >
        <div
          className="sc-gzVnrw wOteY"
          selected={false}
        />
      </div>
      <div
        className="sc-bZQynM gdFTey"
        onMouseDown={[Function]}
        onMouseEnter={[Function]}
        onMouseUp={[Function]}
        onTouchEnd={[Function]}
        onTouchMove={[Function]}
        onTouchStart={[Function]}
        role="presentation"
      >
        <div
          className="sc-gzVnrw wOteY"
          selected={false}
        />
      </div>
      <div
        className="sc-bZQynM gdFTey"
        onMouseDown={[Function]}
        onMouseEnter={[Function]}
        onMouseUp={[Function]}
        onTouchEnd={[Function]}
        onTouchMove={[Function]}
        onTouchStart={[Function]}
        role="presentation"
      >
        <div
          className="sc-gzVnrw wOteY"
          selected={false}
        />
      </div>
      <div
        className="sc-bZQynM gdFTey"
        onMouseDown={[Function]}
        onMouseEnter={[Function]}
        onMouseUp={[Function]}
        onTouchEnd={[Function]}
        onTouchMove={[Function]}
        onTouchStart={[Function]}
        role="presentation"
      >
        <div
          className="sc-gzVnrw wOteY"
          selected={false}
        />
      </div>
      <div
        className="sc-bZQynM gdFTey"
        onMouseDown={[Function]}
        onMouseEnter={[Function]}
        onMouseUp={[Function]}
        onTouchEnd={[Function]}
        onTouchMove={[Function]}
        onTouchStart={[Function]}
        role="presentation"
      >
        <div
          className="sc-gzVnrw wOteY"
          selected={false}
        />
      </div>
      <div
        className="sc-bZQynM gdFTey"
        onMouseDown={[Function]}
        onMouseEnter={[Function]}
        onMouseUp={[Function]}
        onTouchEnd={[Function]}
        onTouchMove={[Function]}
        onTouchStart={[Function]}
        role="presentation"
      >
        <div
          className="sc-gzVnrw wOteY"
          selected={false}
        />
      </div>
      <div
        className="sc-bZQynM gdFTey"
        onMouseDown={[Function]}
        onMouseEnter={[Function]}
        onMouseUp={[Function]}
        onTouchEnd={[Function]}
        onTouchMove={[Function]}
        onTouchStart={[Function]}
        role="presentation"
      >
        <div
          className="sc-gzVnrw wOteY"
          selected={false}
        />
      </div>
      <div
        className="sc-bZQynM gdFTey"
        onMouseDown={[Function]}
        onMouseEnter={[Function]}
        onMouseUp={[Function]}
        onTouchEnd={[Function]}
        onTouchMove={[Function]}
        onTouchStart={[Function]}
        role="presentation"
      >
        <div
          className="sc-gzVnrw wOteY"
          selected={false}
        />
      </div>
      <div
        className="sc-bZQynM gdFTey"
        onMouseDown={[Function]}
        onMouseEnter={[Function]}
        onMouseUp={[Function]}
        onTouchEnd={[Function]}
        onTouchMove={[Function]}
        onTouchStart={[Function]}
        role="presentation"
      >
        <div
          className="sc-gzVnrw wOteY"
          selected={false}
        />
      </div>
      <div
        className="sc-bZQynM gdFTey"
        onMouseDown={[Function]}
        onMouseEnter={[Function]}
        onMouseUp={[Function]}
        onTouchEnd={[Function]}
        onTouchMove={[Function]}
        onTouchStart={[Function]}
        role="presentation"
      >
        <div
          className="sc-gzVnrw wOteY"
          selected={false}
        />
      </div>
      <div
        className="sc-bZQynM gdFTey"
        onMouseDown={[Function]}
        onMouseEnter={[Function]}
        onMouseUp={[Function]}
        onTouchEnd={[Function]}
        onTouchMove={[Function]}
        onTouchStart={[Function]}
        role="presentation"
      >
        <div
          className="sc-gzVnrw wOteY"
          selected={false}
        />
      </div>
    </div>
    <div
      className="sc-EHOje jKkuXM"
    >
      <div
        className="sc-bZQynM gdFTey"
      >
        <h1
          className="sc-htoDjs ejORLp sc-bdVaJa ivqupp"
        >
          7/2
        </h1>
      </div>
      <div
        className="sc-bZQynM gdFTey"
        onMouseDown={[Function]}
        onMouseEnter={[Function]}
        onMouseUp={[Function]}
        onTouchEnd={[Function]}
        onTouchMove={[Function]}
        onTouchStart={[Function]}
        role="presentation"
      >
        <div
          className="sc-gzVnrw wOteY"
          selected={false}
        />
      </div>
      <div
        className="sc-bZQynM gdFTey"
        onMouseDown={[Function]}
        onMouseEnter={[Function]}
        onMouseUp={[Function]}
        onTouchEnd={[Function]}
        onTouchMove={[Function]}
        onTouchStart={[Function]}
        role="presentation"
      >
        <div
          className="sc-gzVnrw wOteY"
          selected={false}
        />
      </div>
      <div
        className="sc-bZQynM gdFTey"
        onMouseDown={[Function]}
        onMouseEnter={[Function]}
        onMouseUp={[Function]}
        onTouchEnd={[Function]}
        onTouchMove={[Function]}
        onTouchStart={[Function]}
        role="presentation"
      >
        <div
          className="sc-gzVnrw wOteY"
          selected={false}
        />
      </div>
      <div
        className="sc-bZQynM gdFTey"
        onMouseDown={[Function]}
        onMouseEnter={[Function]}
        onMouseUp={[Function]}
        onTouchEnd={[Function]}
        onTouchMove={[Function]}
        onTouchStart={[Function]}
        role="presentation"
      >
        <div
          className="sc-gzVnrw wOteY"
          selected={false}
        />
      </div>
      <div
        className="sc-bZQynM gdFTey"
        onMouseDown={[Function]}
        onMouseEnter={[Function]}
        onMouseUp={[Function]}
        onTouchEnd={[Function]}
        onTouchMove={[Function]}
        onTouchStart={[Function]}
        role="presentation"
      >
        <div
          className="sc-gzVnrw wOteY"
          selected={false}
        />
      </div>
      <div
        className="sc-bZQynM gdFTey"
        onMouseDown={[Function]}
        onMouseEnter={[Function]}
        onMouseUp={[Function]}
        onTouchEnd={[Function]}
        onTouchMove={[Function]}
        onTouchStart={[Function]}
        role="presentation"
      >
        <div
          className="sc-gzVnrw wOteY"
          selected={false}
        />
      </div>
      <div
        className="sc-bZQynM gdFTey"
        onMouseDown={[Function]}
        onMouseEnter={[Function]}
        onMouseUp={[Function]}
        onTouchEnd={[Function]}
        onTouchMove={[Function]}
        onTouchStart={[Function]}
        role="presentation"
      >
        <div
          className="sc-gzVnrw wOteY"
          selected={false}
        />
      </div>
      <div
        className="sc-bZQynM gdFTey"
        onMouseDown={[Function]}
        onMouseEnter={[Function]}
        onMouseUp={[Function]}
        onTouchEnd={[Function]}
        onTouchMove={[Function]}
        onTouchStart={[Function]}
        role="presentation"
      >
        <div
          className="sc-gzVnrw wOteY"
          selected={false}
        />
      </div>
      <div
        className="sc-bZQynM gdFTey"
        onMouseDown={[Function]}
        onMouseEnter={[Function]}
        onMouseUp={[Function]}
        onTouchEnd={[Function]}
        onTouchMove={[Function]}
        onTouchStart={[Function]}
        role="presentation"
      >
        <div
          className="sc-gzVnrw wOteY"
          selected={false}
        />
      </div>
      <div
        className="sc-bZQynM gdFTey"
        onMouseDown={[Function]}
        onMouseEnter={[Function]}
        onMouseUp={[Function]}
        onTouchEnd={[Function]}
        onTouchMove={[Function]}
        onTouchStart={[Function]}
        role="presentation"
      >
        <div
          className="sc-gzVnrw wOteY"
          selected={false}
        />
      </div>
      <div
        className="sc-bZQynM gdFTey"
        onMouseDown={[Function]}
        onMouseEnter={[Function]}
        onMouseUp={[Function]}
        onTouchEnd={[Function]}
        onTouchMove={[Function]}
        onTouchStart={[Function]}
        role="presentation"
      >
        <div
          className="sc-gzVnrw wOteY"
          selected={false}
        />
      </div>
      <div
        className="sc-bZQynM gdFTey"
        onMouseDown={[Function]}
        onMouseEnter={[Function]}
        onMouseUp={[Function]}
        onTouchEnd={[Function]}
        onTouchMove={[Function]}
        onTouchStart={[Function]}
        role="presentation"
      >
        <div
          className="sc-gzVnrw wOteY"
          selected={false}
        />
      </div>
      <div
        className="sc-bZQynM gdFTey"
        onMouseDown={[Function]}
        onMouseEnter={[Function]}
        onMouseUp={[Function]}
        onTouchEnd={[Function]}
        onTouchMove={[Function]}
        onTouchStart={[Function]}
        role="presentation"
      >
        <div
          className="sc-gzVnrw wOteY"
          selected={false}
        />
      </div>
      <div
        className="sc-bZQynM gdFTey"
        onMouseDown={[Function]}
        onMouseEnter={[Function]}
        onMouseUp={[Function]}
        onTouchEnd={[Function]}
        onTouchMove={[Function]}
        onTouchStart={[Function]}
        role="presentation"
      >
        <div
          className="sc-gzVnrw wOteY"
          selected={false}
        />
      </div>
      <div
        className="sc-bZQynM gdFTey"
        onMouseDown={[Function]}
        onMouseEnter={[Function]}
        onMouseUp={[Function]}
        onTouchEnd={[Function]}
        onTouchMove={[Function]}
        onTouchStart={[Function]}
        role="presentation"
      >
        <div
          className="sc-gzVnrw wOteY"
          selected={false}
        />
      </div>
    </div>
    <div
      className="sc-EHOje jKkuXM"
    >
      <div
        className="sc-bZQynM gdFTey"
      >
        <h1
          className="sc-htoDjs ejORLp sc-bdVaJa ivqupp"
        >
          7/3
        </h1>
      </div>
      <div
        className="sc-bZQynM gdFTey"
        onMouseDown={[Function]}
        onMouseEnter={[Function]}
        onMouseUp={[Function]}
        onTouchEnd={[Function]}
        onTouchMove={[Function]}
        onTouchStart={[Function]}
        role="presentation"
      >
        <div
          className="sc-gzVnrw wOteY"
          selected={false}
        />
      </div>
      <div
        className="sc-bZQynM gdFTey"
        onMouseDown={[Function]}
        onMouseEnter={[Function]}
        onMouseUp={[Function]}
        onTouchEnd={[Function]}
        onTouchMove={[Function]}
        onTouchStart={[Function]}
        role="presentation"
      >
        <div
          className="sc-gzVnrw wOteY"
          selected={false}
        />
      </div>
      <div
        className="sc-bZQynM gdFTey"
        onMouseDown={[Function]}
        onMouseEnter={[Function]}
        onMouseUp={[Function]}
        onTouchEnd={[Function]}
        onTouchMove={[Function]}
        onTouchStart={[Function]}
        role="presentation"
      >
        <div
          className="sc-gzVnrw wOteY"
          selected={false}
        />
      </div>
      <div
        className="sc-bZQynM gdFTey"
        onMouseDown={[Function]}
        onMouseEnter={[Function]}
        onMouseUp={[Function]}
        onTouchEnd={[Function]}
        onTouchMove={[Function]}
        onTouchStart={[Function]}
        role="presentation"
      >
        <div
          className="sc-gzVnrw wOteY"
          selected={false}
        />
      </div>
      <div
        className="sc-bZQynM gdFTey"
        onMouseDown={[Function]}
        onMouseEnter={[Function]}
        onMouseUp={[Function]}
        onTouchEnd={[Function]}
        onTouchMove={[Function]}
        onTouchStart={[Function]}
        role="presentation"
      >
        <div
          className="sc-gzVnrw wOteY"
          selected={false}
        />
      </div>
      <div
        className="sc-bZQynM gdFTey"
        onMouseDown={[Function]}
        onMouseEnter={[Function]}
        onMouseUp={[Function]}
        onTouchEnd={[Function]}
        onTouchMove={[Function]}
        onTouchStart={[Function]}
        role="presentation"
      >
        <div
          className="sc-gzVnrw wOteY"
          selected={false}
        />
      </div>
      <div
        className="sc-bZQynM gdFTey"
        onMouseDown={[Function]}
        onMouseEnter={[Function]}
        onMouseUp={[Function]}
        onTouchEnd={[Function]}
        onTouchMove={[Function]}
        onTouchStart={[Function]}
        role="presentation"
      >
        <div
          className="sc-gzVnrw wOteY"
          selected={false}
        />
      </div>
      <div
        className="sc-bZQynM gdFTey"
        onMouseDown={[Function]}
        onMouseEnter={[Function]}
        onMouseUp={[Function]}
        onTouchEnd={[Function]}
        onTouchMove={[Function]}
        onTouchStart={[Function]}
        role="presentation"
      >
        <div
          className="sc-gzVnrw wOteY"
          selected={false}
        />
      </div>
      <div
        className="sc-bZQynM gdFTey"
        onMouseDown={[Function]}
        onMouseEnter={[Function]}
        onMouseUp={[Function]}
        onTouchEnd={[Function]}
        onTouchMove={[Function]}
        onTouchStart={[Function]}
        role="presentation"
      >
        <div
          className="sc-gzVnrw wOteY"
          selected={false}
        />
      </div>
      <div
        className="sc-bZQynM gdFTey"
        onMouseDown={[Function]}
        onMouseEnter={[Function]}
        onMouseUp={[Function]}
        onTouchEnd={[Function]}
        onTouchMove={[Function]}
        onTouchStart={[Function]}
        role="presentation"
      >
        <div
          className="sc-gzVnrw wOteY"
          selected={false}
        />
      </div>
      <div
        className="sc-bZQynM gdFTey"
        onMouseDown={[Function]}
        onMouseEnter={[Function]}
        onMouseUp={[Function]}
        onTouchEnd={[Function]}
        onTouchMove={[Function]}
        onTouchStart={[Function]}
        role="presentation"
      >
        <div
          className="sc-gzVnrw wOteY"
          selected={false}
        />
      </div>
      <div
        className="sc-bZQynM gdFTey"
        onMouseDown={[Function]}
        onMouseEnter={[Function]}
        onMouseUp={[Function]}
        onTouchEnd={[Function]}
        onTouchMove={[Function]}
        onTouchStart={[Function]}
        role="presentation"
      >
        <div
          className="sc-gzVnrw wOteY"
          selected={false}
        />
      </div>
      <div
        className="sc-bZQynM gdFTey"
        onMouseDown={[Function]}
        onMouseEnter={[Function]}
        onMouseUp={[Function]}
        onTouchEnd={[Function]}
        onTouchMove={[Function]}
        onTouchStart={[Function]}
        role="presentation"
      >
        <div
          className="sc-gzVnrw wOteY"
          selected={false}
        />
      </div>
      <div
        className="sc-bZQynM gdFTey"
        onMouseDown={[Function]}
        onMouseEnter={[Function]}
        onMouseUp={[Function]}
        onTouchEnd={[Function]}
        onTouchMove={[Function]}
        onTouchStart={[Function]}
        role="presentation"
      >
        <div
          className="sc-gzVnrw wOteY"
          selected={false}
        />
      </div>
      <div
        className="sc-bZQynM gdFTey"
        onMouseDown={[Function]}
        onMouseEnter={[Function]}
        onMouseUp={[Function]}
        onTouchEnd={[Function]}
        onTouchMove={[Function]}
        onTouchStart={[Function]}
        role="presentation"
      >
        <div
          className="sc-gzVnrw wOteY"
          selected={false}
        />
      </div>
    </div>
  </div>
</div>
`;
