// Jest Snapshot v1, https://goo.gl/fbAQLP

exports[`Component renders correctly 1`] = `
<div
  className="sc-bxivhb hZVtJV"
>
  <div
    className="sc-ifAKCX birCBA"
  >
    <div
      className="sc-EHOje jKkuXM"
    >
      <h1
        className="sc-htoDjs ejORLp sc-bdVaJa ivqupp"
      />
      <div
        className="sc-dnqmqq bdfzhs"
      >
        <p
          className="sc-iwsKbI eywOxG"
        >
          9am
        </p>
      </div>
      <div
        className="sc-dnqmqq bdfzhs"
      >
        <p
          className="sc-iwsKbI eywOxG"
        >
          10am
        </p>
      </div>
      <div
        className="sc-dnqmqq bdfzhs"
      >
        <p
          className="sc-iwsKbI eywOxG"
        >
          11am
        </p>
      </div>
      <div
        className="sc-dnqmqq bdfzhs"
      >
        <p
          className="sc-iwsKbI eywOxG"
        >
          12pm
        </p>
      </div>
      <div
        className="sc-dnqmqq bdfzhs"
      >
        <p
          className="sc-iwsKbI eywOxG"
        >
          1pm
        </p>
      </div>
      <div
        className="sc-dnqmqq bdfzhs"
      >
        <p
          className="sc-iwsKbI eywOxG"
        >
          2pm
        </p>
      </div>
      <div
        className="sc-dnqmqq bdfzhs"
      >
        <p
          className="sc-iwsKbI eywOxG"
        >
          3pm
        </p>
      </div>
      <div
        className="sc-dnqmqq bdfzhs"
      >
        <p
          className="sc-iwsKbI eywOxG"
        >
          4pm
        </p>
      </div>
      <div
        className="sc-dnqmqq bdfzhs"
      >
        <p
          className="sc-iwsKbI eywOxG"
        >
          5pm
        </p>
      </div>
      <div
        className="sc-dnqmqq bdfzhs"
      >
        <p
          className="sc-iwsKbI eywOxG"
        >
          6pm
        </p>
      </div>
      <div
        className="sc-dnqmqq bdfzhs"
      >
        <p
          className="sc-iwsKbI eywOxG"
        >
          7pm
        </p>
      </div>
      <div
        className="sc-dnqmqq bdfzhs"
      >
        <p
          className="sc-iwsKbI eywOxG"
        >
          8pm
        </p>
      </div>
      <div
        className="sc-dnqmqq bdfzhs"
      >
        <p
          className="sc-iwsKbI eywOxG"
        >
          9pm
        </p>
      </div>
      <div
        className="sc-dnqmqq bdfzhs"
      >
        <p
          className="sc-iwsKbI eywOxG"
        >
          10pm
        </p>
      </div>
      <div
        className="sc-dnqmqq bdfzhs"
      >
        <p
          className="sc-iwsKbI eywOxG"
        >
          11pm
        </p>
      </div>
    </div>
    <div
      className="sc-EHOje jKkuXM"
    >
      <div
        className="sc-bZQynM gdFTey"
      >
        <h1
          className="sc-htoDjs ejORLp sc-bdVaJa ivqupp"
        >
          12/31
        </h1>
      </div>
      <div
        className="sc-bZQynM gdFTey"
        onMouseDown={[Function]}
        onMouseEnter={[Function]}
        onMouseUp={[Function]}
        onTouchEnd={[Function]}
        onTouchMove={[Function]}
        onTouchStart={[Function]}
        role="presentation"
      >
        <div
          className="sc-gzVnrw wOteY"
          selected={false}
        />
      </div>
      <div
        className="sc-bZQynM gdFTey"
        onMouseDown={[Function]}
        onMouseEnter={[Function]}
        onMouseUp={[Function]}
        onTouchEnd={[Function]}
        onTouchMove={[Function]}
        onTouchStart={[Function]}
        role="presentation"
      >
        <div
          className="sc-gzVnrw wOteY"
          selected={false}
        />
      </div>
      <div
        className="sc-bZQynM gdFTey"
        onMouseDown={[Function]}
        onMouseEnter={[Function]}
        onMouseUp={[Function]}
        onTouchEnd={[Function]}
        onTouchMove={[Function]}
        onTouchStart={[Function]}
        role="presentation"
      >
        <div
          className="sc-gzVnrw wOteY"
          selected={false}
        />
      </div>
      <div
        className="sc-bZQynM gdFTey"
        onMouseDown={[Function]}
        onMouseEnter={[Function]}
        onMouseUp={[Function]}
        onTouchEnd={[Function]}
        onTouchMove={[Function]}
        onTouchStart={[Function]}
        role="presentation"
      >
        <div
          className="sc-gzVnrw jZWPLq"
          selected={true}
        />
      </div>
      <div
        className="sc-bZQynM gdFTey"
        onMouseDown={[Function]}
        onMouseEnter={[Function]}
        onMouseUp={[Function]}
        onTouchEnd={[Function]}
        onTouchMove={[Function]}
        onTouchStart={[Function]}
        role="presentation"
      >
        <div
          className="sc-gzVnrw wOteY"
          selected={false}
        />
      </div>
      <div
        className="sc-bZQynM gdFTey"
        onMouseDown={[Function]}
        onMouseEnter={[Function]}
        onMouseUp={[Function]}
        onTouchEnd={[Function]}
        onTouchMove={[Function]}
        onTouchStart={[Function]}
        role="presentation"
      >
        <div
          className="sc-gzVnrw wOteY"
          selected={false}
        />
      </div>
      <div
        className="sc-bZQynM gdFTey"
        onMouseDown={[Function]}
        onMouseEnter={[Function]}
        onMouseUp={[Function]}
        onTouchEnd={[Function]}
        onTouchMove={[Function]}
        onTouchStart={[Function]}
        role="presentation"
      >
        <div
          className="sc-gzVnrw wOteY"
          selected={false}
        />
      </div>
      <div
        className="sc-bZQynM gdFTey"
        onMouseDown={[Function]}
        onMouseEnter={[Function]}
        onMouseUp={[Function]}
        onTouchEnd={[Function]}
        onTouchMove={[Function]}
        onTouchStart={[Function]}
        role="presentation"
      >
        <div
          className="sc-gzVnrw wOteY"
          selected={false}
        />
      </div>
      <div
        className="sc-bZQynM gdFTey"
        onMouseDown={[Function]}
        onMouseEnter={[Function]}
        onMouseUp={[Function]}
        onTouchEnd={[Function]}
        onTouchMove={[Function]}
        onTouchStart={[Function]}
        role="presentation"
      >
        <div
          className="sc-gzVnrw wOteY"
          selected={false}
        />
      </div>
      <div
        className="sc-bZQynM gdFTey"
        onMouseDown={[Function]}
        onMouseEnter={[Function]}
        onMouseUp={[Function]}
        onTouchEnd={[Function]}
        onTouchMove={[Function]}
        onTouchStart={[Function]}
        role="presentation"
      >
        <div
          className="sc-gzVnrw wOteY"
          selected={false}
        />
      </div>
      <div
        className="sc-bZQynM gdFTey"
        onMouseDown={[Function]}
        onMouseEnter={[Function]}
        onMouseUp={[Function]}
        onTouchEnd={[Function]}
        onTouchMove={[Function]}
        onTouchStart={[Function]}
        role="presentation"
      >
        <div
          className="sc-gzVnrw wOteY"
          selected={false}
        />
      </div>
      <div
        className="sc-bZQynM gdFTey"
        onMouseDown={[Function]}
        onMouseEnter={[Function]}
        onMouseUp={[Function]}
        onTouchEnd={[Function]}
        onTouchMove={[Function]}
        onTouchStart={[Function]}
        role="presentation"
      >
        <div
          className="sc-gzVnrw wOteY"
          selected={false}
        />
      </div>
      <div
        className="sc-bZQynM gdFTey"
        onMouseDown={[Function]}
        onMouseEnter={[Function]}
        onMouseUp={[Function]}
        onTouchEnd={[Function]}
        onTouchMove={[Function]}
        onTouchStart={[Function]}
        role="presentation"
      >
        <div
          className="sc-gzVnrw wOteY"
          selected={false}
        />
      </div>
      <div
        className="sc-bZQynM gdFTey"
        onMouseDown={[Function]}
        onMouseEnter={[Function]}
        onMouseUp={[Function]}
        onTouchEnd={[Function]}
        onTouchMove={[Function]}
        onTouchStart={[Function]}
        role="presentation"
      >
        <div
          className="sc-gzVnrw wOteY"
          selected={false}
        />
      </div>
      <div
        className="sc-bZQynM gdFTey"
        onMouseDown={[Function]}
        onMouseEnter={[Function]}
        onMouseUp={[Function]}
        onTouchEnd={[Function]}
        onTouchMove={[Function]}
        onTouchStart={[Function]}
        role="presentation"
      >
        <div
          className="sc-gzVnrw wOteY"
          selected={false}
        />
      </div>
    </div>
    <div
      className="sc-EHOje jKkuXM"
    >
      <div
        className="sc-bZQynM gdFTey"
      >
        <h1
          className="sc-htoDjs ejORLp sc-bdVaJa ivqupp"
        >
          1/1
        </h1>
      </div>
      <div
        className="sc-bZQynM gdFTey"
        onMouseDown={[Function]}
        onMouseEnter={[Function]}
        onMouseUp={[Function]}
        onTouchEnd={[Function]}
        onTouchMove={[Function]}
        onTouchStart={[Function]}
        role="presentation"
      >
        <div
          className="sc-gzVnrw wOteY"
          selected={false}
        />
      </div>
      <div
        className="sc-bZQynM gdFTey"
        onMouseDown={[Function]}
        onMouseEnter={[Function]}
        onMouseUp={[Function]}
        onTouchEnd={[Function]}
        onTouchMove={[Function]}
        onTouchStart={[Function]}
        role="presentation"
      >
        <div
          className="sc-gzVnrw wOteY"
          selected={false}
        />
      </div>
      <div
        className="sc-bZQynM gdFTey"
        onMouseDown={[Function]}
        onMouseEnter={[Function]}
        onMouseUp={[Function]}
        onTouchEnd={[Function]}
        onTouchMove={[Function]}
        onTouchStart={[Function]}
        role="presentation"
      >
        <div
          className="sc-gzVnrw wOteY"
          selected={false}
        />
      </div>
      <div
        className="sc-bZQynM gdFTey"
        onMouseDown={[Function]}
        onMouseEnter={[Function]}
        onMouseUp={[Function]}
        onTouchEnd={[Function]}
        onTouchMove={[Function]}
        onTouchStart={[Function]}
        role="presentation"
      >
        <div
          className="sc-gzVnrw wOteY"
          selected={false}
        />
      </div>
      <div
        className="sc-bZQynM gdFTey"
        onMouseDown={[Function]}
        onMouseEnter={[Function]}
        onMouseUp={[Function]}
        onTouchEnd={[Function]}
        onTouchMove={[Function]}
        onTouchStart={[Function]}
        role="presentation"
      >
        <div
          className="sc-gzVnrw jZWPLq"
          selected={true}
        />
      </div>
      <div
        className="sc-bZQynM gdFTey"
        onMouseDown={[Function]}
        onMouseEnter={[Function]}
        onMouseUp={[Function]}
        onTouchEnd={[Function]}
        onTouchMove={[Function]}
        onTouchStart={[Function]}
        role="presentation"
      >
        <div
          className="sc-gzVnrw wOteY"
          selected={false}
        />
      </div>
      <div
        className="sc-bZQynM gdFTey"
        onMouseDown={[Function]}
        onMouseEnter={[Function]}
        onMouseUp={[Function]}
        onTouchEnd={[Function]}
        onTouchMove={[Function]}
        onTouchStart={[Function]}
        role="presentation"
      >
        <div
          className="sc-gzVnrw wOteY"
          selected={false}
        />
      </div>
      <div
        className="sc-bZQynM gdFTey"
        onMouseDown={[Function]}
        onMouseEnter={[Function]}
        onMouseUp={[Function]}
        onTouchEnd={[Function]}
        onTouchMove={[Function]}
        onTouchStart={[Function]}
        role="presentation"
      >
        <div
          className="sc-gzVnrw wOteY"
          selected={false}
        />
      </div>
      <div
        className="sc-bZQynM gdFTey"
        onMouseDown={[Function]}
        onMouseEnter={[Function]}
        onMouseUp={[Function]}
        onTouchEnd={[Function]}
        onTouchMove={[Function]}
        onTouchStart={[Function]}
        role="presentation"
      >
        <div
          className="sc-gzVnrw wOteY"
          selected={false}
        />
      </div>
      <div
        className="sc-bZQynM gdFTey"
        onMouseDown={[Function]}
        onMouseEnter={[Function]}
        onMouseUp={[Function]}
        onTouchEnd={[Function]}
        onTouchMove={[Function]}
        onTouchStart={[Function]}
        role="presentation"
      >
        <div
          className="sc-gzVnrw wOteY"
          selected={false}
        />
      </div>
      <div
        className="sc-bZQynM gdFTey"
        onMouseDown={[Function]}
        onMouseEnter={[Function]}
        onMouseUp={[Function]}
        onTouchEnd={[Function]}
        onTouchMove={[Function]}
        onTouchStart={[Function]}
        role="presentation"
      >
        <div
          className="sc-gzVnrw wOteY"
          selected={false}
        />
      </div>
      <div
        className="sc-bZQynM gdFTey"
        onMouseDown={[Function]}
        onMouseEnter={[Function]}
        onMouseUp={[Function]}
        onTouchEnd={[Function]}
        onTouchMove={[Function]}
        onTouchStart={[Function]}
        role="presentation"
      >
        <div
          className="sc-gzVnrw wOteY"
          selected={false}
        />
      </div>
      <div
        className="sc-bZQynM gdFTey"
        onMouseDown={[Function]}
        onMouseEnter={[Function]}
        onMouseUp={[Function]}
        onTouchEnd={[Function]}
        onTouchMove={[Function]}
        onTouchStart={[Function]}
        role="presentation"
      >
        <div
          className="sc-gzVnrw wOteY"
          selected={false}
        />
      </div>
      <div
        className="sc-bZQynM gdFTey"
        onMouseDown={[Function]}
        onMouseEnter={[Function]}
        onMouseUp={[Function]}
        onTouchEnd={[Function]}
        onTouchMove={[Function]}
        onTouchStart={[Function]}
        role="presentation"
      >
        <div
          className="sc-gzVnrw wOteY"
          selected={false}
        />
      </div>
      <div
        className="sc-bZQynM gdFTey"
        onMouseDown={[Function]}
        onMouseEnter={[Function]}
        onMouseUp={[Function]}
        onTouchEnd={[Function]}
        onTouchMove={[Function]}
        onTouchStart={[Function]}
        role="presentation"
      >
        <div
          className="sc-gzVnrw wOteY"
          selected={false}
        />
      </div>
    </div>
    <div
      className="sc-EHOje jKkuXM"
    >
      <div
        className="sc-bZQynM gdFTey"
      >
        <h1
          className="sc-htoDjs ejORLp sc-bdVaJa ivqupp"
        >
          1/2
        </h1>
      </div>
      <div
        className="sc-bZQynM gdFTey"
        onMouseDown={[Function]}
        onMouseEnter={[Function]}
        onMouseUp={[Function]}
        onTouchEnd={[Function]}
        onTouchMove={[Function]}
        onTouchStart={[Function]}
        role="presentation"
      >
        <div
          className="sc-gzVnrw wOteY"
          selected={false}
        />
      </div>
      <div
        className="sc-bZQynM gdFTey"
        onMouseDown={[Function]}
        onMouseEnter={[Function]}
        onMouseUp={[Function]}
        onTouchEnd={[Function]}
        onTouchMove={[Function]}
        onTouchStart={[Function]}
        role="presentation"
      >
        <div
          className="sc-gzVnrw wOteY"
          selected={false}
        />
      </div>
      <div
        className="sc-bZQynM gdFTey"
        onMouseDown={[Function]}
        onMouseEnter={[Function]}
        onMouseUp={[Function]}
        onTouchEnd={[Function]}
        onTouchMove={[Function]}
        onTouchStart={[Function]}
        role="presentation"
      >
        <div
          className="sc-gzVnrw wOteY"
          selected={false}
        />
      </div>
      <div
        className="sc-bZQynM gdFTey"
        onMouseDown={[Function]}
        onMouseEnter={[Function]}
        onMouseUp={[Function]}
        onTouchEnd={[Function]}
        onTouchMove={[Function]}
        onTouchStart={[Function]}
        role="presentation"
      >
        <div
          className="sc-gzVnrw wOteY"
          selected={false}
        />
      </div>
      <div
        className="sc-bZQynM gdFTey"
        onMouseDown={[Function]}
        onMouseEnter={[Function]}
        onMouseUp={[Function]}
        onTouchEnd={[Function]}
        onTouchMove={[Function]}
        onTouchStart={[Function]}
        role="presentation"
      >
        <div
          className="sc-gzVnrw wOteY"
          selected={false}
        />
      </div>
      <div
        className="sc-bZQynM gdFTey"
        onMouseDown={[Function]}
        onMouseEnter={[Function]}
        onMouseUp={[Function]}
        onTouchEnd={[Function]}
        onTouchMove={[Function]}
        onTouchStart={[Function]}
        role="presentation"
      >
        <div
          className="sc-gzVnrw wOteY"
          selected={false}
        />
      </div>
      <div
        className="sc-bZQynM gdFTey"
        onMouseDown={[Function]}
        onMouseEnter={[Function]}
        onMouseUp={[Function]}
        onTouchEnd={[Function]}
        onTouchMove={[Function]}
        onTouchStart={[Function]}
        role="presentation"
      >
        <div
          className="sc-gzVnrw wOteY"
          selected={false}
        />
      </div>
      <div
        className="sc-bZQynM gdFTey"
        onMouseDown={[Function]}
        onMouseEnter={[Function]}
        onMouseUp={[Function]}
        onTouchEnd={[Function]}
        onTouchMove={[Function]}
        onTouchStart={[Function]}
        role="presentation"
      >
        <div
          className="sc-gzVnrw wOteY"
          selected={false}
        />
      </div>
      <div
        className="sc-bZQynM gdFTey"
        onMouseDown={[Function]}
        onMouseEnter={[Function]}
        onMouseUp={[Function]}
        onTouchEnd={[Function]}
        onTouchMove={[Function]}
        onTouchStart={[Function]}
        role="presentation"
      >
        <div
          className="sc-gzVnrw wOteY"
          selected={false}
        />
      </div>
      <div
        className="sc-bZQynM gdFTey"
        onMouseDown={[Function]}
        onMouseEnter={[Function]}
        onMouseUp={[Function]}
        onTouchEnd={[Function]}
        onTouchMove={[Function]}
        onTouchStart={[Function]}
        role="presentation"
      >
        <div
          className="sc-gzVnrw wOteY"
          selected={false}
        />
      </div>
      <div
        className="sc-bZQynM gdFTey"
        onMouseDown={[Function]}
        onMouseEnter={[Function]}
        onMouseUp={[Function]}
        onTouchEnd={[Function]}
        onTouchMove={[Function]}
        onTouchStart={[Function]}
        role="presentation"
      >
        <div
          className="sc-gzVnrw wOteY"
          selected={false}
        />
      </div>
      <div
        className="sc-bZQynM gdFTey"
        onMouseDown={[Function]}
        onMouseEnter={[Function]}
        onMouseUp={[Function]}
        onTouchEnd={[Function]}
        onTouchMove={[Function]}
        onTouchStart={[Function]}
        role="presentation"
      >
        <div
          className="sc-gzVnrw wOteY"
          selected={false}
        />
      </div>
      <div
        className="sc-bZQynM gdFTey"
        onMouseDown={[Function]}
        onMouseEnter={[Function]}
        onMouseUp={[Function]}
        onTouchEnd={[Function]}
        onTouchMove={[Function]}
        onTouchStart={[Function]}
        role="presentation"
      >
        <div
          className="sc-gzVnrw wOteY"
          selected={false}
        />
      </div>
      <div
        className="sc-bZQynM gdFTey"
        onMouseDown={[Function]}
        onMouseEnter={[Function]}
        onMouseUp={[Function]}
        onTouchEnd={[Function]}
        onTouchMove={[Function]}
        onTouchStart={[Function]}
        role="presentation"
      >
        <div
          className="sc-gzVnrw wOteY"
          selected={false}
        />
      </div>
      <div
        className="sc-bZQynM gdFTey"
        onMouseDown={[Function]}
        onMouseEnter={[Function]}
        onMouseUp={[Function]}
        onTouchEnd={[Function]}
        onTouchMove={[Function]}
        onTouchStart={[Function]}
        role="presentation"
      >
        <div
          className="sc-gzVnrw wOteY"
          selected={false}
        />
      </div>
    </div>
    <div
      className="sc-EHOje jKkuXM"
    >
      <div
        className="sc-bZQynM gdFTey"
      >
        <h1
          className="sc-htoDjs ejORLp sc-bdVaJa ivqupp"
        >
          1/3
        </h1>
      </div>
      <div
        className="sc-bZQynM gdFTey"
        onMouseDown={[Function]}
        onMouseEnter={[Function]}
        onMouseUp={[Function]}
        onTouchEnd={[Function]}
        onTouchMove={[Function]}
        onTouchStart={[Function]}
        role="presentation"
      >
        <div
          className="sc-gzVnrw wOteY"
          selected={false}
        />
      </div>
      <div
        className="sc-bZQynM gdFTey"
        onMouseDown={[Function]}
        onMouseEnter={[Function]}
        onMouseUp={[Function]}
        onTouchEnd={[Function]}
        onTouchMove={[Function]}
        onTouchStart={[Function]}
        role="presentation"
      >
        <div
          className="sc-gzVnrw wOteY"
          selected={false}
        />
      </div>
      <div
        className="sc-bZQynM gdFTey"
        onMouseDown={[Function]}
        onMouseEnter={[Function]}
        onMouseUp={[Function]}
        onTouchEnd={[Function]}
        onTouchMove={[Function]}
        onTouchStart={[Function]}
        role="presentation"
      >
        <div
          className="sc-gzVnrw wOteY"
          selected={false}
        />
      </div>
      <div
        className="sc-bZQynM gdFTey"
        onMouseDown={[Function]}
        onMouseEnter={[Function]}
        onMouseUp={[Function]}
        onTouchEnd={[Function]}
        onTouchMove={[Function]}
        onTouchStart={[Function]}
        role="presentation"
      >
        <div
          className="sc-gzVnrw wOteY"
          selected={false}
        />
      </div>
      <div
        className="sc-bZQynM gdFTey"
        onMouseDown={[Function]}
        onMouseEnter={[Function]}
        onMouseUp={[Function]}
        onTouchEnd={[Function]}
        onTouchMove={[Function]}
        onTouchStart={[Function]}
        role="presentation"
      >
        <div
          className="sc-gzVnrw wOteY"
          selected={false}
        />
      </div>
      <div
        className="sc-bZQynM gdFTey"
        onMouseDown={[Function]}
        onMouseEnter={[Function]}
        onMouseUp={[Function]}
        onTouchEnd={[Function]}
        onTouchMove={[Function]}
        onTouchStart={[Function]}
        role="presentation"
      >
        <div
          className="sc-gzVnrw wOteY"
          selected={false}
        />
      </div>
      <div
        className="sc-bZQynM gdFTey"
        onMouseDown={[Function]}
        onMouseEnter={[Function]}
        onMouseUp={[Function]}
        onTouchEnd={[Function]}
        onTouchMove={[Function]}
        onTouchStart={[Function]}
        role="presentation"
      >
        <div
          className="sc-gzVnrw wOteY"
          selected={false}
        />
      </div>
      <div
        className="sc-bZQynM gdFTey"
        onMouseDown={[Function]}
        onMouseEnter={[Function]}
        onMouseUp={[Function]}
        onTouchEnd={[Function]}
        onTouchMove={[Function]}
        onTouchStart={[Function]}
        role="presentation"
      >
        <div
          className="sc-gzVnrw wOteY"
          selected={false}
        />
      </div>
      <div
        className="sc-bZQynM gdFTey"
        onMouseDown={[Function]}
        onMouseEnter={[Function]}
        onMouseUp={[Function]}
        onTouchEnd={[Function]}
        onTouchMove={[Function]}
        onTouchStart={[Function]}
        role="presentation"
      >
        <div
          className="sc-gzVnrw wOteY"
          selected={false}
        />
      </div>
      <div
        className="sc-bZQynM gdFTey"
        onMouseDown={[Function]}
        onMouseEnter={[Function]}
        onMouseUp={[Function]}
        onTouchEnd={[Function]}
        onTouchMove={[Function]}
        onTouchStart={[Function]}
        role="presentation"
      >
        <div
          className="sc-gzVnrw wOteY"
          selected={false}
        />
      </div>
      <div
        className="sc-bZQynM gdFTey"
        onMouseDown={[Function]}
        onMouseEnter={[Function]}
        onMouseUp={[Function]}
        onTouchEnd={[Function]}
        onTouchMove={[Function]}
        onTouchStart={[Function]}
        role="presentation"
      >
        <div
          className="sc-gzVnrw wOteY"
          selected={false}
        />
      </div>
      <div
        className="sc-bZQynM gdFTey"
        onMouseDown={[Function]}
        onMouseEnter={[Function]}
        onMouseUp={[Function]}
        onTouchEnd={[Function]}
        onTouchMove={[Function]}
        onTouchStart={[Function]}
        role="presentation"
      >
        <div
          className="sc-gzVnrw wOteY"
          selected={false}
        />
      </div>
      <div
        className="sc-bZQynM gdFTey"
        onMouseDown={[Function]}
        onMouseEnter={[Function]}
        onMouseUp={[Function]}
        onTouchEnd={[Function]}
        onTouchMove={[Function]}
        onTouchStart={[Function]}
        role="presentation"
      >
        <div
          className="sc-gzVnrw wOteY"
          selected={false}
        />
      </div>
      <div
        className="sc-bZQynM gdFTey"
        onMouseDown={[Function]}
        onMouseEnter={[Function]}
        onMouseUp={[Function]}
        onTouchEnd={[Function]}
        onTouchMove={[Function]}
        onTouchStart={[Function]}
        role="presentation"
      >
        <div
          className="sc-gzVnrw wOteY"
          selected={false}
        />
      </div>
      <div
        className="sc-bZQynM gdFTey"
        onMouseDown={[Function]}
        onMouseEnter={[Function]}
        onMouseUp={[Function]}
        onTouchEnd={[Function]}
        onTouchMove={[Function]}
        onTouchStart={[Function]}
        role="presentation"
      >
        <div
          className="sc-gzVnrw wOteY"
          selected={false}
        />
      </div>
    </div>
    <div
      className="sc-EHOje jKkuXM"
    >
      <div
        className="sc-bZQynM gdFTey"
      >
        <h1
          className="sc-htoDjs ejORLp sc-bdVaJa ivqupp"
        >
          1/4
        </h1>
      </div>
      <div
        className="sc-bZQynM gdFTey"
        onMouseDown={[Function]}
        onMouseEnter={[Function]}
        onMouseUp={[Function]}
        onTouchEnd={[Function]}
        onTouchMove={[Function]}
        onTouchStart={[Function]}
        role="presentation"
      >
        <div
          className="sc-gzVnrw wOteY"
          selected={false}
        />
      </div>
      <div
        className="sc-bZQynM gdFTey"
        onMouseDown={[Function]}
        onMouseEnter={[Function]}
        onMouseUp={[Function]}
        onTouchEnd={[Function]}
        onTouchMove={[Function]}
        onTouchStart={[Function]}
        role="presentation"
      >
        <div
          className="sc-gzVnrw wOteY"
          selected={false}
        />
      </div>
      <div
        className="sc-bZQynM gdFTey"
        onMouseDown={[Function]}
        onMouseEnter={[Function]}
        onMouseUp={[Function]}
        onTouchEnd={[Function]}
        onTouchMove={[Function]}
        onTouchStart={[Function]}
        role="presentation"
      >
        <div
          className="sc-gzVnrw wOteY"
          selected={false}
        />
      </div>
      <div
        className="sc-bZQynM gdFTey"
        onMouseDown={[Function]}
        onMouseEnter={[Function]}
        onMouseUp={[Function]}
        onTouchEnd={[Function]}
        onTouchMove={[Function]}
        onTouchStart={[Function]}
        role="presentation"
      >
        <div
          className="sc-gzVnrw wOteY"
          selected={false}
        />
      </div>
      <div
        className="sc-bZQynM gdFTey"
        onMouseDown={[Function]}
        onMouseEnter={[Function]}
        onMouseUp={[Function]}
        onTouchEnd={[Function]}
        onTouchMove={[Function]}
        onTouchStart={[Function]}
        role="presentation"
      >
        <div
          className="sc-gzVnrw wOteY"
          selected={false}
        />
      </div>
      <div
        className="sc-bZQynM gdFTey"
        onMouseDown={[Function]}
        onMouseEnter={[Function]}
        onMouseUp={[Function]}
        onTouchEnd={[Function]}
        onTouchMove={[Function]}
        onTouchStart={[Function]}
        role="presentation"
      >
        <div
          className="sc-gzVnrw wOteY"
          selected={false}
        />
      </div>
      <div
        className="sc-bZQynM gdFTey"
        onMouseDown={[Function]}
        onMouseEnter={[Function]}
        onMouseUp={[Function]}
        onTouchEnd={[Function]}
        onTouchMove={[Function]}
        onTouchStart={[Function]}
        role="presentation"
      >
        <div
          className="sc-gzVnrw wOteY"
          selected={false}
        />
      </div>
      <div
        className="sc-bZQynM gdFTey"
        onMouseDown={[Function]}
        onMouseEnter={[Function]}
        onMouseUp={[Function]}
        onTouchEnd={[Function]}
        onTouchMove={[Function]}
        onTouchStart={[Function]}
        role="presentation"
      >
        <div
          className="sc-gzVnrw wOteY"
          selected={false}
        />
      </div>
      <div
        className="sc-bZQynM gdFTey"
        onMouseDown={[Function]}
        onMouseEnter={[Function]}
        onMouseUp={[Function]}
        onTouchEnd={[Function]}
        onTouchMove={[Function]}
        onTouchStart={[Function]}
        role="presentation"
      >
        <div
          className="sc-gzVnrw wOteY"
          selected={false}
        />
      </div>
      <div
        className="sc-bZQynM gdFTey"
        onMouseDown={[Function]}
        onMouseEnter={[Function]}
        onMouseUp={[Function]}
        onTouchEnd={[Function]}
        onTouchMove={[Function]}
        onTouchStart={[Function]}
        role="presentation"
      >
        <div
          className="sc-gzVnrw wOteY"
          selected={false}
        />
      </div>
      <div
        className="sc-bZQynM gdFTey"
        onMouseDown={[Function]}
        onMouseEnter={[Function]}
        onMouseUp={[Function]}
        onTouchEnd={[Function]}
        onTouchMove={[Function]}
        onTouchStart={[Function]}
        role="presentation"
      >
        <div
          className="sc-gzVnrw wOteY"
          selected={false}
        />
      </div>
      <div
        className="sc-bZQynM gdFTey"
        onMouseDown={[Function]}
        onMouseEnter={[Function]}
        onMouseUp={[Function]}
        onTouchEnd={[Function]}
        onTouchMove={[Function]}
        onTouchStart={[Function]}
        role="presentation"
      >
        <div
          className="sc-gzVnrw wOteY"
          selected={false}
        />
      </div>
      <div
        className="sc-bZQynM gdFTey"
        onMouseDown={[Function]}
        onMouseEnter={[Function]}
        onMouseUp={[Function]}
        onTouchEnd={[Function]}
        onTouchMove={[Function]}
        onTouchStart={[Function]}
        role="presentation"
      >
        <div
          className="sc-gzVnrw wOteY"
          selected={false}
        />
      </div>
      <div
        className="sc-bZQynM gdFTey"
        onMouseDown={[Function]}
        onMouseEnter={[Function]}
        onMouseUp={[Function]}
        onTouchEnd={[Function]}
        onTouchMove={[Function]}
        onTouchStart={[Function]}
        role="presentation"
      >
        <div
          className="sc-gzVnrw wOteY"
          selected={false}
        />
      </div>
      <div
        className="sc-bZQynM gdFTey"
        onMouseDown={[Function]}
        onMouseEnter={[Function]}
        onMouseUp={[Function]}
        onTouchEnd={[Function]}
        onTouchMove={[Function]}
        onTouchStart={[Function]}
        role="presentation"
      >
        <div
          className="sc-gzVnrw wOteY"
          selected={false}
        />
      </div>
    </div>
  </div>
</div>
`;

exports[`Date cell render prop is used if provided 1`] = `
<div
  className="sc-bxivhb hZVtJV"
>
  <div
    className="sc-ifAKCX birCBA"
  >
    <div
      className="sc-EHOje jKkuXM"
    >
      <h1
        className="sc-htoDjs ejORLp sc-bdVaJa ivqupp"
      />
      <div
        className="sc-dnqmqq bdfzhs"
      >
        <p
          className="sc-iwsKbI eywOxG"
        >
          9am
        </p>
      </div>
      <div
        className="sc-dnqmqq bdfzhs"
      >
        <p
          className="sc-iwsKbI eywOxG"
        >
          10am
        </p>
      </div>
      <div
        className="sc-dnqmqq bdfzhs"
      >
        <p
          className="sc-iwsKbI eywOxG"
        >
          11am
        </p>
      </div>
      <div
        className="sc-dnqmqq bdfzhs"
      >
        <p
          className="sc-iwsKbI eywOxG"
        >
          12pm
        </p>
      </div>
      <div
        className="sc-dnqmqq bdfzhs"
      >
        <p
          className="sc-iwsKbI eywOxG"
        >
          1pm
        </p>
      </div>
      <div
        className="sc-dnqmqq bdfzhs"
      >
        <p
          className="sc-iwsKbI eywOxG"
        >
          2pm
        </p>
      </div>
      <div
        className="sc-dnqmqq bdfzhs"
      >
        <p
          className="sc-iwsKbI eywOxG"
        >
          3pm
        </p>
      </div>
      <div
        className="sc-dnqmqq bdfzhs"
      >
        <p
          className="sc-iwsKbI eywOxG"
        >
          4pm
        </p>
      </div>
      <div
        className="sc-dnqmqq bdfzhs"
      >
        <p
          className="sc-iwsKbI eywOxG"
        >
          5pm
        </p>
      </div>
      <div
        className="sc-dnqmqq bdfzhs"
      >
        <p
          className="sc-iwsKbI eywOxG"
        >
          6pm
        </p>
      </div>
      <div
        className="sc-dnqmqq bdfzhs"
      >
        <p
          className="sc-iwsKbI eywOxG"
        >
          7pm
        </p>
      </div>
      <div
        className="sc-dnqmqq bdfzhs"
      >
        <p
          className="sc-iwsKbI eywOxG"
        >
          8pm
        </p>
      </div>
      <div
        className="sc-dnqmqq bdfzhs"
      >
        <p
          className="sc-iwsKbI eywOxG"
        >
          9pm
        </p>
      </div>
      <div
        className="sc-dnqmqq bdfzhs"
      >
        <p
          className="sc-iwsKbI eywOxG"
        >
          10pm
        </p>
      </div>
      <div
        className="sc-dnqmqq bdfzhs"
      >
        <p
          className="sc-iwsKbI eywOxG"
        >
          11pm
        </p>
      </div>
    </div>
    <div
      className="sc-EHOje jKkuXM"
    >
      <div
        className="sc-bZQynM gdFTey"
      >
        <h1
          className="sc-htoDjs ejORLp sc-bdVaJa ivqupp"
        >
          12/31
        </h1>
      </div>
      <div
        className="sc-bZQynM gdFTey"
        onMouseDown={[Function]}
        onMouseEnter={[Function]}
        onMouseUp={[Function]}
        onTouchEnd={[Function]}
        onTouchMove={[Function]}
        onTouchStart={[Function]}
        role="presentation"
      >
        <div
          className="false test-date-cell-renderer"
        >
          Sun Dec 31 2017
        </div>
      </div>
      <div
        className="sc-bZQynM gdFTey"
        onMouseDown={[Function]}
        onMouseEnter={[Function]}
        onMouseUp={[Function]}
        onTouchEnd={[Function]}
        onTouchMove={[Function]}
        onTouchStart={[Function]}
        role="presentation"
      >
        <div
          className="false test-date-cell-renderer"
        >
          Sun Dec 31 2017
        </div>
      </div>
      <div
        className="sc-bZQynM gdFTey"
        onMouseDown={[Function]}
        onMouseEnter={[Function]}
        onMouseUp={[Function]}
        onTouchEnd={[Function]}
        onTouchMove={[Function]}
        onTouchStart={[Function]}
        role="presentation"
      >
        <div
          className="false test-date-cell-renderer"
        >
          Sun Dec 31 2017
        </div>
      </div>
      <div
        className="sc-bZQynM gdFTey"
        onMouseDown={[Function]}
        onMouseEnter={[Function]}
        onMouseUp={[Function]}
        onTouchEnd={[Function]}
        onTouchMove={[Function]}
        onTouchStart={[Function]}
        role="presentation"
      >
        <div
          className="selected test-date-cell-renderer"
        >
          Sun Dec 31 2017
        </div>
      </div>
      <div
        className="sc-bZQynM gdFTey"
        onMouseDown={[Function]}
        onMouseEnter={[Function]}
        onMouseUp={[Function]}
        onTouchEnd={[Function]}
        onTouchMove={[Function]}
        onTouchStart={[Function]}
        role="presentation"
      >
        <div
          className="false test-date-cell-renderer"
        >
          Sun Dec 31 2017
        </div>
      </div>
      <div
        className="sc-bZQynM gdFTey"
        onMouseDown={[Function]}
        onMouseEnter={[Function]}
        onMouseUp={[Function]}
        onTouchEnd={[Function]}
        onTouchMove={[Function]}
        onTouchStart={[Function]}
        role="presentation"
      >
        <div
          className="false test-date-cell-renderer"
        >
          Sun Dec 31 2017
        </div>
      </div>
      <div
        className="sc-bZQynM gdFTey"
        onMouseDown={[Function]}
        onMouseEnter={[Function]}
        onMouseUp={[Function]}
        onTouchEnd={[Function]}
        onTouchMove={[Function]}
        onTouchStart={[Function]}
        role="presentation"
      >
        <div
          className="false test-date-cell-renderer"
        >
          Sun Dec 31 2017
        </div>
      </div>
      <div
        className="sc-bZQynM gdFTey"
        onMouseDown={[Function]}
        onMouseEnter={[Function]}
        onMouseUp={[Function]}
        onTouchEnd={[Function]}
        onTouchMove={[Function]}
        onTouchStart={[Function]}
        role="presentation"
      >
        <div
          className="false test-date-cell-renderer"
        >
          Sun Dec 31 2017
        </div>
      </div>
      <div
        className="sc-bZQynM gdFTey"
        onMouseDown={[Function]}
        onMouseEnter={[Function]}
        onMouseUp={[Function]}
        onTouchEnd={[Function]}
        onTouchMove={[Function]}
        onTouchStart={[Function]}
        role="presentation"
      >
        <div
          className="false test-date-cell-renderer"
        >
          Sun Dec 31 2017
        </div>
      </div>
      <div
        className="sc-bZQynM gdFTey"
        onMouseDown={[Function]}
        onMouseEnter={[Function]}
        onMouseUp={[Function]}
        onTouchEnd={[Function]}
        onTouchMove={[Function]}
        onTouchStart={[Function]}
        role="presentation"
      >
        <div
          className="false test-date-cell-renderer"
        >
          Sun Dec 31 2017
        </div>
      </div>
      <div
        className="sc-bZQynM gdFTey"
        onMouseDown={[Function]}
        onMouseEnter={[Function]}
        onMouseUp={[Function]}
        onTouchEnd={[Function]}
        onTouchMove={[Function]}
        onTouchStart={[Function]}
        role="presentation"
      >
        <div
          className="false test-date-cell-renderer"
        >
          Sun Dec 31 2017
        </div>
      </div>
      <div
        className="sc-bZQynM gdFTey"
        onMouseDown={[Function]}
        onMouseEnter={[Function]}
        onMouseUp={[Function]}
        onTouchEnd={[Function]}
        onTouchMove={[Function]}
        onTouchStart={[Function]}
        role="presentation"
      >
        <div
          className="false test-date-cell-renderer"
        >
          Sun Dec 31 2017
        </div>
      </div>
      <div
        className="sc-bZQynM gdFTey"
        onMouseDown={[Function]}
        onMouseEnter={[Function]}
        onMouseUp={[Function]}
        onTouchEnd={[Function]}
        onTouchMove={[Function]}
        onTouchStart={[Function]}
        role="presentation"
      >
        <div
          className="false test-date-cell-renderer"
        >
          Sun Dec 31 2017
        </div>
      </div>
      <div
        className="sc-bZQynM gdFTey"
        onMouseDown={[Function]}
        onMouseEnter={[Function]}
        onMouseUp={[Function]}
        onTouchEnd={[Function]}
        onTouchMove={[Function]}
        onTouchStart={[Function]}
        role="presentation"
      >
        <div
          className="false test-date-cell-renderer"
        >
          Sun Dec 31 2017
        </div>
      </div>
      <div
        className="sc-bZQynM gdFTey"
        onMouseDown={[Function]}
        onMouseEnter={[Function]}
        onMouseUp={[Function]}
        onTouchEnd={[Function]}
        onTouchMove={[Function]}
        onTouchStart={[Function]}
        role="presentation"
      >
        <div
          className="false test-date-cell-renderer"
        >
          Sun Dec 31 2017
        </div>
      </div>
    </div>
    <div
      className="sc-EHOje jKkuXM"
    >
      <div
        className="sc-bZQynM gdFTey"
      >
        <h1
          className="sc-htoDjs ejORLp sc-bdVaJa ivqupp"
        >
          1/1
        </h1>
      </div>
      <div
        className="sc-bZQynM gdFTey"
        onMouseDown={[Function]}
        onMouseEnter={[Function]}
        onMouseUp={[Function]}
        onTouchEnd={[Function]}
        onTouchMove={[Function]}
        onTouchStart={[Function]}
        role="presentation"
      >
        <div
          className="false test-date-cell-renderer"
        >
          Mon Jan 01 2018
        </div>
      </div>
      <div
        className="sc-bZQynM gdFTey"
        onMouseDown={[Function]}
        onMouseEnter={[Function]}
        onMouseUp={[Function]}
        onTouchEnd={[Function]}
        onTouchMove={[Function]}
        onTouchStart={[Function]}
        role="presentation"
      >
        <div
          className="false test-date-cell-renderer"
        >
          Mon Jan 01 2018
        </div>
      </div>
      <div
        className="sc-bZQynM gdFTey"
        onMouseDown={[Function]}
        onMouseEnter={[Function]}
        onMouseUp={[Function]}
        onTouchEnd={[Function]}
        onTouchMove={[Function]}
        onTouchStart={[Function]}
        role="presentation"
      >
        <div
          className="false test-date-cell-renderer"
        >
          Mon Jan 01 2018
        </div>
      </div>
      <div
        className="sc-bZQynM gdFTey"
        onMouseDown={[Function]}
        onMouseEnter={[Function]}
        onMouseUp={[Function]}
        onTouchEnd={[Function]}
        onTouchMove={[Function]}
        onTouchStart={[Function]}
        role="presentation"
      >
        <div
          className="false test-date-cell-renderer"
        >
          Mon Jan 01 2018
        </div>
      </div>
      <div
        className="sc-bZQynM gdFTey"
        onMouseDown={[Function]}
        onMouseEnter={[Function]}
        onMouseUp={[Function]}
        onTouchEnd={[Function]}
        onTouchMove={[Function]}
        onTouchStart={[Function]}
        role="presentation"
      >
        <div
          className="selected test-date-cell-renderer"
        >
          Mon Jan 01 2018
        </div>
      </div>
      <div
        className="sc-bZQynM gdFTey"
        onMouseDown={[Function]}
        onMouseEnter={[Function]}
        onMouseUp={[Function]}
        onTouchEnd={[Function]}
        onTouchMove={[Function]}
        onTouchStart={[Function]}
        role="presentation"
      >
        <div
          className="false test-date-cell-renderer"
        >
          Mon Jan 01 2018
        </div>
      </div>
      <div
        className="sc-bZQynM gdFTey"
        onMouseDown={[Function]}
        onMouseEnter={[Function]}
        onMouseUp={[Function]}
        onTouchEnd={[Function]}
        onTouchMove={[Function]}
        onTouchStart={[Function]}
        role="presentation"
      >
        <div
          className="false test-date-cell-renderer"
        >
          Mon Jan 01 2018
        </div>
      </div>
      <div
        className="sc-bZQynM gdFTey"
        onMouseDown={[Function]}
        onMouseEnter={[Function]}
        onMouseUp={[Function]}
        onTouchEnd={[Function]}
        onTouchMove={[Function]}
        onTouchStart={[Function]}
        role="presentation"
      >
        <div
          className="false test-date-cell-renderer"
        >
          Mon Jan 01 2018
        </div>
      </div>
      <div
        className="sc-bZQynM gdFTey"
        onMouseDown={[Function]}
        onMouseEnter={[Function]}
        onMouseUp={[Function]}
        onTouchEnd={[Function]}
        onTouchMove={[Function]}
        onTouchStart={[Function]}
        role="presentation"
      >
        <div
          className="false test-date-cell-renderer"
        >
          Mon Jan 01 2018
        </div>
      </div>
      <div
        className="sc-bZQynM gdFTey"
        onMouseDown={[Function]}
        onMouseEnter={[Function]}
        onMouseUp={[Function]}
        onTouchEnd={[Function]}
        onTouchMove={[Function]}
        onTouchStart={[Function]}
        role="presentation"
      >
        <div
          className="false test-date-cell-renderer"
        >
          Mon Jan 01 2018
        </div>
      </div>
      <div
        className="sc-bZQynM gdFTey"
        onMouseDown={[Function]}
        onMouseEnter={[Function]}
        onMouseUp={[Function]}
        onTouchEnd={[Function]}
        onTouchMove={[Function]}
        onTouchStart={[Function]}
        role="presentation"
      >
        <div
          className="false test-date-cell-renderer"
        >
          Mon Jan 01 2018
        </div>
      </div>
      <div
        className="sc-bZQynM gdFTey"
        onMouseDown={[Function]}
        onMouseEnter={[Function]}
        onMouseUp={[Function]}
        onTouchEnd={[Function]}
        onTouchMove={[Function]}
        onTouchStart={[Function]}
        role="presentation"
      >
        <div
          className="false test-date-cell-renderer"
        >
          Mon Jan 01 2018
        </div>
      </div>
      <div
        className="sc-bZQynM gdFTey"
        onMouseDown={[Function]}
        onMouseEnter={[Function]}
        onMouseUp={[Function]}
        onTouchEnd={[Function]}
        onTouchMove={[Function]}
        onTouchStart={[Function]}
        role="presentation"
      >
        <div
          className="false test-date-cell-renderer"
        >
          Mon Jan 01 2018
        </div>
      </div>
      <div
        className="sc-bZQynM gdFTey"
        onMouseDown={[Function]}
        onMouseEnter={[Function]}
        onMouseUp={[Function]}
        onTouchEnd={[Function]}
        onTouchMove={[Function]}
        onTouchStart={[Function]}
        role="presentation"
      >
        <div
          className="false test-date-cell-renderer"
        >
          Mon Jan 01 2018
        </div>
      </div>
      <div
        className="sc-bZQynM gdFTey"
        onMouseDown={[Function]}
        onMouseEnter={[Function]}
        onMouseUp={[Function]}
        onTouchEnd={[Function]}
        onTouchMove={[Function]}
        onTouchStart={[Function]}
        role="presentation"
      >
        <div
          className="false test-date-cell-renderer"
        >
          Mon Jan 01 2018
        </div>
      </div>
    </div>
    <div
      className="sc-EHOje jKkuXM"
    >
      <div
        className="sc-bZQynM gdFTey"
      >
        <h1
          className="sc-htoDjs ejORLp sc-bdVaJa ivqupp"
        >
          1/2
        </h1>
      </div>
      <div
        className="sc-bZQynM gdFTey"
        onMouseDown={[Function]}
        onMouseEnter={[Function]}
        onMouseUp={[Function]}
        onTouchEnd={[Function]}
        onTouchMove={[Function]}
        onTouchStart={[Function]}
        role="presentation"
      >
        <div
          className="false test-date-cell-renderer"
        >
          Tue Jan 02 2018
        </div>
      </div>
      <div
        className="sc-bZQynM gdFTey"
        onMouseDown={[Function]}
        onMouseEnter={[Function]}
        onMouseUp={[Function]}
        onTouchEnd={[Function]}
        onTouchMove={[Function]}
        onTouchStart={[Function]}
        role="presentation"
      >
        <div
          className="false test-date-cell-renderer"
        >
          Tue Jan 02 2018
        </div>
      </div>
      <div
        className="sc-bZQynM gdFTey"
        onMouseDown={[Function]}
        onMouseEnter={[Function]}
        onMouseUp={[Function]}
        onTouchEnd={[Function]}
        onTouchMove={[Function]}
        onTouchStart={[Function]}
        role="presentation"
      >
        <div
          className="false test-date-cell-renderer"
        >
          Tue Jan 02 2018
        </div>
      </div>
      <div
        className="sc-bZQynM gdFTey"
        onMouseDown={[Function]}
        onMouseEnter={[Function]}
        onMouseUp={[Function]}
        onTouchEnd={[Function]}
        onTouchMove={[Function]}
        onTouchStart={[Function]}
        role="presentation"
      >
        <div
          className="false test-date-cell-renderer"
        >
          Tue Jan 02 2018
        </div>
      </div>
      <div
        className="sc-bZQynM gdFTey"
        onMouseDown={[Function]}
        onMouseEnter={[Function]}
        onMouseUp={[Function]}
        onTouchEnd={[Function]}
        onTouchMove={[Function]}
        onTouchStart={[Function]}
        role="presentation"
      >
        <div
          className="false test-date-cell-renderer"
        >
          Tue Jan 02 2018
        </div>
      </div>
      <div
        className="sc-bZQynM gdFTey"
        onMouseDown={[Function]}
        onMouseEnter={[Function]}
        onMouseUp={[Function]}
        onTouchEnd={[Function]}
        onTouchMove={[Function]}
        onTouchStart={[Function]}
        role="presentation"
      >
        <div
          className="false test-date-cell-renderer"
        >
          Tue Jan 02 2018
        </div>
      </div>
      <div
        className="sc-bZQynM gdFTey"
        onMouseDown={[Function]}
        onMouseEnter={[Function]}
        onMouseUp={[Function]}
        onTouchEnd={[Function]}
        onTouchMove={[Function]}
        onTouchStart={[Function]}
        role="presentation"
      >
        <div
          className="false test-date-cell-renderer"
        >
          Tue Jan 02 2018
        </div>
      </div>
      <div
        className="sc-bZQynM gdFTey"
        onMouseDown={[Function]}
        onMouseEnter={[Function]}
        onMouseUp={[Function]}
        onTouchEnd={[Function]}
        onTouchMove={[Function]}
        onTouchStart={[Function]}
        role="presentation"
      >
        <div
          className="false test-date-cell-renderer"
        >
          Tue Jan 02 2018
        </div>
      </div>
      <div
        className="sc-bZQynM gdFTey"
        onMouseDown={[Function]}
        onMouseEnter={[Function]}
        onMouseUp={[Function]}
        onTouchEnd={[Function]}
        onTouchMove={[Function]}
        onTouchStart={[Function]}
        role="presentation"
      >
        <div
          className="false test-date-cell-renderer"
        >
          Tue Jan 02 2018
        </div>
      </div>
      <div
        className="sc-bZQynM gdFTey"
        onMouseDown={[Function]}
        onMouseEnter={[Function]}
        onMouseUp={[Function]}
        onTouchEnd={[Function]}
        onTouchMove={[Function]}
        onTouchStart={[Function]}
        role="presentation"
      >
        <div
          className="false test-date-cell-renderer"
        >
          Tue Jan 02 2018
        </div>
      </div>
      <div
        className="sc-bZQynM gdFTey"
        onMouseDown={[Function]}
        onMouseEnter={[Function]}
        onMouseUp={[Function]}
        onTouchEnd={[Function]}
        onTouchMove={[Function]}
        onTouchStart={[Function]}
        role="presentation"
      >
        <div
          className="false test-date-cell-renderer"
        >
          Tue Jan 02 2018
        </div>
      </div>
      <div
        className="sc-bZQynM gdFTey"
        onMouseDown={[Function]}
        onMouseEnter={[Function]}
        onMouseUp={[Function]}
        onTouchEnd={[Function]}
        onTouchMove={[Function]}
        onTouchStart={[Function]}
        role="presentation"
      >
        <div
          className="false test-date-cell-renderer"
        >
          Tue Jan 02 2018
        </div>
      </div>
      <div
        className="sc-bZQynM gdFTey"
        onMouseDown={[Function]}
        onMouseEnter={[Function]}
        onMouseUp={[Function]}
        onTouchEnd={[Function]}
        onTouchMove={[Function]}
        onTouchStart={[Function]}
        role="presentation"
      >
        <div
          className="false test-date-cell-renderer"
        >
          Tue Jan 02 2018
        </div>
      </div>
      <div
        className="sc-bZQynM gdFTey"
        onMouseDown={[Function]}
        onMouseEnter={[Function]}
        onMouseUp={[Function]}
        onTouchEnd={[Function]}
        onTouchMove={[Function]}
        onTouchStart={[Function]}
        role="presentation"
      >
        <div
          className="false test-date-cell-renderer"
        >
          Tue Jan 02 2018
        </div>
      </div>
      <div
        className="sc-bZQynM gdFTey"
        onMouseDown={[Function]}
        onMouseEnter={[Function]}
        onMouseUp={[Function]}
        onTouchEnd={[Function]}
        onTouchMove={[Function]}
        onTouchStart={[Function]}
        role="presentation"
      >
        <div
          className="false test-date-cell-renderer"
        >
          Tue Jan 02 2018
        </div>
      </div>
    </div>
    <div
      className="sc-EHOje jKkuXM"
    >
      <div
        className="sc-bZQynM gdFTey"
      >
        <h1
          className="sc-htoDjs ejORLp sc-bdVaJa ivqupp"
        >
          1/3
        </h1>
      </div>
      <div
        className="sc-bZQynM gdFTey"
        onMouseDown={[Function]}
        onMouseEnter={[Function]}
        onMouseUp={[Function]}
        onTouchEnd={[Function]}
        onTouchMove={[Function]}
        onTouchStart={[Function]}
        role="presentation"
      >
        <div
          className="false test-date-cell-renderer"
        >
          Wed Jan 03 2018
        </div>
      </div>
      <div
        className="sc-bZQynM gdFTey"
        onMouseDown={[Function]}
        onMouseEnter={[Function]}
        onMouseUp={[Function]}
        onTouchEnd={[Function]}
        onTouchMove={[Function]}
        onTouchStart={[Function]}
        role="presentation"
      >
        <div
          className="false test-date-cell-renderer"
        >
          Wed Jan 03 2018
        </div>
      </div>
      <div
        className="sc-bZQynM gdFTey"
        onMouseDown={[Function]}
        onMouseEnter={[Function]}
        onMouseUp={[Function]}
        onTouchEnd={[Function]}
        onTouchMove={[Function]}
        onTouchStart={[Function]}
        role="presentation"
      >
        <div
          className="false test-date-cell-renderer"
        >
          Wed Jan 03 2018
        </div>
      </div>
      <div
        className="sc-bZQynM gdFTey"
        onMouseDown={[Function]}
        onMouseEnter={[Function]}
        onMouseUp={[Function]}
        onTouchEnd={[Function]}
        onTouchMove={[Function]}
        onTouchStart={[Function]}
        role="presentation"
      >
        <div
          className="false test-date-cell-renderer"
        >
          Wed Jan 03 2018
        </div>
      </div>
      <div
        className="sc-bZQynM gdFTey"
        onMouseDown={[Function]}
        onMouseEnter={[Function]}
        onMouseUp={[Function]}
        onTouchEnd={[Function]}
        onTouchMove={[Function]}
        onTouchStart={[Function]}
        role="presentation"
      >
        <div
          className="false test-date-cell-renderer"
        >
          Wed Jan 03 2018
        </div>
      </div>
      <div
        className="sc-bZQynM gdFTey"
        onMouseDown={[Function]}
        onMouseEnter={[Function]}
        onMouseUp={[Function]}
        onTouchEnd={[Function]}
        onTouchMove={[Function]}
        onTouchStart={[Function]}
        role="presentation"
      >
        <div
          className="false test-date-cell-renderer"
        >
          Wed Jan 03 2018
        </div>
      </div>
      <div
        className="sc-bZQynM gdFTey"
        onMouseDown={[Function]}
        onMouseEnter={[Function]}
        onMouseUp={[Function]}
        onTouchEnd={[Function]}
        onTouchMove={[Function]}
        onTouchStart={[Function]}
        role="presentation"
      >
        <div
          className="false test-date-cell-renderer"
        >
          Wed Jan 03 2018
        </div>
      </div>
      <div
        className="sc-bZQynM gdFTey"
        onMouseDown={[Function]}
        onMouseEnter={[Function]}
        onMouseUp={[Function]}
        onTouchEnd={[Function]}
        onTouchMove={[Function]}
        onTouchStart={[Function]}
        role="presentation"
      >
        <div
          className="false test-date-cell-renderer"
        >
          Wed Jan 03 2018
        </div>
      </div>
      <div
        className="sc-bZQynM gdFTey"
        onMouseDown={[Function]}
        onMouseEnter={[Function]}
        onMouseUp={[Function]}
        onTouchEnd={[Function]}
        onTouchMove={[Function]}
        onTouchStart={[Function]}
        role="presentation"
      >
        <div
          className="false test-date-cell-renderer"
        >
          Wed Jan 03 2018
        </div>
      </div>
      <div
        className="sc-bZQynM gdFTey"
        onMouseDown={[Function]}
        onMouseEnter={[Function]}
        onMouseUp={[Function]}
        onTouchEnd={[Function]}
        onTouchMove={[Function]}
        onTouchStart={[Function]}
        role="presentation"
      >
        <div
          className="false test-date-cell-renderer"
        >
          Wed Jan 03 2018
        </div>
      </div>
      <div
        className="sc-bZQynM gdFTey"
        onMouseDown={[Function]}
        onMouseEnter={[Function]}
        onMouseUp={[Function]}
        onTouchEnd={[Function]}
        onTouchMove={[Function]}
        onTouchStart={[Function]}
        role="presentation"
      >
        <div
          className="false test-date-cell-renderer"
        >
          Wed Jan 03 2018
        </div>
      </div>
      <div
        className="sc-bZQynM gdFTey"
        onMouseDown={[Function]}
        onMouseEnter={[Function]}
        onMouseUp={[Function]}
        onTouchEnd={[Function]}
        onTouchMove={[Function]}
        onTouchStart={[Function]}
        role="presentation"
      >
        <div
          className="false test-date-cell-renderer"
        >
          Wed Jan 03 2018
        </div>
      </div>
      <div
        className="sc-bZQynM gdFTey"
        onMouseDown={[Function]}
        onMouseEnter={[Function]}
        onMouseUp={[Function]}
        onTouchEnd={[Function]}
        onTouchMove={[Function]}
        onTouchStart={[Function]}
        role="presentation"
      >
        <div
          className="false test-date-cell-renderer"
        >
          Wed Jan 03 2018
        </div>
      </div>
      <div
        className="sc-bZQynM gdFTey"
        onMouseDown={[Function]}
        onMouseEnter={[Function]}
        onMouseUp={[Function]}
        onTouchEnd={[Function]}
        onTouchMove={[Function]}
        onTouchStart={[Function]}
        role="presentation"
      >
        <div
          className="false test-date-cell-renderer"
        >
          Wed Jan 03 2018
        </div>
      </div>
      <div
        className="sc-bZQynM gdFTey"
        onMouseDown={[Function]}
        onMouseEnter={[Function]}
        onMouseUp={[Function]}
        onTouchEnd={[Function]}
        onTouchMove={[Function]}
        onTouchStart={[Function]}
        role="presentation"
      >
        <div
          className="false test-date-cell-renderer"
        >
          Wed Jan 03 2018
        </div>
      </div>
    </div>
    <div
      className="sc-EHOje jKkuXM"
    >
      <div
        className="sc-bZQynM gdFTey"
      >
        <h1
          className="sc-htoDjs ejORLp sc-bdVaJa ivqupp"
        >
          1/4
        </h1>
      </div>
      <div
        className="sc-bZQynM gdFTey"
        onMouseDown={[Function]}
        onMouseEnter={[Function]}
        onMouseUp={[Function]}
        onTouchEnd={[Function]}
        onTouchMove={[Function]}
        onTouchStart={[Function]}
        role="presentation"
      >
        <div
          className="false test-date-cell-renderer"
        >
          Thu Jan 04 2018
        </div>
      </div>
      <div
        className="sc-bZQynM gdFTey"
        onMouseDown={[Function]}
        onMouseEnter={[Function]}
        onMouseUp={[Function]}
        onTouchEnd={[Function]}
        onTouchMove={[Function]}
        onTouchStart={[Function]}
        role="presentation"
      >
        <div
          className="false test-date-cell-renderer"
        >
          Thu Jan 04 2018
        </div>
      </div>
      <div
        className="sc-bZQynM gdFTey"
        onMouseDown={[Function]}
        onMouseEnter={[Function]}
        onMouseUp={[Function]}
        onTouchEnd={[Function]}
        onTouchMove={[Function]}
        onTouchStart={[Function]}
        role="presentation"
      >
        <div
          className="false test-date-cell-renderer"
        >
          Thu Jan 04 2018
        </div>
      </div>
      <div
        className="sc-bZQynM gdFTey"
        onMouseDown={[Function]}
        onMouseEnter={[Function]}
        onMouseUp={[Function]}
        onTouchEnd={[Function]}
        onTouchMove={[Function]}
        onTouchStart={[Function]}
        role="presentation"
      >
        <div
          className="false test-date-cell-renderer"
        >
          Thu Jan 04 2018
        </div>
      </div>
      <div
        className="sc-bZQynM gdFTey"
        onMouseDown={[Function]}
        onMouseEnter={[Function]}
        onMouseUp={[Function]}
        onTouchEnd={[Function]}
        onTouchMove={[Function]}
        onTouchStart={[Function]}
        role="presentation"
      >
        <div
          className="false test-date-cell-renderer"
        >
          Thu Jan 04 2018
        </div>
      </div>
      <div
        className="sc-bZQynM gdFTey"
        onMouseDown={[Function]}
        onMouseEnter={[Function]}
        onMouseUp={[Function]}
        onTouchEnd={[Function]}
        onTouchMove={[Function]}
        onTouchStart={[Function]}
        role="presentation"
      >
        <div
          className="false test-date-cell-renderer"
        >
          Thu Jan 04 2018
        </div>
      </div>
      <div
        className="sc-bZQynM gdFTey"
        onMouseDown={[Function]}
        onMouseEnter={[Function]}
        onMouseUp={[Function]}
        onTouchEnd={[Function]}
        onTouchMove={[Function]}
        onTouchStart={[Function]}
        role="presentation"
      >
        <div
          className="false test-date-cell-renderer"
        >
          Thu Jan 04 2018
        </div>
      </div>
      <div
        className="sc-bZQynM gdFTey"
        onMouseDown={[Function]}
        onMouseEnter={[Function]}
        onMouseUp={[Function]}
        onTouchEnd={[Function]}
        onTouchMove={[Function]}
        onTouchStart={[Function]}
        role="presentation"
      >
        <div
          className="false test-date-cell-renderer"
        >
          Thu Jan 04 2018
        </div>
      </div>
      <div
        className="sc-bZQynM gdFTey"
        onMouseDown={[Function]}
        onMouseEnter={[Function]}
        onMouseUp={[Function]}
        onTouchEnd={[Function]}
        onTouchMove={[Function]}
        onTouchStart={[Function]}
        role="presentation"
      >
        <div
          className="false test-date-cell-renderer"
        >
          Thu Jan 04 2018
        </div>
      </div>
      <div
        className="sc-bZQynM gdFTey"
        onMouseDown={[Function]}
        onMouseEnter={[Function]}
        onMouseUp={[Function]}
        onTouchEnd={[Function]}
        onTouchMove={[Function]}
        onTouchStart={[Function]}
        role="presentation"
      >
        <div
          className="false test-date-cell-renderer"
        >
          Thu Jan 04 2018
        </div>
      </div>
      <div
        className="sc-bZQynM gdFTey"
        onMouseDown={[Function]}
        onMouseEnter={[Function]}
        onMouseUp={[Function]}
        onTouchEnd={[Function]}
        onTouchMove={[Function]}
        onTouchStart={[Function]}
        role="presentation"
      >
        <div
          className="false test-date-cell-renderer"
        >
          Thu Jan 04 2018
        </div>
      </div>
      <div
        className="sc-bZQynM gdFTey"
        onMouseDown={[Function]}
        onMouseEnter={[Function]}
        onMouseUp={[Function]}
        onTouchEnd={[Function]}
        onTouchMove={[Function]}
        onTouchStart={[Function]}
        role="presentation"
      >
        <div
          className="false test-date-cell-renderer"
        >
          Thu Jan 04 2018
        </div>
      </div>
      <div
        className="sc-bZQynM gdFTey"
        onMouseDown={[Function]}
        onMouseEnter={[Function]}
        onMouseUp={[Function]}
        onTouchEnd={[Function]}
        onTouchMove={[Function]}
        onTouchStart={[Function]}
        role="presentation"
      >
        <div
          className="false test-date-cell-renderer"
        >
          Thu Jan 04 2018
        </div>
      </div>
      <div
        className="sc-bZQynM gdFTey"
        onMouseDown={[Function]}
        onMouseEnter={[Function]}
        onMouseUp={[Function]}
        onTouchEnd={[Function]}
        onTouchMove={[Function]}
        onTouchStart={[Function]}
        role="presentation"
      >
        <div
          className="false test-date-cell-renderer"
        >
          Thu Jan 04 2018
        </div>
      </div>
      <div
        className="sc-bZQynM gdFTey"
        onMouseDown={[Function]}
        onMouseEnter={[Function]}
        onMouseUp={[Function]}
        onTouchEnd={[Function]}
        onTouchMove={[Function]}
        onTouchStart={[Function]}
        role="presentation"
      >
        <div
          className="false test-date-cell-renderer"
        >
          Thu Jan 04 2018
        </div>
      </div>
    </div>
  </div>
</div>
`;
