// Jest Snapshot v1, https://goo.gl/fbAQLP

exports[`Component renders correctly 1`] = `
<div
  className="DatePicker__Wrapper-sc-105wvqb-0 izPHbF"
>
  <div
    className="DatePicker__Grid-sc-105wvqb-1 hnBGgZ"
  >
    <div
      className="DatePicker__Column-sc-105wvqb-2 bgDhyz"
    >
      <h1
        className="sc-9kwuzk-1-typography__Subtitle-gSHbMc hiXuDx typography__Title-sc-9kwuzk-0 cTLdTq"
      />
      <div
        className="DatePicker__TimeLabelCell-sc-105wvqb-5 hWZGjN"
      >
        <p
          className="sc-9kwuzk-2-typography__Text-cPXYyj jbwvUQ"
        >
          9am
        </p>
      </div>
      <div
        className="DatePicker__TimeLabelCell-sc-105wvqb-5 hWZGjN"
      >
        <p
          className="sc-9kwuzk-2-typography__Text-cPXYyj jbwvUQ"
        >
          10am
        </p>
      </div>
      <div
        className="DatePicker__TimeLabelCell-sc-105wvqb-5 hWZGjN"
      >
        <p
          className="sc-9kwuzk-2-typography__Text-cPXYyj jbwvUQ"
        >
          11am
        </p>
      </div>
      <div
        className="DatePicker__TimeLabelCell-sc-105wvqb-5 hWZGjN"
      >
        <p
          className="sc-9kwuzk-2-typography__Text-cPXYyj jbwvUQ"
        >
          12pm
        </p>
      </div>
      <div
        className="DatePicker__TimeLabelCell-sc-105wvqb-5 hWZGjN"
      >
        <p
          className="sc-9kwuzk-2-typography__Text-cPXYyj jbwvUQ"
        >
          1pm
        </p>
      </div>
      <div
        className="DatePicker__TimeLabelCell-sc-105wvqb-5 hWZGjN"
      >
        <p
          className="sc-9kwuzk-2-typography__Text-cPXYyj jbwvUQ"
        >
          2pm
        </p>
      </div>
      <div
        className="DatePicker__TimeLabelCell-sc-105wvqb-5 hWZGjN"
      >
        <p
          className="sc-9kwuzk-2-typography__Text-cPXYyj jbwvUQ"
        >
          3pm
        </p>
      </div>
      <div
        className="DatePicker__TimeLabelCell-sc-105wvqb-5 hWZGjN"
      >
        <p
          className="sc-9kwuzk-2-typography__Text-cPXYyj jbwvUQ"
        >
          4pm
        </p>
      </div>
      <div
        className="DatePicker__TimeLabelCell-sc-105wvqb-5 hWZGjN"
      >
        <p
          className="sc-9kwuzk-2-typography__Text-cPXYyj jbwvUQ"
        >
          5pm
        </p>
      </div>
      <div
        className="DatePicker__TimeLabelCell-sc-105wvqb-5 hWZGjN"
      >
        <p
          className="sc-9kwuzk-2-typography__Text-cPXYyj jbwvUQ"
        >
          6pm
        </p>
      </div>
      <div
        className="DatePicker__TimeLabelCell-sc-105wvqb-5 hWZGjN"
      >
        <p
          className="sc-9kwuzk-2-typography__Text-cPXYyj jbwvUQ"
        >
          7pm
        </p>
      </div>
      <div
        className="DatePicker__TimeLabelCell-sc-105wvqb-5 hWZGjN"
      >
        <p
          className="sc-9kwuzk-2-typography__Text-cPXYyj jbwvUQ"
        >
          8pm
        </p>
      </div>
      <div
        className="DatePicker__TimeLabelCell-sc-105wvqb-5 hWZGjN"
      >
        <p
          className="sc-9kwuzk-2-typography__Text-cPXYyj jbwvUQ"
        >
          9pm
        </p>
      </div>
      <div
        className="DatePicker__TimeLabelCell-sc-105wvqb-5 hWZGjN"
      >
        <p
          className="sc-9kwuzk-2-typography__Text-cPXYyj jbwvUQ"
        >
          10pm
        </p>
      </div>
      <div
        className="DatePicker__TimeLabelCell-sc-105wvqb-5 hWZGjN"
      >
        <p
          className="sc-9kwuzk-2-typography__Text-cPXYyj jbwvUQ"
        >
          11pm
        </p>
      </div>
    </div>
    <div
      className="DatePicker__Column-sc-105wvqb-2 bgDhyz"
    >
      <div
        className="DatePicker__GridCell-sc-105wvqb-3 hikauf"
      >
        <h1
          className="sc-9kwuzk-1-typography__Subtitle-gSHbMc hiXuDx typography__Title-sc-9kwuzk-0 cTLdTq"
        >
          1/1
        </h1>
      </div>
      <div
        className="rgdp__grid-cell DatePicker__GridCell-sc-105wvqb-3 hikauf"
        onMouseDown={[Function]}
        onMouseEnter={[Function]}
        onMouseUp={[Function]}
        onTouchEnd={[Function]}
        onTouchMove={[Function]}
        onTouchStart={[Function]}
        role="presentation"
      >
        <div
          className="DatePicker__DateCell-sc-105wvqb-4 jhANxd"
          selected={false}
        />
      </div>
      <div
        className="rgdp__grid-cell DatePicker__GridCell-sc-105wvqb-3 hikauf"
        onMouseDown={[Function]}
        onMouseEnter={[Function]}
        onMouseUp={[Function]}
        onTouchEnd={[Function]}
        onTouchMove={[Function]}
        onTouchStart={[Function]}
        role="presentation"
      >
        <div
          className="DatePicker__DateCell-sc-105wvqb-4 jhANxd"
          selected={false}
        />
      </div>
      <div
        className="rgdp__grid-cell DatePicker__GridCell-sc-105wvqb-3 hikauf"
        onMouseDown={[Function]}
        onMouseEnter={[Function]}
        onMouseUp={[Function]}
        onTouchEnd={[Function]}
        onTouchMove={[Function]}
        onTouchStart={[Function]}
        role="presentation"
      >
        <div
          className="DatePicker__DateCell-sc-105wvqb-4 jhANxd"
          selected={false}
        />
      </div>
      <div
        className="rgdp__grid-cell DatePicker__GridCell-sc-105wvqb-3 hikauf"
        onMouseDown={[Function]}
        onMouseEnter={[Function]}
        onMouseUp={[Function]}
        onTouchEnd={[Function]}
        onTouchMove={[Function]}
        onTouchStart={[Function]}
        role="presentation"
      >
        <div
          className="DatePicker__DateCell-sc-105wvqb-4 kblHJA"
          selected={true}
        />
      </div>
      <div
        className="rgdp__grid-cell DatePicker__GridCell-sc-105wvqb-3 hikauf"
        onMouseDown={[Function]}
        onMouseEnter={[Function]}
        onMouseUp={[Function]}
        onTouchEnd={[Function]}
        onTouchMove={[Function]}
        onTouchStart={[Function]}
        role="presentation"
      >
        <div
          className="DatePicker__DateCell-sc-105wvqb-4 jhANxd"
          selected={false}
        />
      </div>
      <div
        className="rgdp__grid-cell DatePicker__GridCell-sc-105wvqb-3 hikauf"
        onMouseDown={[Function]}
        onMouseEnter={[Function]}
        onMouseUp={[Function]}
        onTouchEnd={[Function]}
        onTouchMove={[Function]}
        onTouchStart={[Function]}
        role="presentation"
      >
        <div
          className="DatePicker__DateCell-sc-105wvqb-4 jhANxd"
          selected={false}
        />
      </div>
      <div
        className="rgdp__grid-cell DatePicker__GridCell-sc-105wvqb-3 hikauf"
        onMouseDown={[Function]}
        onMouseEnter={[Function]}
        onMouseUp={[Function]}
        onTouchEnd={[Function]}
        onTouchMove={[Function]}
        onTouchStart={[Function]}
        role="presentation"
      >
        <div
          className="DatePicker__DateCell-sc-105wvqb-4 jhANxd"
          selected={false}
        />
      </div>
      <div
        className="rgdp__grid-cell DatePicker__GridCell-sc-105wvqb-3 hikauf"
        onMouseDown={[Function]}
        onMouseEnter={[Function]}
        onMouseUp={[Function]}
        onTouchEnd={[Function]}
        onTouchMove={[Function]}
        onTouchStart={[Function]}
        role="presentation"
      >
        <div
          className="DatePicker__DateCell-sc-105wvqb-4 jhANxd"
          selected={false}
        />
      </div>
      <div
        className="rgdp__grid-cell DatePicker__GridCell-sc-105wvqb-3 hikauf"
        onMouseDown={[Function]}
        onMouseEnter={[Function]}
        onMouseUp={[Function]}
        onTouchEnd={[Function]}
        onTouchMove={[Function]}
        onTouchStart={[Function]}
        role="presentation"
      >
        <div
          className="DatePicker__DateCell-sc-105wvqb-4 jhANxd"
          selected={false}
        />
      </div>
      <div
        className="rgdp__grid-cell DatePicker__GridCell-sc-105wvqb-3 hikauf"
        onMouseDown={[Function]}
        onMouseEnter={[Function]}
        onMouseUp={[Function]}
        onTouchEnd={[Function]}
        onTouchMove={[Function]}
        onTouchStart={[Function]}
        role="presentation"
      >
        <div
          className="DatePicker__DateCell-sc-105wvqb-4 jhANxd"
          selected={false}
        />
      </div>
      <div
        className="rgdp__grid-cell DatePicker__GridCell-sc-105wvqb-3 hikauf"
        onMouseDown={[Function]}
        onMouseEnter={[Function]}
        onMouseUp={[Function]}
        onTouchEnd={[Function]}
        onTouchMove={[Function]}
        onTouchStart={[Function]}
        role="presentation"
      >
        <div
          className="DatePicker__DateCell-sc-105wvqb-4 jhANxd"
          selected={false}
        />
      </div>
      <div
        className="rgdp__grid-cell DatePicker__GridCell-sc-105wvqb-3 hikauf"
        onMouseDown={[Function]}
        onMouseEnter={[Function]}
        onMouseUp={[Function]}
        onTouchEnd={[Function]}
        onTouchMove={[Function]}
        onTouchStart={[Function]}
        role="presentation"
      >
        <div
          className="DatePicker__DateCell-sc-105wvqb-4 jhANxd"
          selected={false}
        />
      </div>
      <div
        className="rgdp__grid-cell DatePicker__GridCell-sc-105wvqb-3 hikauf"
        onMouseDown={[Function]}
        onMouseEnter={[Function]}
        onMouseUp={[Function]}
        onTouchEnd={[Function]}
        onTouchMove={[Function]}
        onTouchStart={[Function]}
        role="presentation"
      >
        <div
          className="DatePicker__DateCell-sc-105wvqb-4 jhANxd"
          selected={false}
        />
      </div>
      <div
        className="rgdp__grid-cell DatePicker__GridCell-sc-105wvqb-3 hikauf"
        onMouseDown={[Function]}
        onMouseEnter={[Function]}
        onMouseUp={[Function]}
        onTouchEnd={[Function]}
        onTouchMove={[Function]}
        onTouchStart={[Function]}
        role="presentation"
      >
        <div
          className="DatePicker__DateCell-sc-105wvqb-4 jhANxd"
          selected={false}
        />
      </div>
      <div
        className="rgdp__grid-cell DatePicker__GridCell-sc-105wvqb-3 hikauf"
        onMouseDown={[Function]}
        onMouseEnter={[Function]}
        onMouseUp={[Function]}
        onTouchEnd={[Function]}
        onTouchMove={[Function]}
        onTouchStart={[Function]}
        role="presentation"
      >
        <div
          className="DatePicker__DateCell-sc-105wvqb-4 jhANxd"
          selected={false}
        />
      </div>
    </div>
    <div
      className="DatePicker__Column-sc-105wvqb-2 bgDhyz"
    >
      <div
        className="DatePicker__GridCell-sc-105wvqb-3 hikauf"
      >
        <h1
          className="sc-9kwuzk-1-typography__Subtitle-gSHbMc hiXuDx typography__Title-sc-9kwuzk-0 cTLdTq"
        >
          1/2
        </h1>
      </div>
      <div
        className="rgdp__grid-cell DatePicker__GridCell-sc-105wvqb-3 hikauf"
        onMouseDown={[Function]}
        onMouseEnter={[Function]}
        onMouseUp={[Function]}
        onTouchEnd={[Function]}
        onTouchMove={[Function]}
        onTouchStart={[Function]}
        role="presentation"
      >
        <div
          className="DatePicker__DateCell-sc-105wvqb-4 jhANxd"
          selected={false}
        />
      </div>
      <div
        className="rgdp__grid-cell DatePicker__GridCell-sc-105wvqb-3 hikauf"
        onMouseDown={[Function]}
        onMouseEnter={[Function]}
        onMouseUp={[Function]}
        onTouchEnd={[Function]}
        onTouchMove={[Function]}
        onTouchStart={[Function]}
        role="presentation"
      >
        <div
          className="DatePicker__DateCell-sc-105wvqb-4 jhANxd"
          selected={false}
        />
      </div>
      <div
        className="rgdp__grid-cell DatePicker__GridCell-sc-105wvqb-3 hikauf"
        onMouseDown={[Function]}
        onMouseEnter={[Function]}
        onMouseUp={[Function]}
        onTouchEnd={[Function]}
        onTouchMove={[Function]}
        onTouchStart={[Function]}
        role="presentation"
      >
        <div
          className="DatePicker__DateCell-sc-105wvqb-4 jhANxd"
          selected={false}
        />
      </div>
      <div
        className="rgdp__grid-cell DatePicker__GridCell-sc-105wvqb-3 hikauf"
        onMouseDown={[Function]}
        onMouseEnter={[Function]}
        onMouseUp={[Function]}
        onTouchEnd={[Function]}
        onTouchMove={[Function]}
        onTouchStart={[Function]}
        role="presentation"
      >
        <div
          className="DatePicker__DateCell-sc-105wvqb-4 jhANxd"
          selected={false}
        />
      </div>
      <div
        className="rgdp__grid-cell DatePicker__GridCell-sc-105wvqb-3 hikauf"
        onMouseDown={[Function]}
        onMouseEnter={[Function]}
        onMouseUp={[Function]}
        onTouchEnd={[Function]}
        onTouchMove={[Function]}
        onTouchStart={[Function]}
        role="presentation"
      >
        <div
          className="DatePicker__DateCell-sc-105wvqb-4 kblHJA"
          selected={true}
        />
      </div>
      <div
        className="rgdp__grid-cell DatePicker__GridCell-sc-105wvqb-3 hikauf"
        onMouseDown={[Function]}
        onMouseEnter={[Function]}
        onMouseUp={[Function]}
        onTouchEnd={[Function]}
        onTouchMove={[Function]}
        onTouchStart={[Function]}
        role="presentation"
      >
        <div
          className="DatePicker__DateCell-sc-105wvqb-4 jhANxd"
          selected={false}
        />
      </div>
      <div
        className="rgdp__grid-cell DatePicker__GridCell-sc-105wvqb-3 hikauf"
        onMouseDown={[Function]}
        onMouseEnter={[Function]}
        onMouseUp={[Function]}
        onTouchEnd={[Function]}
        onTouchMove={[Function]}
        onTouchStart={[Function]}
        role="presentation"
      >
        <div
          className="DatePicker__DateCell-sc-105wvqb-4 jhANxd"
          selected={false}
        />
      </div>
      <div
        className="rgdp__grid-cell DatePicker__GridCell-sc-105wvqb-3 hikauf"
        onMouseDown={[Function]}
        onMouseEnter={[Function]}
        onMouseUp={[Function]}
        onTouchEnd={[Function]}
        onTouchMove={[Function]}
        onTouchStart={[Function]}
        role="presentation"
      >
        <div
          className="DatePicker__DateCell-sc-105wvqb-4 jhANxd"
          selected={false}
        />
      </div>
      <div
        className="rgdp__grid-cell DatePicker__GridCell-sc-105wvqb-3 hikauf"
        onMouseDown={[Function]}
        onMouseEnter={[Function]}
        onMouseUp={[Function]}
        onTouchEnd={[Function]}
        onTouchMove={[Function]}
        onTouchStart={[Function]}
        role="presentation"
      >
        <div
          className="DatePicker__DateCell-sc-105wvqb-4 jhANxd"
          selected={false}
        />
      </div>
      <div
        className="rgdp__grid-cell DatePicker__GridCell-sc-105wvqb-3 hikauf"
        onMouseDown={[Function]}
        onMouseEnter={[Function]}
        onMouseUp={[Function]}
        onTouchEnd={[Function]}
        onTouchMove={[Function]}
        onTouchStart={[Function]}
        role="presentation"
      >
        <div
          className="DatePicker__DateCell-sc-105wvqb-4 jhANxd"
          selected={false}
        />
      </div>
      <div
        className="rgdp__grid-cell DatePicker__GridCell-sc-105wvqb-3 hikauf"
        onMouseDown={[Function]}
        onMouseEnter={[Function]}
        onMouseUp={[Function]}
        onTouchEnd={[Function]}
        onTouchMove={[Function]}
        onTouchStart={[Function]}
        role="presentation"
      >
        <div
          className="DatePicker__DateCell-sc-105wvqb-4 jhANxd"
          selected={false}
        />
      </div>
      <div
        className="rgdp__grid-cell DatePicker__GridCell-sc-105wvqb-3 hikauf"
        onMouseDown={[Function]}
        onMouseEnter={[Function]}
        onMouseUp={[Function]}
        onTouchEnd={[Function]}
        onTouchMove={[Function]}
        onTouchStart={[Function]}
        role="presentation"
      >
        <div
          className="DatePicker__DateCell-sc-105wvqb-4 jhANxd"
          selected={false}
        />
      </div>
      <div
        className="rgdp__grid-cell DatePicker__GridCell-sc-105wvqb-3 hikauf"
        onMouseDown={[Function]}
        onMouseEnter={[Function]}
        onMouseUp={[Function]}
        onTouchEnd={[Function]}
        onTouchMove={[Function]}
        onTouchStart={[Function]}
        role="presentation"
      >
        <div
          className="DatePicker__DateCell-sc-105wvqb-4 jhANxd"
          selected={false}
        />
      </div>
      <div
        className="rgdp__grid-cell DatePicker__GridCell-sc-105wvqb-3 hikauf"
        onMouseDown={[Function]}
        onMouseEnter={[Function]}
        onMouseUp={[Function]}
        onTouchEnd={[Function]}
        onTouchMove={[Function]}
        onTouchStart={[Function]}
        role="presentation"
      >
        <div
          className="DatePicker__DateCell-sc-105wvqb-4 jhANxd"
          selected={false}
        />
      </div>
      <div
        className="rgdp__grid-cell DatePicker__GridCell-sc-105wvqb-3 hikauf"
        onMouseDown={[Function]}
        onMouseEnter={[Function]}
        onMouseUp={[Function]}
        onTouchEnd={[Function]}
        onTouchMove={[Function]}
        onTouchStart={[Function]}
        role="presentation"
      >
        <div
          className="DatePicker__DateCell-sc-105wvqb-4 jhANxd"
          selected={false}
        />
      </div>
    </div>
    <div
      className="DatePicker__Column-sc-105wvqb-2 bgDhyz"
    >
      <div
        className="DatePicker__GridCell-sc-105wvqb-3 hikauf"
      >
        <h1
          className="sc-9kwuzk-1-typography__Subtitle-gSHbMc hiXuDx typography__Title-sc-9kwuzk-0 cTLdTq"
        >
          1/3
        </h1>
      </div>
      <div
        className="rgdp__grid-cell DatePicker__GridCell-sc-105wvqb-3 hikauf"
        onMouseDown={[Function]}
        onMouseEnter={[Function]}
        onMouseUp={[Function]}
        onTouchEnd={[Function]}
        onTouchMove={[Function]}
        onTouchStart={[Function]}
        role="presentation"
      >
        <div
          className="DatePicker__DateCell-sc-105wvqb-4 jhANxd"
          selected={false}
        />
      </div>
      <div
        className="rgdp__grid-cell DatePicker__GridCell-sc-105wvqb-3 hikauf"
        onMouseDown={[Function]}
        onMouseEnter={[Function]}
        onMouseUp={[Function]}
        onTouchEnd={[Function]}
        onTouchMove={[Function]}
        onTouchStart={[Function]}
        role="presentation"
      >
        <div
          className="DatePicker__DateCell-sc-105wvqb-4 jhANxd"
          selected={false}
        />
      </div>
      <div
        className="rgdp__grid-cell DatePicker__GridCell-sc-105wvqb-3 hikauf"
        onMouseDown={[Function]}
        onMouseEnter={[Function]}
        onMouseUp={[Function]}
        onTouchEnd={[Function]}
        onTouchMove={[Function]}
        onTouchStart={[Function]}
        role="presentation"
      >
        <div
          className="DatePicker__DateCell-sc-105wvqb-4 jhANxd"
          selected={false}
        />
      </div>
      <div
        className="rgdp__grid-cell DatePicker__GridCell-sc-105wvqb-3 hikauf"
        onMouseDown={[Function]}
        onMouseEnter={[Function]}
        onMouseUp={[Function]}
        onTouchEnd={[Function]}
        onTouchMove={[Function]}
        onTouchStart={[Function]}
        role="presentation"
      >
        <div
          className="DatePicker__DateCell-sc-105wvqb-4 jhANxd"
          selected={false}
        />
      </div>
      <div
        className="rgdp__grid-cell DatePicker__GridCell-sc-105wvqb-3 hikauf"
        onMouseDown={[Function]}
        onMouseEnter={[Function]}
        onMouseUp={[Function]}
        onTouchEnd={[Function]}
        onTouchMove={[Function]}
        onTouchStart={[Function]}
        role="presentation"
      >
        <div
          className="DatePicker__DateCell-sc-105wvqb-4 jhANxd"
          selected={false}
        />
      </div>
      <div
        className="rgdp__grid-cell DatePicker__GridCell-sc-105wvqb-3 hikauf"
        onMouseDown={[Function]}
        onMouseEnter={[Function]}
        onMouseUp={[Function]}
        onTouchEnd={[Function]}
        onTouchMove={[Function]}
        onTouchStart={[Function]}
        role="presentation"
      >
        <div
          className="DatePicker__DateCell-sc-105wvqb-4 jhANxd"
          selected={false}
        />
      </div>
      <div
        className="rgdp__grid-cell DatePicker__GridCell-sc-105wvqb-3 hikauf"
        onMouseDown={[Function]}
        onMouseEnter={[Function]}
        onMouseUp={[Function]}
        onTouchEnd={[Function]}
        onTouchMove={[Function]}
        onTouchStart={[Function]}
        role="presentation"
      >
        <div
          className="DatePicker__DateCell-sc-105wvqb-4 jhANxd"
          selected={false}
        />
      </div>
      <div
        className="rgdp__grid-cell DatePicker__GridCell-sc-105wvqb-3 hikauf"
        onMouseDown={[Function]}
        onMouseEnter={[Function]}
        onMouseUp={[Function]}
        onTouchEnd={[Function]}
        onTouchMove={[Function]}
        onTouchStart={[Function]}
        role="presentation"
      >
        <div
          className="DatePicker__DateCell-sc-105wvqb-4 jhANxd"
          selected={false}
        />
      </div>
      <div
        className="rgdp__grid-cell DatePicker__GridCell-sc-105wvqb-3 hikauf"
        onMouseDown={[Function]}
        onMouseEnter={[Function]}
        onMouseUp={[Function]}
        onTouchEnd={[Function]}
        onTouchMove={[Function]}
        onTouchStart={[Function]}
        role="presentation"
      >
        <div
          className="DatePicker__DateCell-sc-105wvqb-4 jhANxd"
          selected={false}
        />
      </div>
      <div
        className="rgdp__grid-cell DatePicker__GridCell-sc-105wvqb-3 hikauf"
        onMouseDown={[Function]}
        onMouseEnter={[Function]}
        onMouseUp={[Function]}
        onTouchEnd={[Function]}
        onTouchMove={[Function]}
        onTouchStart={[Function]}
        role="presentation"
      >
        <div
          className="DatePicker__DateCell-sc-105wvqb-4 jhANxd"
          selected={false}
        />
      </div>
      <div
        className="rgdp__grid-cell DatePicker__GridCell-sc-105wvqb-3 hikauf"
        onMouseDown={[Function]}
        onMouseEnter={[Function]}
        onMouseUp={[Function]}
        onTouchEnd={[Function]}
        onTouchMove={[Function]}
        onTouchStart={[Function]}
        role="presentation"
      >
        <div
          className="DatePicker__DateCell-sc-105wvqb-4 jhANxd"
          selected={false}
        />
      </div>
      <div
        className="rgdp__grid-cell DatePicker__GridCell-sc-105wvqb-3 hikauf"
        onMouseDown={[Function]}
        onMouseEnter={[Function]}
        onMouseUp={[Function]}
        onTouchEnd={[Function]}
        onTouchMove={[Function]}
        onTouchStart={[Function]}
        role="presentation"
      >
        <div
          className="DatePicker__DateCell-sc-105wvqb-4 jhANxd"
          selected={false}
        />
      </div>
      <div
        className="rgdp__grid-cell DatePicker__GridCell-sc-105wvqb-3 hikauf"
        onMouseDown={[Function]}
        onMouseEnter={[Function]}
        onMouseUp={[Function]}
        onTouchEnd={[Function]}
        onTouchMove={[Function]}
        onTouchStart={[Function]}
        role="presentation"
      >
        <div
          className="DatePicker__DateCell-sc-105wvqb-4 jhANxd"
          selected={false}
        />
      </div>
      <div
        className="rgdp__grid-cell DatePicker__GridCell-sc-105wvqb-3 hikauf"
        onMouseDown={[Function]}
        onMouseEnter={[Function]}
        onMouseUp={[Function]}
        onTouchEnd={[Function]}
        onTouchMove={[Function]}
        onTouchStart={[Function]}
        role="presentation"
      >
        <div
          className="DatePicker__DateCell-sc-105wvqb-4 jhANxd"
          selected={false}
        />
      </div>
      <div
        className="rgdp__grid-cell DatePicker__GridCell-sc-105wvqb-3 hikauf"
        onMouseDown={[Function]}
        onMouseEnter={[Function]}
        onMouseUp={[Function]}
        onTouchEnd={[Function]}
        onTouchMove={[Function]}
        onTouchStart={[Function]}
        role="presentation"
      >
        <div
          className="DatePicker__DateCell-sc-105wvqb-4 jhANxd"
          selected={false}
        />
      </div>
    </div>
    <div
      className="DatePicker__Column-sc-105wvqb-2 bgDhyz"
    >
      <div
        className="DatePicker__GridCell-sc-105wvqb-3 hikauf"
      >
        <h1
          className="sc-9kwuzk-1-typography__Subtitle-gSHbMc hiXuDx typography__Title-sc-9kwuzk-0 cTLdTq"
        >
          1/4
        </h1>
      </div>
      <div
        className="rgdp__grid-cell DatePicker__GridCell-sc-105wvqb-3 hikauf"
        onMouseDown={[Function]}
        onMouseEnter={[Function]}
        onMouseUp={[Function]}
        onTouchEnd={[Function]}
        onTouchMove={[Function]}
        onTouchStart={[Function]}
        role="presentation"
      >
        <div
          className="DatePicker__DateCell-sc-105wvqb-4 jhANxd"
          selected={false}
        />
      </div>
      <div
        className="rgdp__grid-cell DatePicker__GridCell-sc-105wvqb-3 hikauf"
        onMouseDown={[Function]}
        onMouseEnter={[Function]}
        onMouseUp={[Function]}
        onTouchEnd={[Function]}
        onTouchMove={[Function]}
        onTouchStart={[Function]}
        role="presentation"
      >
        <div
          className="DatePicker__DateCell-sc-105wvqb-4 jhANxd"
          selected={false}
        />
      </div>
      <div
        className="rgdp__grid-cell DatePicker__GridCell-sc-105wvqb-3 hikauf"
        onMouseDown={[Function]}
        onMouseEnter={[Function]}
        onMouseUp={[Function]}
        onTouchEnd={[Function]}
        onTouchMove={[Function]}
        onTouchStart={[Function]}
        role="presentation"
      >
        <div
          className="DatePicker__DateCell-sc-105wvqb-4 jhANxd"
          selected={false}
        />
      </div>
      <div
        className="rgdp__grid-cell DatePicker__GridCell-sc-105wvqb-3 hikauf"
        onMouseDown={[Function]}
        onMouseEnter={[Function]}
        onMouseUp={[Function]}
        onTouchEnd={[Function]}
        onTouchMove={[Function]}
        onTouchStart={[Function]}
        role="presentation"
      >
        <div
          className="DatePicker__DateCell-sc-105wvqb-4 jhANxd"
          selected={false}
        />
      </div>
      <div
        className="rgdp__grid-cell DatePicker__GridCell-sc-105wvqb-3 hikauf"
        onMouseDown={[Function]}
        onMouseEnter={[Function]}
        onMouseUp={[Function]}
        onTouchEnd={[Function]}
        onTouchMove={[Function]}
        onTouchStart={[Function]}
        role="presentation"
      >
        <div
          className="DatePicker__DateCell-sc-105wvqb-4 jhANxd"
          selected={false}
        />
      </div>
      <div
        className="rgdp__grid-cell DatePicker__GridCell-sc-105wvqb-3 hikauf"
        onMouseDown={[Function]}
        onMouseEnter={[Function]}
        onMouseUp={[Function]}
        onTouchEnd={[Function]}
        onTouchMove={[Function]}
        onTouchStart={[Function]}
        role="presentation"
      >
        <div
          className="DatePicker__DateCell-sc-105wvqb-4 jhANxd"
          selected={false}
        />
      </div>
      <div
        className="rgdp__grid-cell DatePicker__GridCell-sc-105wvqb-3 hikauf"
        onMouseDown={[Function]}
        onMouseEnter={[Function]}
        onMouseUp={[Function]}
        onTouchEnd={[Function]}
        onTouchMove={[Function]}
        onTouchStart={[Function]}
        role="presentation"
      >
        <div
          className="DatePicker__DateCell-sc-105wvqb-4 jhANxd"
          selected={false}
        />
      </div>
      <div
        className="rgdp__grid-cell DatePicker__GridCell-sc-105wvqb-3 hikauf"
        onMouseDown={[Function]}
        onMouseEnter={[Function]}
        onMouseUp={[Function]}
        onTouchEnd={[Function]}
        onTouchMove={[Function]}
        onTouchStart={[Function]}
        role="presentation"
      >
        <div
          className="DatePicker__DateCell-sc-105wvqb-4 jhANxd"
          selected={false}
        />
      </div>
      <div
        className="rgdp__grid-cell DatePicker__GridCell-sc-105wvqb-3 hikauf"
        onMouseDown={[Function]}
        onMouseEnter={[Function]}
        onMouseUp={[Function]}
        onTouchEnd={[Function]}
        onTouchMove={[Function]}
        onTouchStart={[Function]}
        role="presentation"
      >
        <div
          className="DatePicker__DateCell-sc-105wvqb-4 jhANxd"
          selected={false}
        />
      </div>
      <div
        className="rgdp__grid-cell DatePicker__GridCell-sc-105wvqb-3 hikauf"
        onMouseDown={[Function]}
        onMouseEnter={[Function]}
        onMouseUp={[Function]}
        onTouchEnd={[Function]}
        onTouchMove={[Function]}
        onTouchStart={[Function]}
        role="presentation"
      >
        <div
          className="DatePicker__DateCell-sc-105wvqb-4 jhANxd"
          selected={false}
        />
      </div>
      <div
        className="rgdp__grid-cell DatePicker__GridCell-sc-105wvqb-3 hikauf"
        onMouseDown={[Function]}
        onMouseEnter={[Function]}
        onMouseUp={[Function]}
        onTouchEnd={[Function]}
        onTouchMove={[Function]}
        onTouchStart={[Function]}
        role="presentation"
      >
        <div
          className="DatePicker__DateCell-sc-105wvqb-4 jhANxd"
          selected={false}
        />
      </div>
      <div
        className="rgdp__grid-cell DatePicker__GridCell-sc-105wvqb-3 hikauf"
        onMouseDown={[Function]}
        onMouseEnter={[Function]}
        onMouseUp={[Function]}
        onTouchEnd={[Function]}
        onTouchMove={[Function]}
        onTouchStart={[Function]}
        role="presentation"
      >
        <div
          className="DatePicker__DateCell-sc-105wvqb-4 jhANxd"
          selected={false}
        />
      </div>
      <div
        className="rgdp__grid-cell DatePicker__GridCell-sc-105wvqb-3 hikauf"
        onMouseDown={[Function]}
        onMouseEnter={[Function]}
        onMouseUp={[Function]}
        onTouchEnd={[Function]}
        onTouchMove={[Function]}
        onTouchStart={[Function]}
        role="presentation"
      >
        <div
          className="DatePicker__DateCell-sc-105wvqb-4 jhANxd"
          selected={false}
        />
      </div>
      <div
        className="rgdp__grid-cell DatePicker__GridCell-sc-105wvqb-3 hikauf"
        onMouseDown={[Function]}
        onMouseEnter={[Function]}
        onMouseUp={[Function]}
        onTouchEnd={[Function]}
        onTouchMove={[Function]}
        onTouchStart={[Function]}
        role="presentation"
      >
        <div
          className="DatePicker__DateCell-sc-105wvqb-4 jhANxd"
          selected={false}
        />
      </div>
      <div
        className="rgdp__grid-cell DatePicker__GridCell-sc-105wvqb-3 hikauf"
        onMouseDown={[Function]}
        onMouseEnter={[Function]}
        onMouseUp={[Function]}
        onTouchEnd={[Function]}
        onTouchMove={[Function]}
        onTouchStart={[Function]}
        role="presentation"
      >
        <div
          className="DatePicker__DateCell-sc-105wvqb-4 jhANxd"
          selected={false}
        />
      </div>
    </div>
    <div
      className="DatePicker__Column-sc-105wvqb-2 bgDhyz"
    >
      <div
        className="DatePicker__GridCell-sc-105wvqb-3 hikauf"
      >
        <h1
          className="sc-9kwuzk-1-typography__Subtitle-gSHbMc hiXuDx typography__Title-sc-9kwuzk-0 cTLdTq"
        >
          1/5
        </h1>
      </div>
      <div
        className="rgdp__grid-cell DatePicker__GridCell-sc-105wvqb-3 hikauf"
        onMouseDown={[Function]}
        onMouseEnter={[Function]}
        onMouseUp={[Function]}
        onTouchEnd={[Function]}
        onTouchMove={[Function]}
        onTouchStart={[Function]}
        role="presentation"
      >
        <div
          className="DatePicker__DateCell-sc-105wvqb-4 jhANxd"
          selected={false}
        />
      </div>
      <div
        className="rgdp__grid-cell DatePicker__GridCell-sc-105wvqb-3 hikauf"
        onMouseDown={[Function]}
        onMouseEnter={[Function]}
        onMouseUp={[Function]}
        onTouchEnd={[Function]}
        onTouchMove={[Function]}
        onTouchStart={[Function]}
        role="presentation"
      >
        <div
          className="DatePicker__DateCell-sc-105wvqb-4 jhANxd"
          selected={false}
        />
      </div>
      <div
        className="rgdp__grid-cell DatePicker__GridCell-sc-105wvqb-3 hikauf"
        onMouseDown={[Function]}
        onMouseEnter={[Function]}
        onMouseUp={[Function]}
        onTouchEnd={[Function]}
        onTouchMove={[Function]}
        onTouchStart={[Function]}
        role="presentation"
      >
        <div
          className="DatePicker__DateCell-sc-105wvqb-4 jhANxd"
          selected={false}
        />
      </div>
      <div
        className="rgdp__grid-cell DatePicker__GridCell-sc-105wvqb-3 hikauf"
        onMouseDown={[Function]}
        onMouseEnter={[Function]}
        onMouseUp={[Function]}
        onTouchEnd={[Function]}
        onTouchMove={[Function]}
        onTouchStart={[Function]}
        role="presentation"
      >
        <div
          className="DatePicker__DateCell-sc-105wvqb-4 jhANxd"
          selected={false}
        />
      </div>
      <div
        className="rgdp__grid-cell DatePicker__GridCell-sc-105wvqb-3 hikauf"
        onMouseDown={[Function]}
        onMouseEnter={[Function]}
        onMouseUp={[Function]}
        onTouchEnd={[Function]}
        onTouchMove={[Function]}
        onTouchStart={[Function]}
        role="presentation"
      >
        <div
          className="DatePicker__DateCell-sc-105wvqb-4 jhANxd"
          selected={false}
        />
      </div>
      <div
        className="rgdp__grid-cell DatePicker__GridCell-sc-105wvqb-3 hikauf"
        onMouseDown={[Function]}
        onMouseEnter={[Function]}
        onMouseUp={[Function]}
        onTouchEnd={[Function]}
        onTouchMove={[Function]}
        onTouchStart={[Function]}
        role="presentation"
      >
        <div
          className="DatePicker__DateCell-sc-105wvqb-4 jhANxd"
          selected={false}
        />
      </div>
      <div
        className="rgdp__grid-cell DatePicker__GridCell-sc-105wvqb-3 hikauf"
        onMouseDown={[Function]}
        onMouseEnter={[Function]}
        onMouseUp={[Function]}
        onTouchEnd={[Function]}
        onTouchMove={[Function]}
        onTouchStart={[Function]}
        role="presentation"
      >
        <div
          className="DatePicker__DateCell-sc-105wvqb-4 jhANxd"
          selected={false}
        />
      </div>
      <div
        className="rgdp__grid-cell DatePicker__GridCell-sc-105wvqb-3 hikauf"
        onMouseDown={[Function]}
        onMouseEnter={[Function]}
        onMouseUp={[Function]}
        onTouchEnd={[Function]}
        onTouchMove={[Function]}
        onTouchStart={[Function]}
        role="presentation"
      >
        <div
          className="DatePicker__DateCell-sc-105wvqb-4 jhANxd"
          selected={false}
        />
      </div>
      <div
        className="rgdp__grid-cell DatePicker__GridCell-sc-105wvqb-3 hikauf"
        onMouseDown={[Function]}
        onMouseEnter={[Function]}
        onMouseUp={[Function]}
        onTouchEnd={[Function]}
        onTouchMove={[Function]}
        onTouchStart={[Function]}
        role="presentation"
      >
        <div
          className="DatePicker__DateCell-sc-105wvqb-4 jhANxd"
          selected={false}
        />
      </div>
      <div
        className="rgdp__grid-cell DatePicker__GridCell-sc-105wvqb-3 hikauf"
        onMouseDown={[Function]}
        onMouseEnter={[Function]}
        onMouseUp={[Function]}
        onTouchEnd={[Function]}
        onTouchMove={[Function]}
        onTouchStart={[Function]}
        role="presentation"
      >
        <div
          className="DatePicker__DateCell-sc-105wvqb-4 jhANxd"
          selected={false}
        />
      </div>
      <div
        className="rgdp__grid-cell DatePicker__GridCell-sc-105wvqb-3 hikauf"
        onMouseDown={[Function]}
        onMouseEnter={[Function]}
        onMouseUp={[Function]}
        onTouchEnd={[Function]}
        onTouchMove={[Function]}
        onTouchStart={[Function]}
        role="presentation"
      >
        <div
          className="DatePicker__DateCell-sc-105wvqb-4 jhANxd"
          selected={false}
        />
      </div>
      <div
        className="rgdp__grid-cell DatePicker__GridCell-sc-105wvqb-3 hikauf"
        onMouseDown={[Function]}
        onMouseEnter={[Function]}
        onMouseUp={[Function]}
        onTouchEnd={[Function]}
        onTouchMove={[Function]}
        onTouchStart={[Function]}
        role="presentation"
      >
        <div
          className="DatePicker__DateCell-sc-105wvqb-4 jhANxd"
          selected={false}
        />
      </div>
      <div
        className="rgdp__grid-cell DatePicker__GridCell-sc-105wvqb-3 hikauf"
        onMouseDown={[Function]}
        onMouseEnter={[Function]}
        onMouseUp={[Function]}
        onTouchEnd={[Function]}
        onTouchMove={[Function]}
        onTouchStart={[Function]}
        role="presentation"
      >
        <div
          className="DatePicker__DateCell-sc-105wvqb-4 jhANxd"
          selected={false}
        />
      </div>
      <div
        className="rgdp__grid-cell DatePicker__GridCell-sc-105wvqb-3 hikauf"
        onMouseDown={[Function]}
        onMouseEnter={[Function]}
        onMouseUp={[Function]}
        onTouchEnd={[Function]}
        onTouchMove={[Function]}
        onTouchStart={[Function]}
        role="presentation"
      >
        <div
          className="DatePicker__DateCell-sc-105wvqb-4 jhANxd"
          selected={false}
        />
      </div>
      <div
        className="rgdp__grid-cell DatePicker__GridCell-sc-105wvqb-3 hikauf"
        onMouseDown={[Function]}
        onMouseEnter={[Function]}
        onMouseUp={[Function]}
        onTouchEnd={[Function]}
        onTouchMove={[Function]}
        onTouchStart={[Function]}
        role="presentation"
      >
        <div
          className="DatePicker__DateCell-sc-105wvqb-4 jhANxd"
          selected={false}
        />
      </div>
    </div>
  </div>
</div>
`;

exports[`Date cell render prop is used if provided 1`] = `
<div
  className="DatePicker__Wrapper-sc-105wvqb-0 izPHbF"
>
  <div
    className="DatePicker__Grid-sc-105wvqb-1 hnBGgZ"
  >
    <div
      className="DatePicker__Column-sc-105wvqb-2 bgDhyz"
    >
      <h1
        className="sc-9kwuzk-1-typography__Subtitle-gSHbMc hiXuDx typography__Title-sc-9kwuzk-0 cTLdTq"
      />
      <div
        className="DatePicker__TimeLabelCell-sc-105wvqb-5 hWZGjN"
      >
        <p
          className="sc-9kwuzk-2-typography__Text-cPXYyj jbwvUQ"
        >
          9am
        </p>
      </div>
      <div
        className="DatePicker__TimeLabelCell-sc-105wvqb-5 hWZGjN"
      >
        <p
          className="sc-9kwuzk-2-typography__Text-cPXYyj jbwvUQ"
        >
          10am
        </p>
      </div>
      <div
        className="DatePicker__TimeLabelCell-sc-105wvqb-5 hWZGjN"
      >
        <p
          className="sc-9kwuzk-2-typography__Text-cPXYyj jbwvUQ"
        >
          11am
        </p>
      </div>
      <div
        className="DatePicker__TimeLabelCell-sc-105wvqb-5 hWZGjN"
      >
        <p
          className="sc-9kwuzk-2-typography__Text-cPXYyj jbwvUQ"
        >
          12pm
        </p>
      </div>
      <div
        className="DatePicker__TimeLabelCell-sc-105wvqb-5 hWZGjN"
      >
        <p
          className="sc-9kwuzk-2-typography__Text-cPXYyj jbwvUQ"
        >
          1pm
        </p>
      </div>
      <div
        className="DatePicker__TimeLabelCell-sc-105wvqb-5 hWZGjN"
      >
        <p
          className="sc-9kwuzk-2-typography__Text-cPXYyj jbwvUQ"
        >
          2pm
        </p>
      </div>
      <div
        className="DatePicker__TimeLabelCell-sc-105wvqb-5 hWZGjN"
      >
        <p
          className="sc-9kwuzk-2-typography__Text-cPXYyj jbwvUQ"
        >
          3pm
        </p>
      </div>
      <div
        className="DatePicker__TimeLabelCell-sc-105wvqb-5 hWZGjN"
      >
        <p
          className="sc-9kwuzk-2-typography__Text-cPXYyj jbwvUQ"
        >
          4pm
        </p>
      </div>
      <div
        className="DatePicker__TimeLabelCell-sc-105wvqb-5 hWZGjN"
      >
        <p
          className="sc-9kwuzk-2-typography__Text-cPXYyj jbwvUQ"
        >
          5pm
        </p>
      </div>
      <div
        className="DatePicker__TimeLabelCell-sc-105wvqb-5 hWZGjN"
      >
        <p
          className="sc-9kwuzk-2-typography__Text-cPXYyj jbwvUQ"
        >
          6pm
        </p>
      </div>
      <div
        className="DatePicker__TimeLabelCell-sc-105wvqb-5 hWZGjN"
      >
        <p
          className="sc-9kwuzk-2-typography__Text-cPXYyj jbwvUQ"
        >
          7pm
        </p>
      </div>
      <div
        className="DatePicker__TimeLabelCell-sc-105wvqb-5 hWZGjN"
      >
        <p
          className="sc-9kwuzk-2-typography__Text-cPXYyj jbwvUQ"
        >
          8pm
        </p>
      </div>
      <div
        className="DatePicker__TimeLabelCell-sc-105wvqb-5 hWZGjN"
      >
        <p
          className="sc-9kwuzk-2-typography__Text-cPXYyj jbwvUQ"
        >
          9pm
        </p>
      </div>
      <div
        className="DatePicker__TimeLabelCell-sc-105wvqb-5 hWZGjN"
      >
        <p
          className="sc-9kwuzk-2-typography__Text-cPXYyj jbwvUQ"
        >
          10pm
        </p>
      </div>
      <div
        className="DatePicker__TimeLabelCell-sc-105wvqb-5 hWZGjN"
      >
        <p
          className="sc-9kwuzk-2-typography__Text-cPXYyj jbwvUQ"
        >
          11pm
        </p>
      </div>
    </div>
    <div
      className="DatePicker__Column-sc-105wvqb-2 bgDhyz"
    >
      <div
        className="DatePicker__GridCell-sc-105wvqb-3 hikauf"
      >
        <h1
          className="sc-9kwuzk-1-typography__Subtitle-gSHbMc hiXuDx typography__Title-sc-9kwuzk-0 cTLdTq"
        >
          1/1
        </h1>
      </div>
      <div
        className="rgdp__grid-cell DatePicker__GridCell-sc-105wvqb-3 hikauf"
        onMouseDown={[Function]}
        onMouseEnter={[Function]}
        onMouseUp={[Function]}
        onTouchEnd={[Function]}
        onTouchMove={[Function]}
        onTouchStart={[Function]}
        role="presentation"
      >
        <div
          className="false test-date-cell-renderer"
        >
          Mon Jan 01 2018
        </div>
      </div>
      <div
        className="rgdp__grid-cell DatePicker__GridCell-sc-105wvqb-3 hikauf"
        onMouseDown={[Function]}
        onMouseEnter={[Function]}
        onMouseUp={[Function]}
        onTouchEnd={[Function]}
        onTouchMove={[Function]}
        onTouchStart={[Function]}
        role="presentation"
      >
        <div
          className="false test-date-cell-renderer"
        >
          Mon Jan 01 2018
        </div>
      </div>
      <div
        className="rgdp__grid-cell DatePicker__GridCell-sc-105wvqb-3 hikauf"
        onMouseDown={[Function]}
        onMouseEnter={[Function]}
        onMouseUp={[Function]}
        onTouchEnd={[Function]}
        onTouchMove={[Function]}
        onTouchStart={[Function]}
        role="presentation"
      >
        <div
          className="false test-date-cell-renderer"
        >
          Mon Jan 01 2018
        </div>
      </div>
      <div
        className="rgdp__grid-cell DatePicker__GridCell-sc-105wvqb-3 hikauf"
        onMouseDown={[Function]}
        onMouseEnter={[Function]}
        onMouseUp={[Function]}
        onTouchEnd={[Function]}
        onTouchMove={[Function]}
        onTouchStart={[Function]}
        role="presentation"
      >
        <div
          className="selected test-date-cell-renderer"
        >
          Mon Jan 01 2018
        </div>
      </div>
      <div
        className="rgdp__grid-cell DatePicker__GridCell-sc-105wvqb-3 hikauf"
        onMouseDown={[Function]}
        onMouseEnter={[Function]}
        onMouseUp={[Function]}
        onTouchEnd={[Function]}
        onTouchMove={[Function]}
        onTouchStart={[Function]}
        role="presentation"
      >
        <div
          className="false test-date-cell-renderer"
        >
          Mon Jan 01 2018
        </div>
      </div>
      <div
        className="rgdp__grid-cell DatePicker__GridCell-sc-105wvqb-3 hikauf"
        onMouseDown={[Function]}
        onMouseEnter={[Function]}
        onMouseUp={[Function]}
        onTouchEnd={[Function]}
        onTouchMove={[Function]}
        onTouchStart={[Function]}
        role="presentation"
      >
        <div
          className="false test-date-cell-renderer"
        >
          Mon Jan 01 2018
        </div>
      </div>
      <div
        className="rgdp__grid-cell DatePicker__GridCell-sc-105wvqb-3 hikauf"
        onMouseDown={[Function]}
        onMouseEnter={[Function]}
        onMouseUp={[Function]}
        onTouchEnd={[Function]}
        onTouchMove={[Function]}
        onTouchStart={[Function]}
        role="presentation"
      >
        <div
          className="false test-date-cell-renderer"
        >
          Mon Jan 01 2018
        </div>
      </div>
      <div
        className="rgdp__grid-cell DatePicker__GridCell-sc-105wvqb-3 hikauf"
        onMouseDown={[Function]}
        onMouseEnter={[Function]}
        onMouseUp={[Function]}
        onTouchEnd={[Function]}
        onTouchMove={[Function]}
        onTouchStart={[Function]}
        role="presentation"
      >
        <div
          className="false test-date-cell-renderer"
        >
          Mon Jan 01 2018
        </div>
      </div>
      <div
        className="rgdp__grid-cell DatePicker__GridCell-sc-105wvqb-3 hikauf"
        onMouseDown={[Function]}
        onMouseEnter={[Function]}
        onMouseUp={[Function]}
        onTouchEnd={[Function]}
        onTouchMove={[Function]}
        onTouchStart={[Function]}
        role="presentation"
      >
        <div
          className="false test-date-cell-renderer"
        >
          Mon Jan 01 2018
        </div>
      </div>
      <div
        className="rgdp__grid-cell DatePicker__GridCell-sc-105wvqb-3 hikauf"
        onMouseDown={[Function]}
        onMouseEnter={[Function]}
        onMouseUp={[Function]}
        onTouchEnd={[Function]}
        onTouchMove={[Function]}
        onTouchStart={[Function]}
        role="presentation"
      >
        <div
          className="false test-date-cell-renderer"
        >
          Mon Jan 01 2018
        </div>
      </div>
      <div
        className="rgdp__grid-cell DatePicker__GridCell-sc-105wvqb-3 hikauf"
        onMouseDown={[Function]}
        onMouseEnter={[Function]}
        onMouseUp={[Function]}
        onTouchEnd={[Function]}
        onTouchMove={[Function]}
        onTouchStart={[Function]}
        role="presentation"
      >
        <div
          className="false test-date-cell-renderer"
        >
          Mon Jan 01 2018
        </div>
      </div>
      <div
        className="rgdp__grid-cell DatePicker__GridCell-sc-105wvqb-3 hikauf"
        onMouseDown={[Function]}
        onMouseEnter={[Function]}
        onMouseUp={[Function]}
        onTouchEnd={[Function]}
        onTouchMove={[Function]}
        onTouchStart={[Function]}
        role="presentation"
      >
        <div
          className="false test-date-cell-renderer"
        >
          Mon Jan 01 2018
        </div>
      </div>
      <div
        className="rgdp__grid-cell DatePicker__GridCell-sc-105wvqb-3 hikauf"
        onMouseDown={[Function]}
        onMouseEnter={[Function]}
        onMouseUp={[Function]}
        onTouchEnd={[Function]}
        onTouchMove={[Function]}
        onTouchStart={[Function]}
        role="presentation"
      >
        <div
          className="false test-date-cell-renderer"
        >
          Mon Jan 01 2018
        </div>
      </div>
      <div
        className="rgdp__grid-cell DatePicker__GridCell-sc-105wvqb-3 hikauf"
        onMouseDown={[Function]}
        onMouseEnter={[Function]}
        onMouseUp={[Function]}
        onTouchEnd={[Function]}
        onTouchMove={[Function]}
        onTouchStart={[Function]}
        role="presentation"
      >
        <div
          className="false test-date-cell-renderer"
        >
          Mon Jan 01 2018
        </div>
      </div>
      <div
        className="rgdp__grid-cell DatePicker__GridCell-sc-105wvqb-3 hikauf"
        onMouseDown={[Function]}
        onMouseEnter={[Function]}
        onMouseUp={[Function]}
        onTouchEnd={[Function]}
        onTouchMove={[Function]}
        onTouchStart={[Function]}
        role="presentation"
      >
        <div
          className="false test-date-cell-renderer"
        >
          Mon Jan 01 2018
        </div>
      </div>
    </div>
    <div
      className="DatePicker__Column-sc-105wvqb-2 bgDhyz"
    >
      <div
        className="DatePicker__GridCell-sc-105wvqb-3 hikauf"
      >
        <h1
          className="sc-9kwuzk-1-typography__Subtitle-gSHbMc hiXuDx typography__Title-sc-9kwuzk-0 cTLdTq"
        >
          1/2
        </h1>
      </div>
      <div
        className="rgdp__grid-cell DatePicker__GridCell-sc-105wvqb-3 hikauf"
        onMouseDown={[Function]}
        onMouseEnter={[Function]}
        onMouseUp={[Function]}
        onTouchEnd={[Function]}
        onTouchMove={[Function]}
        onTouchStart={[Function]}
        role="presentation"
      >
        <div
          className="false test-date-cell-renderer"
        >
          Tue Jan 02 2018
        </div>
      </div>
      <div
        className="rgdp__grid-cell DatePicker__GridCell-sc-105wvqb-3 hikauf"
        onMouseDown={[Function]}
        onMouseEnter={[Function]}
        onMouseUp={[Function]}
        onTouchEnd={[Function]}
        onTouchMove={[Function]}
        onTouchStart={[Function]}
        role="presentation"
      >
        <div
          className="false test-date-cell-renderer"
        >
          Tue Jan 02 2018
        </div>
      </div>
      <div
        className="rgdp__grid-cell DatePicker__GridCell-sc-105wvqb-3 hikauf"
        onMouseDown={[Function]}
        onMouseEnter={[Function]}
        onMouseUp={[Function]}
        onTouchEnd={[Function]}
        onTouchMove={[Function]}
        onTouchStart={[Function]}
        role="presentation"
      >
        <div
          className="false test-date-cell-renderer"
        >
          Tue Jan 02 2018
        </div>
      </div>
      <div
        className="rgdp__grid-cell DatePicker__GridCell-sc-105wvqb-3 hikauf"
        onMouseDown={[Function]}
        onMouseEnter={[Function]}
        onMouseUp={[Function]}
        onTouchEnd={[Function]}
        onTouchMove={[Function]}
        onTouchStart={[Function]}
        role="presentation"
      >
        <div
          className="false test-date-cell-renderer"
        >
          Tue Jan 02 2018
        </div>
      </div>
      <div
        className="rgdp__grid-cell DatePicker__GridCell-sc-105wvqb-3 hikauf"
        onMouseDown={[Function]}
        onMouseEnter={[Function]}
        onMouseUp={[Function]}
        onTouchEnd={[Function]}
        onTouchMove={[Function]}
        onTouchStart={[Function]}
        role="presentation"
      >
        <div
          className="selected test-date-cell-renderer"
        >
          Tue Jan 02 2018
        </div>
      </div>
      <div
        className="rgdp__grid-cell DatePicker__GridCell-sc-105wvqb-3 hikauf"
        onMouseDown={[Function]}
        onMouseEnter={[Function]}
        onMouseUp={[Function]}
        onTouchEnd={[Function]}
        onTouchMove={[Function]}
        onTouchStart={[Function]}
        role="presentation"
      >
        <div
          className="false test-date-cell-renderer"
        >
          Tue Jan 02 2018
        </div>
      </div>
      <div
        className="rgdp__grid-cell DatePicker__GridCell-sc-105wvqb-3 hikauf"
        onMouseDown={[Function]}
        onMouseEnter={[Function]}
        onMouseUp={[Function]}
        onTouchEnd={[Function]}
        onTouchMove={[Function]}
        onTouchStart={[Function]}
        role="presentation"
      >
        <div
          className="false test-date-cell-renderer"
        >
          Tue Jan 02 2018
        </div>
      </div>
      <div
        className="rgdp__grid-cell DatePicker__GridCell-sc-105wvqb-3 hikauf"
        onMouseDown={[Function]}
        onMouseEnter={[Function]}
        onMouseUp={[Function]}
        onTouchEnd={[Function]}
        onTouchMove={[Function]}
        onTouchStart={[Function]}
        role="presentation"
      >
        <div
          className="false test-date-cell-renderer"
        >
          Tue Jan 02 2018
        </div>
      </div>
      <div
        className="rgdp__grid-cell DatePicker__GridCell-sc-105wvqb-3 hikauf"
        onMouseDown={[Function]}
        onMouseEnter={[Function]}
        onMouseUp={[Function]}
        onTouchEnd={[Function]}
        onTouchMove={[Function]}
        onTouchStart={[Function]}
        role="presentation"
      >
        <div
          className="false test-date-cell-renderer"
        >
          Tue Jan 02 2018
        </div>
      </div>
      <div
        className="rgdp__grid-cell DatePicker__GridCell-sc-105wvqb-3 hikauf"
        onMouseDown={[Function]}
        onMouseEnter={[Function]}
        onMouseUp={[Function]}
        onTouchEnd={[Function]}
        onTouchMove={[Function]}
        onTouchStart={[Function]}
        role="presentation"
      >
        <div
          className="false test-date-cell-renderer"
        >
          Tue Jan 02 2018
        </div>
      </div>
      <div
        className="rgdp__grid-cell DatePicker__GridCell-sc-105wvqb-3 hikauf"
        onMouseDown={[Function]}
        onMouseEnter={[Function]}
        onMouseUp={[Function]}
        onTouchEnd={[Function]}
        onTouchMove={[Function]}
        onTouchStart={[Function]}
        role="presentation"
      >
        <div
          className="false test-date-cell-renderer"
        >
          Tue Jan 02 2018
        </div>
      </div>
      <div
        className="rgdp__grid-cell DatePicker__GridCell-sc-105wvqb-3 hikauf"
        onMouseDown={[Function]}
        onMouseEnter={[Function]}
        onMouseUp={[Function]}
        onTouchEnd={[Function]}
        onTouchMove={[Function]}
        onTouchStart={[Function]}
        role="presentation"
      >
        <div
          className="false test-date-cell-renderer"
        >
          Tue Jan 02 2018
        </div>
      </div>
      <div
        className="rgdp__grid-cell DatePicker__GridCell-sc-105wvqb-3 hikauf"
        onMouseDown={[Function]}
        onMouseEnter={[Function]}
        onMouseUp={[Function]}
        onTouchEnd={[Function]}
        onTouchMove={[Function]}
        onTouchStart={[Function]}
        role="presentation"
      >
        <div
          className="false test-date-cell-renderer"
        >
          Tue Jan 02 2018
        </div>
      </div>
      <div
        className="rgdp__grid-cell DatePicker__GridCell-sc-105wvqb-3 hikauf"
        onMouseDown={[Function]}
        onMouseEnter={[Function]}
        onMouseUp={[Function]}
        onTouchEnd={[Function]}
        onTouchMove={[Function]}
        onTouchStart={[Function]}
        role="presentation"
      >
        <div
          className="false test-date-cell-renderer"
        >
          Tue Jan 02 2018
        </div>
      </div>
      <div
        className="rgdp__grid-cell DatePicker__GridCell-sc-105wvqb-3 hikauf"
        onMouseDown={[Function]}
        onMouseEnter={[Function]}
        onMouseUp={[Function]}
        onTouchEnd={[Function]}
        onTouchMove={[Function]}
        onTouchStart={[Function]}
        role="presentation"
      >
        <div
          className="false test-date-cell-renderer"
        >
          Tue Jan 02 2018
        </div>
      </div>
    </div>
    <div
      className="DatePicker__Column-sc-105wvqb-2 bgDhyz"
    >
      <div
        className="DatePicker__GridCell-sc-105wvqb-3 hikauf"
      >
        <h1
          className="sc-9kwuzk-1-typography__Subtitle-gSHbMc hiXuDx typography__Title-sc-9kwuzk-0 cTLdTq"
        >
          1/3
        </h1>
      </div>
      <div
        className="rgdp__grid-cell DatePicker__GridCell-sc-105wvqb-3 hikauf"
        onMouseDown={[Function]}
        onMouseEnter={[Function]}
        onMouseUp={[Function]}
        onTouchEnd={[Function]}
        onTouchMove={[Function]}
        onTouchStart={[Function]}
        role="presentation"
      >
        <div
          className="false test-date-cell-renderer"
        >
          Wed Jan 03 2018
        </div>
      </div>
      <div
        className="rgdp__grid-cell DatePicker__GridCell-sc-105wvqb-3 hikauf"
        onMouseDown={[Function]}
        onMouseEnter={[Function]}
        onMouseUp={[Function]}
        onTouchEnd={[Function]}
        onTouchMove={[Function]}
        onTouchStart={[Function]}
        role="presentation"
      >
        <div
          className="false test-date-cell-renderer"
        >
          Wed Jan 03 2018
        </div>
      </div>
      <div
        className="rgdp__grid-cell DatePicker__GridCell-sc-105wvqb-3 hikauf"
        onMouseDown={[Function]}
        onMouseEnter={[Function]}
        onMouseUp={[Function]}
        onTouchEnd={[Function]}
        onTouchMove={[Function]}
        onTouchStart={[Function]}
        role="presentation"
      >
        <div
          className="false test-date-cell-renderer"
        >
          Wed Jan 03 2018
        </div>
      </div>
      <div
        className="rgdp__grid-cell DatePicker__GridCell-sc-105wvqb-3 hikauf"
        onMouseDown={[Function]}
        onMouseEnter={[Function]}
        onMouseUp={[Function]}
        onTouchEnd={[Function]}
        onTouchMove={[Function]}
        onTouchStart={[Function]}
        role="presentation"
      >
        <div
          className="false test-date-cell-renderer"
        >
          Wed Jan 03 2018
        </div>
      </div>
      <div
        className="rgdp__grid-cell DatePicker__GridCell-sc-105wvqb-3 hikauf"
        onMouseDown={[Function]}
        onMouseEnter={[Function]}
        onMouseUp={[Function]}
        onTouchEnd={[Function]}
        onTouchMove={[Function]}
        onTouchStart={[Function]}
        role="presentation"
      >
        <div
          className="false test-date-cell-renderer"
        >
          Wed Jan 03 2018
        </div>
      </div>
      <div
        className="rgdp__grid-cell DatePicker__GridCell-sc-105wvqb-3 hikauf"
        onMouseDown={[Function]}
        onMouseEnter={[Function]}
        onMouseUp={[Function]}
        onTouchEnd={[Function]}
        onTouchMove={[Function]}
        onTouchStart={[Function]}
        role="presentation"
      >
        <div
          className="false test-date-cell-renderer"
        >
          Wed Jan 03 2018
        </div>
      </div>
      <div
        className="rgdp__grid-cell DatePicker__GridCell-sc-105wvqb-3 hikauf"
        onMouseDown={[Function]}
        onMouseEnter={[Function]}
        onMouseUp={[Function]}
        onTouchEnd={[Function]}
        onTouchMove={[Function]}
        onTouchStart={[Function]}
        role="presentation"
      >
        <div
          className="false test-date-cell-renderer"
        >
          Wed Jan 03 2018
        </div>
      </div>
      <div
        className="rgdp__grid-cell DatePicker__GridCell-sc-105wvqb-3 hikauf"
        onMouseDown={[Function]}
        onMouseEnter={[Function]}
        onMouseUp={[Function]}
        onTouchEnd={[Function]}
        onTouchMove={[Function]}
        onTouchStart={[Function]}
        role="presentation"
      >
        <div
          className="false test-date-cell-renderer"
        >
          Wed Jan 03 2018
        </div>
      </div>
      <div
        className="rgdp__grid-cell DatePicker__GridCell-sc-105wvqb-3 hikauf"
        onMouseDown={[Function]}
        onMouseEnter={[Function]}
        onMouseUp={[Function]}
        onTouchEnd={[Function]}
        onTouchMove={[Function]}
        onTouchStart={[Function]}
        role="presentation"
      >
        <div
          className="false test-date-cell-renderer"
        >
          Wed Jan 03 2018
        </div>
      </div>
      <div
        className="rgdp__grid-cell DatePicker__GridCell-sc-105wvqb-3 hikauf"
        onMouseDown={[Function]}
        onMouseEnter={[Function]}
        onMouseUp={[Function]}
        onTouchEnd={[Function]}
        onTouchMove={[Function]}
        onTouchStart={[Function]}
        role="presentation"
      >
        <div
          className="false test-date-cell-renderer"
        >
          Wed Jan 03 2018
        </div>
      </div>
      <div
        className="rgdp__grid-cell DatePicker__GridCell-sc-105wvqb-3 hikauf"
        onMouseDown={[Function]}
        onMouseEnter={[Function]}
        onMouseUp={[Function]}
        onTouchEnd={[Function]}
        onTouchMove={[Function]}
        onTouchStart={[Function]}
        role="presentation"
      >
        <div
          className="false test-date-cell-renderer"
        >
          Wed Jan 03 2018
        </div>
      </div>
      <div
        className="rgdp__grid-cell DatePicker__GridCell-sc-105wvqb-3 hikauf"
        onMouseDown={[Function]}
        onMouseEnter={[Function]}
        onMouseUp={[Function]}
        onTouchEnd={[Function]}
        onTouchMove={[Function]}
        onTouchStart={[Function]}
        role="presentation"
      >
        <div
          className="false test-date-cell-renderer"
        >
          Wed Jan 03 2018
        </div>
      </div>
      <div
        className="rgdp__grid-cell DatePicker__GridCell-sc-105wvqb-3 hikauf"
        onMouseDown={[Function]}
        onMouseEnter={[Function]}
        onMouseUp={[Function]}
        onTouchEnd={[Function]}
        onTouchMove={[Function]}
        onTouchStart={[Function]}
        role="presentation"
      >
        <div
          className="false test-date-cell-renderer"
        >
          Wed Jan 03 2018
        </div>
      </div>
      <div
        className="rgdp__grid-cell DatePicker__GridCell-sc-105wvqb-3 hikauf"
        onMouseDown={[Function]}
        onMouseEnter={[Function]}
        onMouseUp={[Function]}
        onTouchEnd={[Function]}
        onTouchMove={[Function]}
        onTouchStart={[Function]}
        role="presentation"
      >
        <div
          className="false test-date-cell-renderer"
        >
          Wed Jan 03 2018
        </div>
      </div>
      <div
        className="rgdp__grid-cell DatePicker__GridCell-sc-105wvqb-3 hikauf"
        onMouseDown={[Function]}
        onMouseEnter={[Function]}
        onMouseUp={[Function]}
        onTouchEnd={[Function]}
        onTouchMove={[Function]}
        onTouchStart={[Function]}
        role="presentation"
      >
        <div
          className="false test-date-cell-renderer"
        >
          Wed Jan 03 2018
        </div>
      </div>
    </div>
    <div
      className="DatePicker__Column-sc-105wvqb-2 bgDhyz"
    >
      <div
        className="DatePicker__GridCell-sc-105wvqb-3 hikauf"
      >
        <h1
          className="sc-9kwuzk-1-typography__Subtitle-gSHbMc hiXuDx typography__Title-sc-9kwuzk-0 cTLdTq"
        >
          1/4
        </h1>
      </div>
      <div
        className="rgdp__grid-cell DatePicker__GridCell-sc-105wvqb-3 hikauf"
        onMouseDown={[Function]}
        onMouseEnter={[Function]}
        onMouseUp={[Function]}
        onTouchEnd={[Function]}
        onTouchMove={[Function]}
        onTouchStart={[Function]}
        role="presentation"
      >
        <div
          className="false test-date-cell-renderer"
        >
          Thu Jan 04 2018
        </div>
      </div>
      <div
        className="rgdp__grid-cell DatePicker__GridCell-sc-105wvqb-3 hikauf"
        onMouseDown={[Function]}
        onMouseEnter={[Function]}
        onMouseUp={[Function]}
        onTouchEnd={[Function]}
        onTouchMove={[Function]}
        onTouchStart={[Function]}
        role="presentation"
      >
        <div
          className="false test-date-cell-renderer"
        >
          Thu Jan 04 2018
        </div>
      </div>
      <div
        className="rgdp__grid-cell DatePicker__GridCell-sc-105wvqb-3 hikauf"
        onMouseDown={[Function]}
        onMouseEnter={[Function]}
        onMouseUp={[Function]}
        onTouchEnd={[Function]}
        onTouchMove={[Function]}
        onTouchStart={[Function]}
        role="presentation"
      >
        <div
          className="false test-date-cell-renderer"
        >
          Thu Jan 04 2018
        </div>
      </div>
      <div
        className="rgdp__grid-cell DatePicker__GridCell-sc-105wvqb-3 hikauf"
        onMouseDown={[Function]}
        onMouseEnter={[Function]}
        onMouseUp={[Function]}
        onTouchEnd={[Function]}
        onTouchMove={[Function]}
        onTouchStart={[Function]}
        role="presentation"
      >
        <div
          className="false test-date-cell-renderer"
        >
          Thu Jan 04 2018
        </div>
      </div>
      <div
        className="rgdp__grid-cell DatePicker__GridCell-sc-105wvqb-3 hikauf"
        onMouseDown={[Function]}
        onMouseEnter={[Function]}
        onMouseUp={[Function]}
        onTouchEnd={[Function]}
        onTouchMove={[Function]}
        onTouchStart={[Function]}
        role="presentation"
      >
        <div
          className="false test-date-cell-renderer"
        >
          Thu Jan 04 2018
        </div>
      </div>
      <div
        className="rgdp__grid-cell DatePicker__GridCell-sc-105wvqb-3 hikauf"
        onMouseDown={[Function]}
        onMouseEnter={[Function]}
        onMouseUp={[Function]}
        onTouchEnd={[Function]}
        onTouchMove={[Function]}
        onTouchStart={[Function]}
        role="presentation"
      >
        <div
          className="false test-date-cell-renderer"
        >
          Thu Jan 04 2018
        </div>
      </div>
      <div
        className="rgdp__grid-cell DatePicker__GridCell-sc-105wvqb-3 hikauf"
        onMouseDown={[Function]}
        onMouseEnter={[Function]}
        onMouseUp={[Function]}
        onTouchEnd={[Function]}
        onTouchMove={[Function]}
        onTouchStart={[Function]}
        role="presentation"
      >
        <div
          className="false test-date-cell-renderer"
        >
          Thu Jan 04 2018
        </div>
      </div>
      <div
        className="rgdp__grid-cell DatePicker__GridCell-sc-105wvqb-3 hikauf"
        onMouseDown={[Function]}
        onMouseEnter={[Function]}
        onMouseUp={[Function]}
        onTouchEnd={[Function]}
        onTouchMove={[Function]}
        onTouchStart={[Function]}
        role="presentation"
      >
        <div
          className="false test-date-cell-renderer"
        >
          Thu Jan 04 2018
        </div>
      </div>
      <div
        className="rgdp__grid-cell DatePicker__GridCell-sc-105wvqb-3 hikauf"
        onMouseDown={[Function]}
        onMouseEnter={[Function]}
        onMouseUp={[Function]}
        onTouchEnd={[Function]}
        onTouchMove={[Function]}
        onTouchStart={[Function]}
        role="presentation"
      >
        <div
          className="false test-date-cell-renderer"
        >
          Thu Jan 04 2018
        </div>
      </div>
      <div
        className="rgdp__grid-cell DatePicker__GridCell-sc-105wvqb-3 hikauf"
        onMouseDown={[Function]}
        onMouseEnter={[Function]}
        onMouseUp={[Function]}
        onTouchEnd={[Function]}
        onTouchMove={[Function]}
        onTouchStart={[Function]}
        role="presentation"
      >
        <div
          className="false test-date-cell-renderer"
        >
          Thu Jan 04 2018
        </div>
      </div>
      <div
        className="rgdp__grid-cell DatePicker__GridCell-sc-105wvqb-3 hikauf"
        onMouseDown={[Function]}
        onMouseEnter={[Function]}
        onMouseUp={[Function]}
        onTouchEnd={[Function]}
        onTouchMove={[Function]}
        onTouchStart={[Function]}
        role="presentation"
      >
        <div
          className="false test-date-cell-renderer"
        >
          Thu Jan 04 2018
        </div>
      </div>
      <div
        className="rgdp__grid-cell DatePicker__GridCell-sc-105wvqb-3 hikauf"
        onMouseDown={[Function]}
        onMouseEnter={[Function]}
        onMouseUp={[Function]}
        onTouchEnd={[Function]}
        onTouchMove={[Function]}
        onTouchStart={[Function]}
        role="presentation"
      >
        <div
          className="false test-date-cell-renderer"
        >
          Thu Jan 04 2018
        </div>
      </div>
      <div
        className="rgdp__grid-cell DatePicker__GridCell-sc-105wvqb-3 hikauf"
        onMouseDown={[Function]}
        onMouseEnter={[Function]}
        onMouseUp={[Function]}
        onTouchEnd={[Function]}
        onTouchMove={[Function]}
        onTouchStart={[Function]}
        role="presentation"
      >
        <div
          className="false test-date-cell-renderer"
        >
          Thu Jan 04 2018
        </div>
      </div>
      <div
        className="rgdp__grid-cell DatePicker__GridCell-sc-105wvqb-3 hikauf"
        onMouseDown={[Function]}
        onMouseEnter={[Function]}
        onMouseUp={[Function]}
        onTouchEnd={[Function]}
        onTouchMove={[Function]}
        onTouchStart={[Function]}
        role="presentation"
      >
        <div
          className="false test-date-cell-renderer"
        >
          Thu Jan 04 2018
        </div>
      </div>
      <div
        className="rgdp__grid-cell DatePicker__GridCell-sc-105wvqb-3 hikauf"
        onMouseDown={[Function]}
        onMouseEnter={[Function]}
        onMouseUp={[Function]}
        onTouchEnd={[Function]}
        onTouchMove={[Function]}
        onTouchStart={[Function]}
        role="presentation"
      >
        <div
          className="false test-date-cell-renderer"
        >
          Thu Jan 04 2018
        </div>
      </div>
    </div>
    <div
      className="DatePicker__Column-sc-105wvqb-2 bgDhyz"
    >
      <div
        className="DatePicker__GridCell-sc-105wvqb-3 hikauf"
      >
        <h1
          className="sc-9kwuzk-1-typography__Subtitle-gSHbMc hiXuDx typography__Title-sc-9kwuzk-0 cTLdTq"
        >
          1/5
        </h1>
      </div>
      <div
        className="rgdp__grid-cell DatePicker__GridCell-sc-105wvqb-3 hikauf"
        onMouseDown={[Function]}
        onMouseEnter={[Function]}
        onMouseUp={[Function]}
        onTouchEnd={[Function]}
        onTouchMove={[Function]}
        onTouchStart={[Function]}
        role="presentation"
      >
        <div
          className="false test-date-cell-renderer"
        >
          Fri Jan 05 2018
        </div>
      </div>
      <div
        className="rgdp__grid-cell DatePicker__GridCell-sc-105wvqb-3 hikauf"
        onMouseDown={[Function]}
        onMouseEnter={[Function]}
        onMouseUp={[Function]}
        onTouchEnd={[Function]}
        onTouchMove={[Function]}
        onTouchStart={[Function]}
        role="presentation"
      >
        <div
          className="false test-date-cell-renderer"
        >
          Fri Jan 05 2018
        </div>
      </div>
      <div
        className="rgdp__grid-cell DatePicker__GridCell-sc-105wvqb-3 hikauf"
        onMouseDown={[Function]}
        onMouseEnter={[Function]}
        onMouseUp={[Function]}
        onTouchEnd={[Function]}
        onTouchMove={[Function]}
        onTouchStart={[Function]}
        role="presentation"
      >
        <div
          className="false test-date-cell-renderer"
        >
          Fri Jan 05 2018
        </div>
      </div>
      <div
        className="rgdp__grid-cell DatePicker__GridCell-sc-105wvqb-3 hikauf"
        onMouseDown={[Function]}
        onMouseEnter={[Function]}
        onMouseUp={[Function]}
        onTouchEnd={[Function]}
        onTouchMove={[Function]}
        onTouchStart={[Function]}
        role="presentation"
      >
        <div
          className="false test-date-cell-renderer"
        >
          Fri Jan 05 2018
        </div>
      </div>
      <div
        className="rgdp__grid-cell DatePicker__GridCell-sc-105wvqb-3 hikauf"
        onMouseDown={[Function]}
        onMouseEnter={[Function]}
        onMouseUp={[Function]}
        onTouchEnd={[Function]}
        onTouchMove={[Function]}
        onTouchStart={[Function]}
        role="presentation"
      >
        <div
          className="false test-date-cell-renderer"
        >
          Fri Jan 05 2018
        </div>
      </div>
      <div
        className="rgdp__grid-cell DatePicker__GridCell-sc-105wvqb-3 hikauf"
        onMouseDown={[Function]}
        onMouseEnter={[Function]}
        onMouseUp={[Function]}
        onTouchEnd={[Function]}
        onTouchMove={[Function]}
        onTouchStart={[Function]}
        role="presentation"
      >
        <div
          className="false test-date-cell-renderer"
        >
          Fri Jan 05 2018
        </div>
      </div>
      <div
        className="rgdp__grid-cell DatePicker__GridCell-sc-105wvqb-3 hikauf"
        onMouseDown={[Function]}
        onMouseEnter={[Function]}
        onMouseUp={[Function]}
        onTouchEnd={[Function]}
        onTouchMove={[Function]}
        onTouchStart={[Function]}
        role="presentation"
      >
        <div
          className="false test-date-cell-renderer"
        >
          Fri Jan 05 2018
        </div>
      </div>
      <div
        className="rgdp__grid-cell DatePicker__GridCell-sc-105wvqb-3 hikauf"
        onMouseDown={[Function]}
        onMouseEnter={[Function]}
        onMouseUp={[Function]}
        onTouchEnd={[Function]}
        onTouchMove={[Function]}
        onTouchStart={[Function]}
        role="presentation"
      >
        <div
          className="false test-date-cell-renderer"
        >
          Fri Jan 05 2018
        </div>
      </div>
      <div
        className="rgdp__grid-cell DatePicker__GridCell-sc-105wvqb-3 hikauf"
        onMouseDown={[Function]}
        onMouseEnter={[Function]}
        onMouseUp={[Function]}
        onTouchEnd={[Function]}
        onTouchMove={[Function]}
        onTouchStart={[Function]}
        role="presentation"
      >
        <div
          className="false test-date-cell-renderer"
        >
          Fri Jan 05 2018
        </div>
      </div>
      <div
        className="rgdp__grid-cell DatePicker__GridCell-sc-105wvqb-3 hikauf"
        onMouseDown={[Function]}
        onMouseEnter={[Function]}
        onMouseUp={[Function]}
        onTouchEnd={[Function]}
        onTouchMove={[Function]}
        onTouchStart={[Function]}
        role="presentation"
      >
        <div
          className="false test-date-cell-renderer"
        >
          Fri Jan 05 2018
        </div>
      </div>
      <div
        className="rgdp__grid-cell DatePicker__GridCell-sc-105wvqb-3 hikauf"
        onMouseDown={[Function]}
        onMouseEnter={[Function]}
        onMouseUp={[Function]}
        onTouchEnd={[Function]}
        onTouchMove={[Function]}
        onTouchStart={[Function]}
        role="presentation"
      >
        <div
          className="false test-date-cell-renderer"
        >
          Fri Jan 05 2018
        </div>
      </div>
      <div
        className="rgdp__grid-cell DatePicker__GridCell-sc-105wvqb-3 hikauf"
        onMouseDown={[Function]}
        onMouseEnter={[Function]}
        onMouseUp={[Function]}
        onTouchEnd={[Function]}
        onTouchMove={[Function]}
        onTouchStart={[Function]}
        role="presentation"
      >
        <div
          className="false test-date-cell-renderer"
        >
          Fri Jan 05 2018
        </div>
      </div>
      <div
        className="rgdp__grid-cell DatePicker__GridCell-sc-105wvqb-3 hikauf"
        onMouseDown={[Function]}
        onMouseEnter={[Function]}
        onMouseUp={[Function]}
        onTouchEnd={[Function]}
        onTouchMove={[Function]}
        onTouchStart={[Function]}
        role="presentation"
      >
        <div
          className="false test-date-cell-renderer"
        >
          Fri Jan 05 2018
        </div>
      </div>
      <div
        className="rgdp__grid-cell DatePicker__GridCell-sc-105wvqb-3 hikauf"
        onMouseDown={[Function]}
        onMouseEnter={[Function]}
        onMouseUp={[Function]}
        onTouchEnd={[Function]}
        onTouchMove={[Function]}
        onTouchStart={[Function]}
        role="presentation"
      >
        <div
          className="false test-date-cell-renderer"
        >
          Fri Jan 05 2018
        </div>
      </div>
      <div
        className="rgdp__grid-cell DatePicker__GridCell-sc-105wvqb-3 hikauf"
        onMouseDown={[Function]}
        onMouseEnter={[Function]}
        onMouseUp={[Function]}
        onTouchEnd={[Function]}
        onTouchMove={[Function]}
        onTouchStart={[Function]}
        role="presentation"
      >
        <div
          className="false test-date-cell-renderer"
        >
          Fri Jan 05 2018
        </div>
      </div>
    </div>
  </div>
</div>
`;
