// Jest Snapshot v1, https://goo.gl/fbAQLP

exports[`ScheduleSelector snapshot tests renders correctly with custom render props 1`] = `
<div
  className="ScheduleSelector__Wrapper-sc-1ke4ka2-0 hQcovE"
>
  <div
    className="ScheduleSelector__Grid-sc-1ke4ka2-1 eDGEPy"
    rows={14}
  >
    <div />
    <div>
      1514826000000
    </div>
    <div>
      1514912400000
    </div>
    <div>
      1514998800000
    </div>
    <div>
      1515085200000
    </div>
    <div>
      1515171600000
    </div>
    <div>
      1514826000000
    </div>
    <div
      className="ScheduleSelector__GridCell-sc-1ke4ka2-2 jYuAgG rgdp__grid-cell"
      onMouseDown={[Function]}
      onMouseEnter={[Function]}
      onMouseUp={[Function]}
      onTouchEnd={[Function]}
      onTouchMove={[Function]}
      onTouchStart={[Function]}
      role="presentation"
    >
      <div
        className="false test-date-cell-renderer"
      >
        1514826000000
      </div>
    </div>
    <div
      className="ScheduleSelector__GridCell-sc-1ke4ka2-2 jYuAgG rgdp__grid-cell"
      onMouseDown={[Function]}
      onMouseEnter={[Function]}
      onMouseUp={[Function]}
      onTouchEnd={[Function]}
      onTouchMove={[Function]}
      onTouchStart={[Function]}
      role="presentation"
    >
      <div
        className="false test-date-cell-renderer"
      >
        1514912400000
      </div>
    </div>
    <div
      className="ScheduleSelector__GridCell-sc-1ke4ka2-2 jYuAgG rgdp__grid-cell"
      onMouseDown={[Function]}
      onMouseEnter={[Function]}
      onMouseUp={[Function]}
      onTouchEnd={[Function]}
      onTouchMove={[Function]}
      onTouchStart={[Function]}
      role="presentation"
    >
      <div
        className="false test-date-cell-renderer"
      >
        1514998800000
      </div>
    </div>
    <div
      className="ScheduleSelector__GridCell-sc-1ke4ka2-2 jYuAgG rgdp__grid-cell"
      onMouseDown={[Function]}
      onMouseEnter={[Function]}
      onMouseUp={[Function]}
      onTouchEnd={[Function]}
      onTouchMove={[Function]}
      onTouchStart={[Function]}
      role="presentation"
    >
      <div
        className="false test-date-cell-renderer"
      >
        1515085200000
      </div>
    </div>
    <div
      className="ScheduleSelector__GridCell-sc-1ke4ka2-2 jYuAgG rgdp__grid-cell"
      onMouseDown={[Function]}
      onMouseEnter={[Function]}
      onMouseUp={[Function]}
      onTouchEnd={[Function]}
      onTouchMove={[Function]}
      onTouchStart={[Function]}
      role="presentation"
    >
      <div
        className="false test-date-cell-renderer"
      >
        1515171600000
      </div>
    </div>
    <div>
      1514829600000
    </div>
    <div
      className="ScheduleSelector__GridCell-sc-1ke4ka2-2 jYuAgG rgdp__grid-cell"
      onMouseDown={[Function]}
      onMouseEnter={[Function]}
      onMouseUp={[Function]}
      onTouchEnd={[Function]}
      onTouchMove={[Function]}
      onTouchStart={[Function]}
      role="presentation"
    >
      <div
        className="false test-date-cell-renderer"
      >
        1514829600000
      </div>
    </div>
    <div
      className="ScheduleSelector__GridCell-sc-1ke4ka2-2 jYuAgG rgdp__grid-cell"
      onMouseDown={[Function]}
      onMouseEnter={[Function]}
      onMouseUp={[Function]}
      onTouchEnd={[Function]}
      onTouchMove={[Function]}
      onTouchStart={[Function]}
      role="presentation"
    >
      <div
        className="false test-date-cell-renderer"
      >
        1514916000000
      </div>
    </div>
    <div
      className="ScheduleSelector__GridCell-sc-1ke4ka2-2 jYuAgG rgdp__grid-cell"
      onMouseDown={[Function]}
      onMouseEnter={[Function]}
      onMouseUp={[Function]}
      onTouchEnd={[Function]}
      onTouchMove={[Function]}
      onTouchStart={[Function]}
      role="presentation"
    >
      <div
        className="false test-date-cell-renderer"
      >
        1515002400000
      </div>
    </div>
    <div
      className="ScheduleSelector__GridCell-sc-1ke4ka2-2 jYuAgG rgdp__grid-cell"
      onMouseDown={[Function]}
      onMouseEnter={[Function]}
      onMouseUp={[Function]}
      onTouchEnd={[Function]}
      onTouchMove={[Function]}
      onTouchStart={[Function]}
      role="presentation"
    >
      <div
        className="false test-date-cell-renderer"
      >
        1515088800000
      </div>
    </div>
    <div
      className="ScheduleSelector__GridCell-sc-1ke4ka2-2 jYuAgG rgdp__grid-cell"
      onMouseDown={[Function]}
      onMouseEnter={[Function]}
      onMouseUp={[Function]}
      onTouchEnd={[Function]}
      onTouchMove={[Function]}
      onTouchStart={[Function]}
      role="presentation"
    >
      <div
        className="false test-date-cell-renderer"
      >
        1515175200000
      </div>
    </div>
    <div>
      1514833200000
    </div>
    <div
      className="ScheduleSelector__GridCell-sc-1ke4ka2-2 jYuAgG rgdp__grid-cell"
      onMouseDown={[Function]}
      onMouseEnter={[Function]}
      onMouseUp={[Function]}
      onTouchEnd={[Function]}
      onTouchMove={[Function]}
      onTouchStart={[Function]}
      role="presentation"
    >
      <div
        className="false test-date-cell-renderer"
      >
        1514833200000
      </div>
    </div>
    <div
      className="ScheduleSelector__GridCell-sc-1ke4ka2-2 jYuAgG rgdp__grid-cell"
      onMouseDown={[Function]}
      onMouseEnter={[Function]}
      onMouseUp={[Function]}
      onTouchEnd={[Function]}
      onTouchMove={[Function]}
      onTouchStart={[Function]}
      role="presentation"
    >
      <div
        className="false test-date-cell-renderer"
      >
        1514919600000
      </div>
    </div>
    <div
      className="ScheduleSelector__GridCell-sc-1ke4ka2-2 jYuAgG rgdp__grid-cell"
      onMouseDown={[Function]}
      onMouseEnter={[Function]}
      onMouseUp={[Function]}
      onTouchEnd={[Function]}
      onTouchMove={[Function]}
      onTouchStart={[Function]}
      role="presentation"
    >
      <div
        className="false test-date-cell-renderer"
      >
        1515006000000
      </div>
    </div>
    <div
      className="ScheduleSelector__GridCell-sc-1ke4ka2-2 jYuAgG rgdp__grid-cell"
      onMouseDown={[Function]}
      onMouseEnter={[Function]}
      onMouseUp={[Function]}
      onTouchEnd={[Function]}
      onTouchMove={[Function]}
      onTouchStart={[Function]}
      role="presentation"
    >
      <div
        className="false test-date-cell-renderer"
      >
        1515092400000
      </div>
    </div>
    <div
      className="ScheduleSelector__GridCell-sc-1ke4ka2-2 jYuAgG rgdp__grid-cell"
      onMouseDown={[Function]}
      onMouseEnter={[Function]}
      onMouseUp={[Function]}
      onTouchEnd={[Function]}
      onTouchMove={[Function]}
      onTouchStart={[Function]}
      role="presentation"
    >
      <div
        className="false test-date-cell-renderer"
      >
        1515178800000
      </div>
    </div>
    <div>
      1514836800000
    </div>
    <div
      className="ScheduleSelector__GridCell-sc-1ke4ka2-2 jYuAgG rgdp__grid-cell"
      onMouseDown={[Function]}
      onMouseEnter={[Function]}
      onMouseUp={[Function]}
      onTouchEnd={[Function]}
      onTouchMove={[Function]}
      onTouchStart={[Function]}
      role="presentation"
    >
      <div
        className="false test-date-cell-renderer"
      >
        1514836800000
      </div>
    </div>
    <div
      className="ScheduleSelector__GridCell-sc-1ke4ka2-2 jYuAgG rgdp__grid-cell"
      onMouseDown={[Function]}
      onMouseEnter={[Function]}
      onMouseUp={[Function]}
      onTouchEnd={[Function]}
      onTouchMove={[Function]}
      onTouchStart={[Function]}
      role="presentation"
    >
      <div
        className="false test-date-cell-renderer"
      >
        1514923200000
      </div>
    </div>
    <div
      className="ScheduleSelector__GridCell-sc-1ke4ka2-2 jYuAgG rgdp__grid-cell"
      onMouseDown={[Function]}
      onMouseEnter={[Function]}
      onMouseUp={[Function]}
      onTouchEnd={[Function]}
      onTouchMove={[Function]}
      onTouchStart={[Function]}
      role="presentation"
    >
      <div
        className="false test-date-cell-renderer"
      >
        1515009600000
      </div>
    </div>
    <div
      className="ScheduleSelector__GridCell-sc-1ke4ka2-2 jYuAgG rgdp__grid-cell"
      onMouseDown={[Function]}
      onMouseEnter={[Function]}
      onMouseUp={[Function]}
      onTouchEnd={[Function]}
      onTouchMove={[Function]}
      onTouchStart={[Function]}
      role="presentation"
    >
      <div
        className="false test-date-cell-renderer"
      >
        1515096000000
      </div>
    </div>
    <div
      className="ScheduleSelector__GridCell-sc-1ke4ka2-2 jYuAgG rgdp__grid-cell"
      onMouseDown={[Function]}
      onMouseEnter={[Function]}
      onMouseUp={[Function]}
      onTouchEnd={[Function]}
      onTouchMove={[Function]}
      onTouchStart={[Function]}
      role="presentation"
    >
      <div
        className="false test-date-cell-renderer"
      >
        1515182400000
      </div>
    </div>
    <div>
      1514840400000
    </div>
    <div
      className="ScheduleSelector__GridCell-sc-1ke4ka2-2 jYuAgG rgdp__grid-cell"
      onMouseDown={[Function]}
      onMouseEnter={[Function]}
      onMouseUp={[Function]}
      onTouchEnd={[Function]}
      onTouchMove={[Function]}
      onTouchStart={[Function]}
      role="presentation"
    >
      <div
        className="false test-date-cell-renderer"
      >
        1514840400000
      </div>
    </div>
    <div
      className="ScheduleSelector__GridCell-sc-1ke4ka2-2 jYuAgG rgdp__grid-cell"
      onMouseDown={[Function]}
      onMouseEnter={[Function]}
      onMouseUp={[Function]}
      onTouchEnd={[Function]}
      onTouchMove={[Function]}
      onTouchStart={[Function]}
      role="presentation"
    >
      <div
        className="false test-date-cell-renderer"
      >
        1514926800000
      </div>
    </div>
    <div
      className="ScheduleSelector__GridCell-sc-1ke4ka2-2 jYuAgG rgdp__grid-cell"
      onMouseDown={[Function]}
      onMouseEnter={[Function]}
      onMouseUp={[Function]}
      onTouchEnd={[Function]}
      onTouchMove={[Function]}
      onTouchStart={[Function]}
      role="presentation"
    >
      <div
        className="false test-date-cell-renderer"
      >
        1515013200000
      </div>
    </div>
    <div
      className="ScheduleSelector__GridCell-sc-1ke4ka2-2 jYuAgG rgdp__grid-cell"
      onMouseDown={[Function]}
      onMouseEnter={[Function]}
      onMouseUp={[Function]}
      onTouchEnd={[Function]}
      onTouchMove={[Function]}
      onTouchStart={[Function]}
      role="presentation"
    >
      <div
        className="false test-date-cell-renderer"
      >
        1515099600000
      </div>
    </div>
    <div
      className="ScheduleSelector__GridCell-sc-1ke4ka2-2 jYuAgG rgdp__grid-cell"
      onMouseDown={[Function]}
      onMouseEnter={[Function]}
      onMouseUp={[Function]}
      onTouchEnd={[Function]}
      onTouchMove={[Function]}
      onTouchStart={[Function]}
      role="presentation"
    >
      <div
        className="false test-date-cell-renderer"
      >
        1515186000000
      </div>
    </div>
    <div>
      1514844000000
    </div>
    <div
      className="ScheduleSelector__GridCell-sc-1ke4ka2-2 jYuAgG rgdp__grid-cell"
      onMouseDown={[Function]}
      onMouseEnter={[Function]}
      onMouseUp={[Function]}
      onTouchEnd={[Function]}
      onTouchMove={[Function]}
      onTouchStart={[Function]}
      role="presentation"
    >
      <div
        className="false test-date-cell-renderer"
      >
        1514844000000
      </div>
    </div>
    <div
      className="ScheduleSelector__GridCell-sc-1ke4ka2-2 jYuAgG rgdp__grid-cell"
      onMouseDown={[Function]}
      onMouseEnter={[Function]}
      onMouseUp={[Function]}
      onTouchEnd={[Function]}
      onTouchMove={[Function]}
      onTouchStart={[Function]}
      role="presentation"
    >
      <div
        className="false test-date-cell-renderer"
      >
        1514930400000
      </div>
    </div>
    <div
      className="ScheduleSelector__GridCell-sc-1ke4ka2-2 jYuAgG rgdp__grid-cell"
      onMouseDown={[Function]}
      onMouseEnter={[Function]}
      onMouseUp={[Function]}
      onTouchEnd={[Function]}
      onTouchMove={[Function]}
      onTouchStart={[Function]}
      role="presentation"
    >
      <div
        className="false test-date-cell-renderer"
      >
        1515016800000
      </div>
    </div>
    <div
      className="ScheduleSelector__GridCell-sc-1ke4ka2-2 jYuAgG rgdp__grid-cell"
      onMouseDown={[Function]}
      onMouseEnter={[Function]}
      onMouseUp={[Function]}
      onTouchEnd={[Function]}
      onTouchMove={[Function]}
      onTouchStart={[Function]}
      role="presentation"
    >
      <div
        className="false test-date-cell-renderer"
      >
        1515103200000
      </div>
    </div>
    <div
      className="ScheduleSelector__GridCell-sc-1ke4ka2-2 jYuAgG rgdp__grid-cell"
      onMouseDown={[Function]}
      onMouseEnter={[Function]}
      onMouseUp={[Function]}
      onTouchEnd={[Function]}
      onTouchMove={[Function]}
      onTouchStart={[Function]}
      role="presentation"
    >
      <div
        className="false test-date-cell-renderer"
      >
        1515189600000
      </div>
    </div>
    <div>
      1514847600000
    </div>
    <div
      className="ScheduleSelector__GridCell-sc-1ke4ka2-2 jYuAgG rgdp__grid-cell"
      onMouseDown={[Function]}
      onMouseEnter={[Function]}
      onMouseUp={[Function]}
      onTouchEnd={[Function]}
      onTouchMove={[Function]}
      onTouchStart={[Function]}
      role="presentation"
    >
      <div
        className="false test-date-cell-renderer"
      >
        1514847600000
      </div>
    </div>
    <div
      className="ScheduleSelector__GridCell-sc-1ke4ka2-2 jYuAgG rgdp__grid-cell"
      onMouseDown={[Function]}
      onMouseEnter={[Function]}
      onMouseUp={[Function]}
      onTouchEnd={[Function]}
      onTouchMove={[Function]}
      onTouchStart={[Function]}
      role="presentation"
    >
      <div
        className="false test-date-cell-renderer"
      >
        1514934000000
      </div>
    </div>
    <div
      className="ScheduleSelector__GridCell-sc-1ke4ka2-2 jYuAgG rgdp__grid-cell"
      onMouseDown={[Function]}
      onMouseEnter={[Function]}
      onMouseUp={[Function]}
      onTouchEnd={[Function]}
      onTouchMove={[Function]}
      onTouchStart={[Function]}
      role="presentation"
    >
      <div
        className="false test-date-cell-renderer"
      >
        1515020400000
      </div>
    </div>
    <div
      className="ScheduleSelector__GridCell-sc-1ke4ka2-2 jYuAgG rgdp__grid-cell"
      onMouseDown={[Function]}
      onMouseEnter={[Function]}
      onMouseUp={[Function]}
      onTouchEnd={[Function]}
      onTouchMove={[Function]}
      onTouchStart={[Function]}
      role="presentation"
    >
      <div
        className="false test-date-cell-renderer"
      >
        1515106800000
      </div>
    </div>
    <div
      className="ScheduleSelector__GridCell-sc-1ke4ka2-2 jYuAgG rgdp__grid-cell"
      onMouseDown={[Function]}
      onMouseEnter={[Function]}
      onMouseUp={[Function]}
      onTouchEnd={[Function]}
      onTouchMove={[Function]}
      onTouchStart={[Function]}
      role="presentation"
    >
      <div
        className="false test-date-cell-renderer"
      >
        1515193200000
      </div>
    </div>
    <div>
      1514851200000
    </div>
    <div
      className="ScheduleSelector__GridCell-sc-1ke4ka2-2 jYuAgG rgdp__grid-cell"
      onMouseDown={[Function]}
      onMouseEnter={[Function]}
      onMouseUp={[Function]}
      onTouchEnd={[Function]}
      onTouchMove={[Function]}
      onTouchStart={[Function]}
      role="presentation"
    >
      <div
        className="false test-date-cell-renderer"
      >
        1514851200000
      </div>
    </div>
    <div
      className="ScheduleSelector__GridCell-sc-1ke4ka2-2 jYuAgG rgdp__grid-cell"
      onMouseDown={[Function]}
      onMouseEnter={[Function]}
      onMouseUp={[Function]}
      onTouchEnd={[Function]}
      onTouchMove={[Function]}
      onTouchStart={[Function]}
      role="presentation"
    >
      <div
        className="false test-date-cell-renderer"
      >
        1514937600000
      </div>
    </div>
    <div
      className="ScheduleSelector__GridCell-sc-1ke4ka2-2 jYuAgG rgdp__grid-cell"
      onMouseDown={[Function]}
      onMouseEnter={[Function]}
      onMouseUp={[Function]}
      onTouchEnd={[Function]}
      onTouchMove={[Function]}
      onTouchStart={[Function]}
      role="presentation"
    >
      <div
        className="false test-date-cell-renderer"
      >
        1515024000000
      </div>
    </div>
    <div
      className="ScheduleSelector__GridCell-sc-1ke4ka2-2 jYuAgG rgdp__grid-cell"
      onMouseDown={[Function]}
      onMouseEnter={[Function]}
      onMouseUp={[Function]}
      onTouchEnd={[Function]}
      onTouchMove={[Function]}
      onTouchStart={[Function]}
      role="presentation"
    >
      <div
        className="false test-date-cell-renderer"
      >
        1515110400000
      </div>
    </div>
    <div
      className="ScheduleSelector__GridCell-sc-1ke4ka2-2 jYuAgG rgdp__grid-cell"
      onMouseDown={[Function]}
      onMouseEnter={[Function]}
      onMouseUp={[Function]}
      onTouchEnd={[Function]}
      onTouchMove={[Function]}
      onTouchStart={[Function]}
      role="presentation"
    >
      <div
        className="false test-date-cell-renderer"
      >
        1515196800000
      </div>
    </div>
    <div>
      1514854800000
    </div>
    <div
      className="ScheduleSelector__GridCell-sc-1ke4ka2-2 jYuAgG rgdp__grid-cell"
      onMouseDown={[Function]}
      onMouseEnter={[Function]}
      onMouseUp={[Function]}
      onTouchEnd={[Function]}
      onTouchMove={[Function]}
      onTouchStart={[Function]}
      role="presentation"
    >
      <div
        className="false test-date-cell-renderer"
      >
        1514854800000
      </div>
    </div>
    <div
      className="ScheduleSelector__GridCell-sc-1ke4ka2-2 jYuAgG rgdp__grid-cell"
      onMouseDown={[Function]}
      onMouseEnter={[Function]}
      onMouseUp={[Function]}
      onTouchEnd={[Function]}
      onTouchMove={[Function]}
      onTouchStart={[Function]}
      role="presentation"
    >
      <div
        className="false test-date-cell-renderer"
      >
        1514941200000
      </div>
    </div>
    <div
      className="ScheduleSelector__GridCell-sc-1ke4ka2-2 jYuAgG rgdp__grid-cell"
      onMouseDown={[Function]}
      onMouseEnter={[Function]}
      onMouseUp={[Function]}
      onTouchEnd={[Function]}
      onTouchMove={[Function]}
      onTouchStart={[Function]}
      role="presentation"
    >
      <div
        className="false test-date-cell-renderer"
      >
        1515027600000
      </div>
    </div>
    <div
      className="ScheduleSelector__GridCell-sc-1ke4ka2-2 jYuAgG rgdp__grid-cell"
      onMouseDown={[Function]}
      onMouseEnter={[Function]}
      onMouseUp={[Function]}
      onTouchEnd={[Function]}
      onTouchMove={[Function]}
      onTouchStart={[Function]}
      role="presentation"
    >
      <div
        className="false test-date-cell-renderer"
      >
        1515114000000
      </div>
    </div>
    <div
      className="ScheduleSelector__GridCell-sc-1ke4ka2-2 jYuAgG rgdp__grid-cell"
      onMouseDown={[Function]}
      onMouseEnter={[Function]}
      onMouseUp={[Function]}
      onTouchEnd={[Function]}
      onTouchMove={[Function]}
      onTouchStart={[Function]}
      role="presentation"
    >
      <div
        className="false test-date-cell-renderer"
      >
        1515200400000
      </div>
    </div>
    <div>
      1514858400000
    </div>
    <div
      className="ScheduleSelector__GridCell-sc-1ke4ka2-2 jYuAgG rgdp__grid-cell"
      onMouseDown={[Function]}
      onMouseEnter={[Function]}
      onMouseUp={[Function]}
      onTouchEnd={[Function]}
      onTouchMove={[Function]}
      onTouchStart={[Function]}
      role="presentation"
    >
      <div
        className="false test-date-cell-renderer"
      >
        1514858400000
      </div>
    </div>
    <div
      className="ScheduleSelector__GridCell-sc-1ke4ka2-2 jYuAgG rgdp__grid-cell"
      onMouseDown={[Function]}
      onMouseEnter={[Function]}
      onMouseUp={[Function]}
      onTouchEnd={[Function]}
      onTouchMove={[Function]}
      onTouchStart={[Function]}
      role="presentation"
    >
      <div
        className="false test-date-cell-renderer"
      >
        1514944800000
      </div>
    </div>
    <div
      className="ScheduleSelector__GridCell-sc-1ke4ka2-2 jYuAgG rgdp__grid-cell"
      onMouseDown={[Function]}
      onMouseEnter={[Function]}
      onMouseUp={[Function]}
      onTouchEnd={[Function]}
      onTouchMove={[Function]}
      onTouchStart={[Function]}
      role="presentation"
    >
      <div
        className="false test-date-cell-renderer"
      >
        1515031200000
      </div>
    </div>
    <div
      className="ScheduleSelector__GridCell-sc-1ke4ka2-2 jYuAgG rgdp__grid-cell"
      onMouseDown={[Function]}
      onMouseEnter={[Function]}
      onMouseUp={[Function]}
      onTouchEnd={[Function]}
      onTouchMove={[Function]}
      onTouchStart={[Function]}
      role="presentation"
    >
      <div
        className="false test-date-cell-renderer"
      >
        1515117600000
      </div>
    </div>
    <div
      className="ScheduleSelector__GridCell-sc-1ke4ka2-2 jYuAgG rgdp__grid-cell"
      onMouseDown={[Function]}
      onMouseEnter={[Function]}
      onMouseUp={[Function]}
      onTouchEnd={[Function]}
      onTouchMove={[Function]}
      onTouchStart={[Function]}
      role="presentation"
    >
      <div
        className="false test-date-cell-renderer"
      >
        1515204000000
      </div>
    </div>
    <div>
      1514862000000
    </div>
    <div
      className="ScheduleSelector__GridCell-sc-1ke4ka2-2 jYuAgG rgdp__grid-cell"
      onMouseDown={[Function]}
      onMouseEnter={[Function]}
      onMouseUp={[Function]}
      onTouchEnd={[Function]}
      onTouchMove={[Function]}
      onTouchStart={[Function]}
      role="presentation"
    >
      <div
        className="false test-date-cell-renderer"
      >
        1514862000000
      </div>
    </div>
    <div
      className="ScheduleSelector__GridCell-sc-1ke4ka2-2 jYuAgG rgdp__grid-cell"
      onMouseDown={[Function]}
      onMouseEnter={[Function]}
      onMouseUp={[Function]}
      onTouchEnd={[Function]}
      onTouchMove={[Function]}
      onTouchStart={[Function]}
      role="presentation"
    >
      <div
        className="false test-date-cell-renderer"
      >
        1514948400000
      </div>
    </div>
    <div
      className="ScheduleSelector__GridCell-sc-1ke4ka2-2 jYuAgG rgdp__grid-cell"
      onMouseDown={[Function]}
      onMouseEnter={[Function]}
      onMouseUp={[Function]}
      onTouchEnd={[Function]}
      onTouchMove={[Function]}
      onTouchStart={[Function]}
      role="presentation"
    >
      <div
        className="false test-date-cell-renderer"
      >
        1515034800000
      </div>
    </div>
    <div
      className="ScheduleSelector__GridCell-sc-1ke4ka2-2 jYuAgG rgdp__grid-cell"
      onMouseDown={[Function]}
      onMouseEnter={[Function]}
      onMouseUp={[Function]}
      onTouchEnd={[Function]}
      onTouchMove={[Function]}
      onTouchStart={[Function]}
      role="presentation"
    >
      <div
        className="false test-date-cell-renderer"
      >
        1515121200000
      </div>
    </div>
    <div
      className="ScheduleSelector__GridCell-sc-1ke4ka2-2 jYuAgG rgdp__grid-cell"
      onMouseDown={[Function]}
      onMouseEnter={[Function]}
      onMouseUp={[Function]}
      onTouchEnd={[Function]}
      onTouchMove={[Function]}
      onTouchStart={[Function]}
      role="presentation"
    >
      <div
        className="false test-date-cell-renderer"
      >
        1515207600000
      </div>
    </div>
    <div>
      1514865600000
    </div>
    <div
      className="ScheduleSelector__GridCell-sc-1ke4ka2-2 jYuAgG rgdp__grid-cell"
      onMouseDown={[Function]}
      onMouseEnter={[Function]}
      onMouseUp={[Function]}
      onTouchEnd={[Function]}
      onTouchMove={[Function]}
      onTouchStart={[Function]}
      role="presentation"
    >
      <div
        className="false test-date-cell-renderer"
      >
        1514865600000
      </div>
    </div>
    <div
      className="ScheduleSelector__GridCell-sc-1ke4ka2-2 jYuAgG rgdp__grid-cell"
      onMouseDown={[Function]}
      onMouseEnter={[Function]}
      onMouseUp={[Function]}
      onTouchEnd={[Function]}
      onTouchMove={[Function]}
      onTouchStart={[Function]}
      role="presentation"
    >
      <div
        className="false test-date-cell-renderer"
      >
        1514952000000
      </div>
    </div>
    <div
      className="ScheduleSelector__GridCell-sc-1ke4ka2-2 jYuAgG rgdp__grid-cell"
      onMouseDown={[Function]}
      onMouseEnter={[Function]}
      onMouseUp={[Function]}
      onTouchEnd={[Function]}
      onTouchMove={[Function]}
      onTouchStart={[Function]}
      role="presentation"
    >
      <div
        className="false test-date-cell-renderer"
      >
        1515038400000
      </div>
    </div>
    <div
      className="ScheduleSelector__GridCell-sc-1ke4ka2-2 jYuAgG rgdp__grid-cell"
      onMouseDown={[Function]}
      onMouseEnter={[Function]}
      onMouseUp={[Function]}
      onTouchEnd={[Function]}
      onTouchMove={[Function]}
      onTouchStart={[Function]}
      role="presentation"
    >
      <div
        className="false test-date-cell-renderer"
      >
        1515124800000
      </div>
    </div>
    <div
      className="ScheduleSelector__GridCell-sc-1ke4ka2-2 jYuAgG rgdp__grid-cell"
      onMouseDown={[Function]}
      onMouseEnter={[Function]}
      onMouseUp={[Function]}
      onTouchEnd={[Function]}
      onTouchMove={[Function]}
      onTouchStart={[Function]}
      role="presentation"
    >
      <div
        className="false test-date-cell-renderer"
      >
        1515211200000
      </div>
    </div>
    <div>
      1514869200000
    </div>
    <div
      className="ScheduleSelector__GridCell-sc-1ke4ka2-2 jYuAgG rgdp__grid-cell"
      onMouseDown={[Function]}
      onMouseEnter={[Function]}
      onMouseUp={[Function]}
      onTouchEnd={[Function]}
      onTouchMove={[Function]}
      onTouchStart={[Function]}
      role="presentation"
    >
      <div
        className="false test-date-cell-renderer"
      >
        1514869200000
      </div>
    </div>
    <div
      className="ScheduleSelector__GridCell-sc-1ke4ka2-2 jYuAgG rgdp__grid-cell"
      onMouseDown={[Function]}
      onMouseEnter={[Function]}
      onMouseUp={[Function]}
      onTouchEnd={[Function]}
      onTouchMove={[Function]}
      onTouchStart={[Function]}
      role="presentation"
    >
      <div
        className="false test-date-cell-renderer"
      >
        1514955600000
      </div>
    </div>
    <div
      className="ScheduleSelector__GridCell-sc-1ke4ka2-2 jYuAgG rgdp__grid-cell"
      onMouseDown={[Function]}
      onMouseEnter={[Function]}
      onMouseUp={[Function]}
      onTouchEnd={[Function]}
      onTouchMove={[Function]}
      onTouchStart={[Function]}
      role="presentation"
    >
      <div
        className="false test-date-cell-renderer"
      >
        1515042000000
      </div>
    </div>
    <div
      className="ScheduleSelector__GridCell-sc-1ke4ka2-2 jYuAgG rgdp__grid-cell"
      onMouseDown={[Function]}
      onMouseEnter={[Function]}
      onMouseUp={[Function]}
      onTouchEnd={[Function]}
      onTouchMove={[Function]}
      onTouchStart={[Function]}
      role="presentation"
    >
      <div
        className="false test-date-cell-renderer"
      >
        1515128400000
      </div>
    </div>
    <div
      className="ScheduleSelector__GridCell-sc-1ke4ka2-2 jYuAgG rgdp__grid-cell"
      onMouseDown={[Function]}
      onMouseEnter={[Function]}
      onMouseUp={[Function]}
      onTouchEnd={[Function]}
      onTouchMove={[Function]}
      onTouchStart={[Function]}
      role="presentation"
    >
      <div
        className="false test-date-cell-renderer"
      >
        1515214800000
      </div>
    </div>
    <div>
      1514872800000
    </div>
    <div
      className="ScheduleSelector__GridCell-sc-1ke4ka2-2 jYuAgG rgdp__grid-cell"
      onMouseDown={[Function]}
      onMouseEnter={[Function]}
      onMouseUp={[Function]}
      onTouchEnd={[Function]}
      onTouchMove={[Function]}
      onTouchStart={[Function]}
      role="presentation"
    >
      <div
        className="false test-date-cell-renderer"
      >
        1514872800000
      </div>
    </div>
    <div
      className="ScheduleSelector__GridCell-sc-1ke4ka2-2 jYuAgG rgdp__grid-cell"
      onMouseDown={[Function]}
      onMouseEnter={[Function]}
      onMouseUp={[Function]}
      onTouchEnd={[Function]}
      onTouchMove={[Function]}
      onTouchStart={[Function]}
      role="presentation"
    >
      <div
        className="false test-date-cell-renderer"
      >
        1514959200000
      </div>
    </div>
    <div
      className="ScheduleSelector__GridCell-sc-1ke4ka2-2 jYuAgG rgdp__grid-cell"
      onMouseDown={[Function]}
      onMouseEnter={[Function]}
      onMouseUp={[Function]}
      onTouchEnd={[Function]}
      onTouchMove={[Function]}
      onTouchStart={[Function]}
      role="presentation"
    >
      <div
        className="false test-date-cell-renderer"
      >
        1515045600000
      </div>
    </div>
    <div
      className="ScheduleSelector__GridCell-sc-1ke4ka2-2 jYuAgG rgdp__grid-cell"
      onMouseDown={[Function]}
      onMouseEnter={[Function]}
      onMouseUp={[Function]}
      onTouchEnd={[Function]}
      onTouchMove={[Function]}
      onTouchStart={[Function]}
      role="presentation"
    >
      <div
        className="false test-date-cell-renderer"
      >
        1515132000000
      </div>
    </div>
    <div
      className="ScheduleSelector__GridCell-sc-1ke4ka2-2 jYuAgG rgdp__grid-cell"
      onMouseDown={[Function]}
      onMouseEnter={[Function]}
      onMouseUp={[Function]}
      onTouchEnd={[Function]}
      onTouchMove={[Function]}
      onTouchStart={[Function]}
      role="presentation"
    >
      <div
        className="false test-date-cell-renderer"
      >
        1515218400000
      </div>
    </div>
  </div>
</div>
`;

exports[`ScheduleSelector snapshot tests renders correctly with default render logic 1`] = `
<div
  className="ScheduleSelector__Wrapper-sc-1ke4ka2-0 hQcovE"
>
  <div
    className="ScheduleSelector__Grid-sc-1ke4ka2-1 eDGEPy"
    rows={14}
  >
    <div />
    <h2
      className="ScheduleSelector__DateLabel-sc-1ke4ka2-4 btCAVa css-17efyws"
    >
      1/1
    </h2>
    <h2
      className="ScheduleSelector__DateLabel-sc-1ke4ka2-4 btCAVa css-17efyws"
    >
      1/2
    </h2>
    <h2
      className="ScheduleSelector__DateLabel-sc-1ke4ka2-4 btCAVa css-17efyws"
    >
      1/3
    </h2>
    <h2
      className="ScheduleSelector__DateLabel-sc-1ke4ka2-4 btCAVa css-17efyws"
    >
      1/4
    </h2>
    <h2
      className="ScheduleSelector__DateLabel-sc-1ke4ka2-4 btCAVa css-17efyws"
    >
      1/5
    </h2>
    <p
      className="ScheduleSelector__TimeText-sc-1ke4ka2-5 gleIWg css-yqt42a"
    >
      9AM
    </p>
    <div
      className="ScheduleSelector__GridCell-sc-1ke4ka2-2 jYuAgG rgdp__grid-cell"
      onMouseDown={[Function]}
      onMouseEnter={[Function]}
      onMouseUp={[Function]}
      onTouchEnd={[Function]}
      onTouchMove={[Function]}
      onTouchStart={[Function]}
      role="presentation"
    >
      <div
        className="ScheduleSelector__DateCell-sc-1ke4ka2-3 bWyBKJ"
        selected={false}
      />
    </div>
    <div
      className="ScheduleSelector__GridCell-sc-1ke4ka2-2 jYuAgG rgdp__grid-cell"
      onMouseDown={[Function]}
      onMouseEnter={[Function]}
      onMouseUp={[Function]}
      onTouchEnd={[Function]}
      onTouchMove={[Function]}
      onTouchStart={[Function]}
      role="presentation"
    >
      <div
        className="ScheduleSelector__DateCell-sc-1ke4ka2-3 bWyBKJ"
        selected={false}
      />
    </div>
    <div
      className="ScheduleSelector__GridCell-sc-1ke4ka2-2 jYuAgG rgdp__grid-cell"
      onMouseDown={[Function]}
      onMouseEnter={[Function]}
      onMouseUp={[Function]}
      onTouchEnd={[Function]}
      onTouchMove={[Function]}
      onTouchStart={[Function]}
      role="presentation"
    >
      <div
        className="ScheduleSelector__DateCell-sc-1ke4ka2-3 bWyBKJ"
        selected={false}
      />
    </div>
    <div
      className="ScheduleSelector__GridCell-sc-1ke4ka2-2 jYuAgG rgdp__grid-cell"
      onMouseDown={[Function]}
      onMouseEnter={[Function]}
      onMouseUp={[Function]}
      onTouchEnd={[Function]}
      onTouchMove={[Function]}
      onTouchStart={[Function]}
      role="presentation"
    >
      <div
        className="ScheduleSelector__DateCell-sc-1ke4ka2-3 bWyBKJ"
        selected={false}
      />
    </div>
    <div
      className="ScheduleSelector__GridCell-sc-1ke4ka2-2 jYuAgG rgdp__grid-cell"
      onMouseDown={[Function]}
      onMouseEnter={[Function]}
      onMouseUp={[Function]}
      onTouchEnd={[Function]}
      onTouchMove={[Function]}
      onTouchStart={[Function]}
      role="presentation"
    >
      <div
        className="ScheduleSelector__DateCell-sc-1ke4ka2-3 bWyBKJ"
        selected={false}
      />
    </div>
    <p
      className="ScheduleSelector__TimeText-sc-1ke4ka2-5 gleIWg css-yqt42a"
    >
      10AM
    </p>
    <div
      className="ScheduleSelector__GridCell-sc-1ke4ka2-2 jYuAgG rgdp__grid-cell"
      onMouseDown={[Function]}
      onMouseEnter={[Function]}
      onMouseUp={[Function]}
      onTouchEnd={[Function]}
      onTouchMove={[Function]}
      onTouchStart={[Function]}
      role="presentation"
    >
      <div
        className="ScheduleSelector__DateCell-sc-1ke4ka2-3 bWyBKJ"
        selected={false}
      />
    </div>
    <div
      className="ScheduleSelector__GridCell-sc-1ke4ka2-2 jYuAgG rgdp__grid-cell"
      onMouseDown={[Function]}
      onMouseEnter={[Function]}
      onMouseUp={[Function]}
      onTouchEnd={[Function]}
      onTouchMove={[Function]}
      onTouchStart={[Function]}
      role="presentation"
    >
      <div
        className="ScheduleSelector__DateCell-sc-1ke4ka2-3 bWyBKJ"
        selected={false}
      />
    </div>
    <div
      className="ScheduleSelector__GridCell-sc-1ke4ka2-2 jYuAgG rgdp__grid-cell"
      onMouseDown={[Function]}
      onMouseEnter={[Function]}
      onMouseUp={[Function]}
      onTouchEnd={[Function]}
      onTouchMove={[Function]}
      onTouchStart={[Function]}
      role="presentation"
    >
      <div
        className="ScheduleSelector__DateCell-sc-1ke4ka2-3 bWyBKJ"
        selected={false}
      />
    </div>
    <div
      className="ScheduleSelector__GridCell-sc-1ke4ka2-2 jYuAgG rgdp__grid-cell"
      onMouseDown={[Function]}
      onMouseEnter={[Function]}
      onMouseUp={[Function]}
      onTouchEnd={[Function]}
      onTouchMove={[Function]}
      onTouchStart={[Function]}
      role="presentation"
    >
      <div
        className="ScheduleSelector__DateCell-sc-1ke4ka2-3 bWyBKJ"
        selected={false}
      />
    </div>
    <div
      className="ScheduleSelector__GridCell-sc-1ke4ka2-2 jYuAgG rgdp__grid-cell"
      onMouseDown={[Function]}
      onMouseEnter={[Function]}
      onMouseUp={[Function]}
      onTouchEnd={[Function]}
      onTouchMove={[Function]}
      onTouchStart={[Function]}
      role="presentation"
    >
      <div
        className="ScheduleSelector__DateCell-sc-1ke4ka2-3 bWyBKJ"
        selected={false}
      />
    </div>
    <p
      className="ScheduleSelector__TimeText-sc-1ke4ka2-5 gleIWg css-yqt42a"
    >
      11AM
    </p>
    <div
      className="ScheduleSelector__GridCell-sc-1ke4ka2-2 jYuAgG rgdp__grid-cell"
      onMouseDown={[Function]}
      onMouseEnter={[Function]}
      onMouseUp={[Function]}
      onTouchEnd={[Function]}
      onTouchMove={[Function]}
      onTouchStart={[Function]}
      role="presentation"
    >
      <div
        className="ScheduleSelector__DateCell-sc-1ke4ka2-3 bWyBKJ"
        selected={false}
      />
    </div>
    <div
      className="ScheduleSelector__GridCell-sc-1ke4ka2-2 jYuAgG rgdp__grid-cell"
      onMouseDown={[Function]}
      onMouseEnter={[Function]}
      onMouseUp={[Function]}
      onTouchEnd={[Function]}
      onTouchMove={[Function]}
      onTouchStart={[Function]}
      role="presentation"
    >
      <div
        className="ScheduleSelector__DateCell-sc-1ke4ka2-3 bWyBKJ"
        selected={false}
      />
    </div>
    <div
      className="ScheduleSelector__GridCell-sc-1ke4ka2-2 jYuAgG rgdp__grid-cell"
      onMouseDown={[Function]}
      onMouseEnter={[Function]}
      onMouseUp={[Function]}
      onTouchEnd={[Function]}
      onTouchMove={[Function]}
      onTouchStart={[Function]}
      role="presentation"
    >
      <div
        className="ScheduleSelector__DateCell-sc-1ke4ka2-3 bWyBKJ"
        selected={false}
      />
    </div>
    <div
      className="ScheduleSelector__GridCell-sc-1ke4ka2-2 jYuAgG rgdp__grid-cell"
      onMouseDown={[Function]}
      onMouseEnter={[Function]}
      onMouseUp={[Function]}
      onTouchEnd={[Function]}
      onTouchMove={[Function]}
      onTouchStart={[Function]}
      role="presentation"
    >
      <div
        className="ScheduleSelector__DateCell-sc-1ke4ka2-3 bWyBKJ"
        selected={false}
      />
    </div>
    <div
      className="ScheduleSelector__GridCell-sc-1ke4ka2-2 jYuAgG rgdp__grid-cell"
      onMouseDown={[Function]}
      onMouseEnter={[Function]}
      onMouseUp={[Function]}
      onTouchEnd={[Function]}
      onTouchMove={[Function]}
      onTouchStart={[Function]}
      role="presentation"
    >
      <div
        className="ScheduleSelector__DateCell-sc-1ke4ka2-3 bWyBKJ"
        selected={false}
      />
    </div>
    <p
      className="ScheduleSelector__TimeText-sc-1ke4ka2-5 gleIWg css-yqt42a"
    >
      12PM
    </p>
    <div
      className="ScheduleSelector__GridCell-sc-1ke4ka2-2 jYuAgG rgdp__grid-cell"
      onMouseDown={[Function]}
      onMouseEnter={[Function]}
      onMouseUp={[Function]}
      onTouchEnd={[Function]}
      onTouchMove={[Function]}
      onTouchStart={[Function]}
      role="presentation"
    >
      <div
        className="ScheduleSelector__DateCell-sc-1ke4ka2-3 bWyBKJ"
        selected={false}
      />
    </div>
    <div
      className="ScheduleSelector__GridCell-sc-1ke4ka2-2 jYuAgG rgdp__grid-cell"
      onMouseDown={[Function]}
      onMouseEnter={[Function]}
      onMouseUp={[Function]}
      onTouchEnd={[Function]}
      onTouchMove={[Function]}
      onTouchStart={[Function]}
      role="presentation"
    >
      <div
        className="ScheduleSelector__DateCell-sc-1ke4ka2-3 bWyBKJ"
        selected={false}
      />
    </div>
    <div
      className="ScheduleSelector__GridCell-sc-1ke4ka2-2 jYuAgG rgdp__grid-cell"
      onMouseDown={[Function]}
      onMouseEnter={[Function]}
      onMouseUp={[Function]}
      onTouchEnd={[Function]}
      onTouchMove={[Function]}
      onTouchStart={[Function]}
      role="presentation"
    >
      <div
        className="ScheduleSelector__DateCell-sc-1ke4ka2-3 bWyBKJ"
        selected={false}
      />
    </div>
    <div
      className="ScheduleSelector__GridCell-sc-1ke4ka2-2 jYuAgG rgdp__grid-cell"
      onMouseDown={[Function]}
      onMouseEnter={[Function]}
      onMouseUp={[Function]}
      onTouchEnd={[Function]}
      onTouchMove={[Function]}
      onTouchStart={[Function]}
      role="presentation"
    >
      <div
        className="ScheduleSelector__DateCell-sc-1ke4ka2-3 bWyBKJ"
        selected={false}
      />
    </div>
    <div
      className="ScheduleSelector__GridCell-sc-1ke4ka2-2 jYuAgG rgdp__grid-cell"
      onMouseDown={[Function]}
      onMouseEnter={[Function]}
      onMouseUp={[Function]}
      onTouchEnd={[Function]}
      onTouchMove={[Function]}
      onTouchStart={[Function]}
      role="presentation"
    >
      <div
        className="ScheduleSelector__DateCell-sc-1ke4ka2-3 bWyBKJ"
        selected={false}
      />
    </div>
    <p
      className="ScheduleSelector__TimeText-sc-1ke4ka2-5 gleIWg css-yqt42a"
    >
      1PM
    </p>
    <div
      className="ScheduleSelector__GridCell-sc-1ke4ka2-2 jYuAgG rgdp__grid-cell"
      onMouseDown={[Function]}
      onMouseEnter={[Function]}
      onMouseUp={[Function]}
      onTouchEnd={[Function]}
      onTouchMove={[Function]}
      onTouchStart={[Function]}
      role="presentation"
    >
      <div
        className="ScheduleSelector__DateCell-sc-1ke4ka2-3 bWyBKJ"
        selected={false}
      />
    </div>
    <div
      className="ScheduleSelector__GridCell-sc-1ke4ka2-2 jYuAgG rgdp__grid-cell"
      onMouseDown={[Function]}
      onMouseEnter={[Function]}
      onMouseUp={[Function]}
      onTouchEnd={[Function]}
      onTouchMove={[Function]}
      onTouchStart={[Function]}
      role="presentation"
    >
      <div
        className="ScheduleSelector__DateCell-sc-1ke4ka2-3 bWyBKJ"
        selected={false}
      />
    </div>
    <div
      className="ScheduleSelector__GridCell-sc-1ke4ka2-2 jYuAgG rgdp__grid-cell"
      onMouseDown={[Function]}
      onMouseEnter={[Function]}
      onMouseUp={[Function]}
      onTouchEnd={[Function]}
      onTouchMove={[Function]}
      onTouchStart={[Function]}
      role="presentation"
    >
      <div
        className="ScheduleSelector__DateCell-sc-1ke4ka2-3 bWyBKJ"
        selected={false}
      />
    </div>
    <div
      className="ScheduleSelector__GridCell-sc-1ke4ka2-2 jYuAgG rgdp__grid-cell"
      onMouseDown={[Function]}
      onMouseEnter={[Function]}
      onMouseUp={[Function]}
      onTouchEnd={[Function]}
      onTouchMove={[Function]}
      onTouchStart={[Function]}
      role="presentation"
    >
      <div
        className="ScheduleSelector__DateCell-sc-1ke4ka2-3 bWyBKJ"
        selected={false}
      />
    </div>
    <div
      className="ScheduleSelector__GridCell-sc-1ke4ka2-2 jYuAgG rgdp__grid-cell"
      onMouseDown={[Function]}
      onMouseEnter={[Function]}
      onMouseUp={[Function]}
      onTouchEnd={[Function]}
      onTouchMove={[Function]}
      onTouchStart={[Function]}
      role="presentation"
    >
      <div
        className="ScheduleSelector__DateCell-sc-1ke4ka2-3 bWyBKJ"
        selected={false}
      />
    </div>
    <p
      className="ScheduleSelector__TimeText-sc-1ke4ka2-5 gleIWg css-yqt42a"
    >
      2PM
    </p>
    <div
      className="ScheduleSelector__GridCell-sc-1ke4ka2-2 jYuAgG rgdp__grid-cell"
      onMouseDown={[Function]}
      onMouseEnter={[Function]}
      onMouseUp={[Function]}
      onTouchEnd={[Function]}
      onTouchMove={[Function]}
      onTouchStart={[Function]}
      role="presentation"
    >
      <div
        className="ScheduleSelector__DateCell-sc-1ke4ka2-3 bWyBKJ"
        selected={false}
      />
    </div>
    <div
      className="ScheduleSelector__GridCell-sc-1ke4ka2-2 jYuAgG rgdp__grid-cell"
      onMouseDown={[Function]}
      onMouseEnter={[Function]}
      onMouseUp={[Function]}
      onTouchEnd={[Function]}
      onTouchMove={[Function]}
      onTouchStart={[Function]}
      role="presentation"
    >
      <div
        className="ScheduleSelector__DateCell-sc-1ke4ka2-3 bWyBKJ"
        selected={false}
      />
    </div>
    <div
      className="ScheduleSelector__GridCell-sc-1ke4ka2-2 jYuAgG rgdp__grid-cell"
      onMouseDown={[Function]}
      onMouseEnter={[Function]}
      onMouseUp={[Function]}
      onTouchEnd={[Function]}
      onTouchMove={[Function]}
      onTouchStart={[Function]}
      role="presentation"
    >
      <div
        className="ScheduleSelector__DateCell-sc-1ke4ka2-3 bWyBKJ"
        selected={false}
      />
    </div>
    <div
      className="ScheduleSelector__GridCell-sc-1ke4ka2-2 jYuAgG rgdp__grid-cell"
      onMouseDown={[Function]}
      onMouseEnter={[Function]}
      onMouseUp={[Function]}
      onTouchEnd={[Function]}
      onTouchMove={[Function]}
      onTouchStart={[Function]}
      role="presentation"
    >
      <div
        className="ScheduleSelector__DateCell-sc-1ke4ka2-3 bWyBKJ"
        selected={false}
      />
    </div>
    <div
      className="ScheduleSelector__GridCell-sc-1ke4ka2-2 jYuAgG rgdp__grid-cell"
      onMouseDown={[Function]}
      onMouseEnter={[Function]}
      onMouseUp={[Function]}
      onTouchEnd={[Function]}
      onTouchMove={[Function]}
      onTouchStart={[Function]}
      role="presentation"
    >
      <div
        className="ScheduleSelector__DateCell-sc-1ke4ka2-3 bWyBKJ"
        selected={false}
      />
    </div>
    <p
      className="ScheduleSelector__TimeText-sc-1ke4ka2-5 gleIWg css-yqt42a"
    >
      3PM
    </p>
    <div
      className="ScheduleSelector__GridCell-sc-1ke4ka2-2 jYuAgG rgdp__grid-cell"
      onMouseDown={[Function]}
      onMouseEnter={[Function]}
      onMouseUp={[Function]}
      onTouchEnd={[Function]}
      onTouchMove={[Function]}
      onTouchStart={[Function]}
      role="presentation"
    >
      <div
        className="ScheduleSelector__DateCell-sc-1ke4ka2-3 bWyBKJ"
        selected={false}
      />
    </div>
    <div
      className="ScheduleSelector__GridCell-sc-1ke4ka2-2 jYuAgG rgdp__grid-cell"
      onMouseDown={[Function]}
      onMouseEnter={[Function]}
      onMouseUp={[Function]}
      onTouchEnd={[Function]}
      onTouchMove={[Function]}
      onTouchStart={[Function]}
      role="presentation"
    >
      <div
        className="ScheduleSelector__DateCell-sc-1ke4ka2-3 bWyBKJ"
        selected={false}
      />
    </div>
    <div
      className="ScheduleSelector__GridCell-sc-1ke4ka2-2 jYuAgG rgdp__grid-cell"
      onMouseDown={[Function]}
      onMouseEnter={[Function]}
      onMouseUp={[Function]}
      onTouchEnd={[Function]}
      onTouchMove={[Function]}
      onTouchStart={[Function]}
      role="presentation"
    >
      <div
        className="ScheduleSelector__DateCell-sc-1ke4ka2-3 bWyBKJ"
        selected={false}
      />
    </div>
    <div
      className="ScheduleSelector__GridCell-sc-1ke4ka2-2 jYuAgG rgdp__grid-cell"
      onMouseDown={[Function]}
      onMouseEnter={[Function]}
      onMouseUp={[Function]}
      onTouchEnd={[Function]}
      onTouchMove={[Function]}
      onTouchStart={[Function]}
      role="presentation"
    >
      <div
        className="ScheduleSelector__DateCell-sc-1ke4ka2-3 bWyBKJ"
        selected={false}
      />
    </div>
    <div
      className="ScheduleSelector__GridCell-sc-1ke4ka2-2 jYuAgG rgdp__grid-cell"
      onMouseDown={[Function]}
      onMouseEnter={[Function]}
      onMouseUp={[Function]}
      onTouchEnd={[Function]}
      onTouchMove={[Function]}
      onTouchStart={[Function]}
      role="presentation"
    >
      <div
        className="ScheduleSelector__DateCell-sc-1ke4ka2-3 bWyBKJ"
        selected={false}
      />
    </div>
    <p
      className="ScheduleSelector__TimeText-sc-1ke4ka2-5 gleIWg css-yqt42a"
    >
      4PM
    </p>
    <div
      className="ScheduleSelector__GridCell-sc-1ke4ka2-2 jYuAgG rgdp__grid-cell"
      onMouseDown={[Function]}
      onMouseEnter={[Function]}
      onMouseUp={[Function]}
      onTouchEnd={[Function]}
      onTouchMove={[Function]}
      onTouchStart={[Function]}
      role="presentation"
    >
      <div
        className="ScheduleSelector__DateCell-sc-1ke4ka2-3 bWyBKJ"
        selected={false}
      />
    </div>
    <div
      className="ScheduleSelector__GridCell-sc-1ke4ka2-2 jYuAgG rgdp__grid-cell"
      onMouseDown={[Function]}
      onMouseEnter={[Function]}
      onMouseUp={[Function]}
      onTouchEnd={[Function]}
      onTouchMove={[Function]}
      onTouchStart={[Function]}
      role="presentation"
    >
      <div
        className="ScheduleSelector__DateCell-sc-1ke4ka2-3 bWyBKJ"
        selected={false}
      />
    </div>
    <div
      className="ScheduleSelector__GridCell-sc-1ke4ka2-2 jYuAgG rgdp__grid-cell"
      onMouseDown={[Function]}
      onMouseEnter={[Function]}
      onMouseUp={[Function]}
      onTouchEnd={[Function]}
      onTouchMove={[Function]}
      onTouchStart={[Function]}
      role="presentation"
    >
      <div
        className="ScheduleSelector__DateCell-sc-1ke4ka2-3 bWyBKJ"
        selected={false}
      />
    </div>
    <div
      className="ScheduleSelector__GridCell-sc-1ke4ka2-2 jYuAgG rgdp__grid-cell"
      onMouseDown={[Function]}
      onMouseEnter={[Function]}
      onMouseUp={[Function]}
      onTouchEnd={[Function]}
      onTouchMove={[Function]}
      onTouchStart={[Function]}
      role="presentation"
    >
      <div
        className="ScheduleSelector__DateCell-sc-1ke4ka2-3 bWyBKJ"
        selected={false}
      />
    </div>
    <div
      className="ScheduleSelector__GridCell-sc-1ke4ka2-2 jYuAgG rgdp__grid-cell"
      onMouseDown={[Function]}
      onMouseEnter={[Function]}
      onMouseUp={[Function]}
      onTouchEnd={[Function]}
      onTouchMove={[Function]}
      onTouchStart={[Function]}
      role="presentation"
    >
      <div
        className="ScheduleSelector__DateCell-sc-1ke4ka2-3 bWyBKJ"
        selected={false}
      />
    </div>
    <p
      className="ScheduleSelector__TimeText-sc-1ke4ka2-5 gleIWg css-yqt42a"
    >
      5PM
    </p>
    <div
      className="ScheduleSelector__GridCell-sc-1ke4ka2-2 jYuAgG rgdp__grid-cell"
      onMouseDown={[Function]}
      onMouseEnter={[Function]}
      onMouseUp={[Function]}
      onTouchEnd={[Function]}
      onTouchMove={[Function]}
      onTouchStart={[Function]}
      role="presentation"
    >
      <div
        className="ScheduleSelector__DateCell-sc-1ke4ka2-3 bWyBKJ"
        selected={false}
      />
    </div>
    <div
      className="ScheduleSelector__GridCell-sc-1ke4ka2-2 jYuAgG rgdp__grid-cell"
      onMouseDown={[Function]}
      onMouseEnter={[Function]}
      onMouseUp={[Function]}
      onTouchEnd={[Function]}
      onTouchMove={[Function]}
      onTouchStart={[Function]}
      role="presentation"
    >
      <div
        className="ScheduleSelector__DateCell-sc-1ke4ka2-3 bWyBKJ"
        selected={false}
      />
    </div>
    <div
      className="ScheduleSelector__GridCell-sc-1ke4ka2-2 jYuAgG rgdp__grid-cell"
      onMouseDown={[Function]}
      onMouseEnter={[Function]}
      onMouseUp={[Function]}
      onTouchEnd={[Function]}
      onTouchMove={[Function]}
      onTouchStart={[Function]}
      role="presentation"
    >
      <div
        className="ScheduleSelector__DateCell-sc-1ke4ka2-3 bWyBKJ"
        selected={false}
      />
    </div>
    <div
      className="ScheduleSelector__GridCell-sc-1ke4ka2-2 jYuAgG rgdp__grid-cell"
      onMouseDown={[Function]}
      onMouseEnter={[Function]}
      onMouseUp={[Function]}
      onTouchEnd={[Function]}
      onTouchMove={[Function]}
      onTouchStart={[Function]}
      role="presentation"
    >
      <div
        className="ScheduleSelector__DateCell-sc-1ke4ka2-3 bWyBKJ"
        selected={false}
      />
    </div>
    <div
      className="ScheduleSelector__GridCell-sc-1ke4ka2-2 jYuAgG rgdp__grid-cell"
      onMouseDown={[Function]}
      onMouseEnter={[Function]}
      onMouseUp={[Function]}
      onTouchEnd={[Function]}
      onTouchMove={[Function]}
      onTouchStart={[Function]}
      role="presentation"
    >
      <div
        className="ScheduleSelector__DateCell-sc-1ke4ka2-3 bWyBKJ"
        selected={false}
      />
    </div>
    <p
      className="ScheduleSelector__TimeText-sc-1ke4ka2-5 gleIWg css-yqt42a"
    >
      6PM
    </p>
    <div
      className="ScheduleSelector__GridCell-sc-1ke4ka2-2 jYuAgG rgdp__grid-cell"
      onMouseDown={[Function]}
      onMouseEnter={[Function]}
      onMouseUp={[Function]}
      onTouchEnd={[Function]}
      onTouchMove={[Function]}
      onTouchStart={[Function]}
      role="presentation"
    >
      <div
        className="ScheduleSelector__DateCell-sc-1ke4ka2-3 bWyBKJ"
        selected={false}
      />
    </div>
    <div
      className="ScheduleSelector__GridCell-sc-1ke4ka2-2 jYuAgG rgdp__grid-cell"
      onMouseDown={[Function]}
      onMouseEnter={[Function]}
      onMouseUp={[Function]}
      onTouchEnd={[Function]}
      onTouchMove={[Function]}
      onTouchStart={[Function]}
      role="presentation"
    >
      <div
        className="ScheduleSelector__DateCell-sc-1ke4ka2-3 bWyBKJ"
        selected={false}
      />
    </div>
    <div
      className="ScheduleSelector__GridCell-sc-1ke4ka2-2 jYuAgG rgdp__grid-cell"
      onMouseDown={[Function]}
      onMouseEnter={[Function]}
      onMouseUp={[Function]}
      onTouchEnd={[Function]}
      onTouchMove={[Function]}
      onTouchStart={[Function]}
      role="presentation"
    >
      <div
        className="ScheduleSelector__DateCell-sc-1ke4ka2-3 bWyBKJ"
        selected={false}
      />
    </div>
    <div
      className="ScheduleSelector__GridCell-sc-1ke4ka2-2 jYuAgG rgdp__grid-cell"
      onMouseDown={[Function]}
      onMouseEnter={[Function]}
      onMouseUp={[Function]}
      onTouchEnd={[Function]}
      onTouchMove={[Function]}
      onTouchStart={[Function]}
      role="presentation"
    >
      <div
        className="ScheduleSelector__DateCell-sc-1ke4ka2-3 bWyBKJ"
        selected={false}
      />
    </div>
    <div
      className="ScheduleSelector__GridCell-sc-1ke4ka2-2 jYuAgG rgdp__grid-cell"
      onMouseDown={[Function]}
      onMouseEnter={[Function]}
      onMouseUp={[Function]}
      onTouchEnd={[Function]}
      onTouchMove={[Function]}
      onTouchStart={[Function]}
      role="presentation"
    >
      <div
        className="ScheduleSelector__DateCell-sc-1ke4ka2-3 bWyBKJ"
        selected={false}
      />
    </div>
    <p
      className="ScheduleSelector__TimeText-sc-1ke4ka2-5 gleIWg css-yqt42a"
    >
      7PM
    </p>
    <div
      className="ScheduleSelector__GridCell-sc-1ke4ka2-2 jYuAgG rgdp__grid-cell"
      onMouseDown={[Function]}
      onMouseEnter={[Function]}
      onMouseUp={[Function]}
      onTouchEnd={[Function]}
      onTouchMove={[Function]}
      onTouchStart={[Function]}
      role="presentation"
    >
      <div
        className="ScheduleSelector__DateCell-sc-1ke4ka2-3 bWyBKJ"
        selected={false}
      />
    </div>
    <div
      className="ScheduleSelector__GridCell-sc-1ke4ka2-2 jYuAgG rgdp__grid-cell"
      onMouseDown={[Function]}
      onMouseEnter={[Function]}
      onMouseUp={[Function]}
      onTouchEnd={[Function]}
      onTouchMove={[Function]}
      onTouchStart={[Function]}
      role="presentation"
    >
      <div
        className="ScheduleSelector__DateCell-sc-1ke4ka2-3 bWyBKJ"
        selected={false}
      />
    </div>
    <div
      className="ScheduleSelector__GridCell-sc-1ke4ka2-2 jYuAgG rgdp__grid-cell"
      onMouseDown={[Function]}
      onMouseEnter={[Function]}
      onMouseUp={[Function]}
      onTouchEnd={[Function]}
      onTouchMove={[Function]}
      onTouchStart={[Function]}
      role="presentation"
    >
      <div
        className="ScheduleSelector__DateCell-sc-1ke4ka2-3 bWyBKJ"
        selected={false}
      />
    </div>
    <div
      className="ScheduleSelector__GridCell-sc-1ke4ka2-2 jYuAgG rgdp__grid-cell"
      onMouseDown={[Function]}
      onMouseEnter={[Function]}
      onMouseUp={[Function]}
      onTouchEnd={[Function]}
      onTouchMove={[Function]}
      onTouchStart={[Function]}
      role="presentation"
    >
      <div
        className="ScheduleSelector__DateCell-sc-1ke4ka2-3 bWyBKJ"
        selected={false}
      />
    </div>
    <div
      className="ScheduleSelector__GridCell-sc-1ke4ka2-2 jYuAgG rgdp__grid-cell"
      onMouseDown={[Function]}
      onMouseEnter={[Function]}
      onMouseUp={[Function]}
      onTouchEnd={[Function]}
      onTouchMove={[Function]}
      onTouchStart={[Function]}
      role="presentation"
    >
      <div
        className="ScheduleSelector__DateCell-sc-1ke4ka2-3 bWyBKJ"
        selected={false}
      />
    </div>
    <p
      className="ScheduleSelector__TimeText-sc-1ke4ka2-5 gleIWg css-yqt42a"
    >
      8PM
    </p>
    <div
      className="ScheduleSelector__GridCell-sc-1ke4ka2-2 jYuAgG rgdp__grid-cell"
      onMouseDown={[Function]}
      onMouseEnter={[Function]}
      onMouseUp={[Function]}
      onTouchEnd={[Function]}
      onTouchMove={[Function]}
      onTouchStart={[Function]}
      role="presentation"
    >
      <div
        className="ScheduleSelector__DateCell-sc-1ke4ka2-3 bWyBKJ"
        selected={false}
      />
    </div>
    <div
      className="ScheduleSelector__GridCell-sc-1ke4ka2-2 jYuAgG rgdp__grid-cell"
      onMouseDown={[Function]}
      onMouseEnter={[Function]}
      onMouseUp={[Function]}
      onTouchEnd={[Function]}
      onTouchMove={[Function]}
      onTouchStart={[Function]}
      role="presentation"
    >
      <div
        className="ScheduleSelector__DateCell-sc-1ke4ka2-3 bWyBKJ"
        selected={false}
      />
    </div>
    <div
      className="ScheduleSelector__GridCell-sc-1ke4ka2-2 jYuAgG rgdp__grid-cell"
      onMouseDown={[Function]}
      onMouseEnter={[Function]}
      onMouseUp={[Function]}
      onTouchEnd={[Function]}
      onTouchMove={[Function]}
      onTouchStart={[Function]}
      role="presentation"
    >
      <div
        className="ScheduleSelector__DateCell-sc-1ke4ka2-3 bWyBKJ"
        selected={false}
      />
    </div>
    <div
      className="ScheduleSelector__GridCell-sc-1ke4ka2-2 jYuAgG rgdp__grid-cell"
      onMouseDown={[Function]}
      onMouseEnter={[Function]}
      onMouseUp={[Function]}
      onTouchEnd={[Function]}
      onTouchMove={[Function]}
      onTouchStart={[Function]}
      role="presentation"
    >
      <div
        className="ScheduleSelector__DateCell-sc-1ke4ka2-3 bWyBKJ"
        selected={false}
      />
    </div>
    <div
      className="ScheduleSelector__GridCell-sc-1ke4ka2-2 jYuAgG rgdp__grid-cell"
      onMouseDown={[Function]}
      onMouseEnter={[Function]}
      onMouseUp={[Function]}
      onTouchEnd={[Function]}
      onTouchMove={[Function]}
      onTouchStart={[Function]}
      role="presentation"
    >
      <div
        className="ScheduleSelector__DateCell-sc-1ke4ka2-3 bWyBKJ"
        selected={false}
      />
    </div>
    <p
      className="ScheduleSelector__TimeText-sc-1ke4ka2-5 gleIWg css-yqt42a"
    >
      9PM
    </p>
    <div
      className="ScheduleSelector__GridCell-sc-1ke4ka2-2 jYuAgG rgdp__grid-cell"
      onMouseDown={[Function]}
      onMouseEnter={[Function]}
      onMouseUp={[Function]}
      onTouchEnd={[Function]}
      onTouchMove={[Function]}
      onTouchStart={[Function]}
      role="presentation"
    >
      <div
        className="ScheduleSelector__DateCell-sc-1ke4ka2-3 bWyBKJ"
        selected={false}
      />
    </div>
    <div
      className="ScheduleSelector__GridCell-sc-1ke4ka2-2 jYuAgG rgdp__grid-cell"
      onMouseDown={[Function]}
      onMouseEnter={[Function]}
      onMouseUp={[Function]}
      onTouchEnd={[Function]}
      onTouchMove={[Function]}
      onTouchStart={[Function]}
      role="presentation"
    >
      <div
        className="ScheduleSelector__DateCell-sc-1ke4ka2-3 bWyBKJ"
        selected={false}
      />
    </div>
    <div
      className="ScheduleSelector__GridCell-sc-1ke4ka2-2 jYuAgG rgdp__grid-cell"
      onMouseDown={[Function]}
      onMouseEnter={[Function]}
      onMouseUp={[Function]}
      onTouchEnd={[Function]}
      onTouchMove={[Function]}
      onTouchStart={[Function]}
      role="presentation"
    >
      <div
        className="ScheduleSelector__DateCell-sc-1ke4ka2-3 bWyBKJ"
        selected={false}
      />
    </div>
    <div
      className="ScheduleSelector__GridCell-sc-1ke4ka2-2 jYuAgG rgdp__grid-cell"
      onMouseDown={[Function]}
      onMouseEnter={[Function]}
      onMouseUp={[Function]}
      onTouchEnd={[Function]}
      onTouchMove={[Function]}
      onTouchStart={[Function]}
      role="presentation"
    >
      <div
        className="ScheduleSelector__DateCell-sc-1ke4ka2-3 bWyBKJ"
        selected={false}
      />
    </div>
    <div
      className="ScheduleSelector__GridCell-sc-1ke4ka2-2 jYuAgG rgdp__grid-cell"
      onMouseDown={[Function]}
      onMouseEnter={[Function]}
      onMouseUp={[Function]}
      onTouchEnd={[Function]}
      onTouchMove={[Function]}
      onTouchStart={[Function]}
      role="presentation"
    >
      <div
        className="ScheduleSelector__DateCell-sc-1ke4ka2-3 bWyBKJ"
        selected={false}
      />
    </div>
    <p
      className="ScheduleSelector__TimeText-sc-1ke4ka2-5 gleIWg css-yqt42a"
    >
      10PM
    </p>
    <div
      className="ScheduleSelector__GridCell-sc-1ke4ka2-2 jYuAgG rgdp__grid-cell"
      onMouseDown={[Function]}
      onMouseEnter={[Function]}
      onMouseUp={[Function]}
      onTouchEnd={[Function]}
      onTouchMove={[Function]}
      onTouchStart={[Function]}
      role="presentation"
    >
      <div
        className="ScheduleSelector__DateCell-sc-1ke4ka2-3 bWyBKJ"
        selected={false}
      />
    </div>
    <div
      className="ScheduleSelector__GridCell-sc-1ke4ka2-2 jYuAgG rgdp__grid-cell"
      onMouseDown={[Function]}
      onMouseEnter={[Function]}
      onMouseUp={[Function]}
      onTouchEnd={[Function]}
      onTouchMove={[Function]}
      onTouchStart={[Function]}
      role="presentation"
    >
      <div
        className="ScheduleSelector__DateCell-sc-1ke4ka2-3 bWyBKJ"
        selected={false}
      />
    </div>
    <div
      className="ScheduleSelector__GridCell-sc-1ke4ka2-2 jYuAgG rgdp__grid-cell"
      onMouseDown={[Function]}
      onMouseEnter={[Function]}
      onMouseUp={[Function]}
      onTouchEnd={[Function]}
      onTouchMove={[Function]}
      onTouchStart={[Function]}
      role="presentation"
    >
      <div
        className="ScheduleSelector__DateCell-sc-1ke4ka2-3 bWyBKJ"
        selected={false}
      />
    </div>
    <div
      className="ScheduleSelector__GridCell-sc-1ke4ka2-2 jYuAgG rgdp__grid-cell"
      onMouseDown={[Function]}
      onMouseEnter={[Function]}
      onMouseUp={[Function]}
      onTouchEnd={[Function]}
      onTouchMove={[Function]}
      onTouchStart={[Function]}
      role="presentation"
    >
      <div
        className="ScheduleSelector__DateCell-sc-1ke4ka2-3 bWyBKJ"
        selected={false}
      />
    </div>
    <div
      className="ScheduleSelector__GridCell-sc-1ke4ka2-2 jYuAgG rgdp__grid-cell"
      onMouseDown={[Function]}
      onMouseEnter={[Function]}
      onMouseUp={[Function]}
      onTouchEnd={[Function]}
      onTouchMove={[Function]}
      onTouchStart={[Function]}
      role="presentation"
    >
      <div
        className="ScheduleSelector__DateCell-sc-1ke4ka2-3 bWyBKJ"
        selected={false}
      />
    </div>
  </div>
</div>
`;
